running egg_info
creating ../../build/keyboard/keyboard.egg-info
writing ../../build/keyboard/keyboard.egg-info/PKG-INFO
writing dependency_links to ../../build/keyboard/keyboard.egg-info/dependency_links.txt
writing entry points to ../../build/keyboard/keyboard.egg-info/entry_points.txt
writing requirements to ../../build/keyboard/keyboard.egg-info/requires.txt
writing top-level names to ../../build/keyboard/keyboard.egg-info/top_level.txt
writing manifest file '../../build/keyboard/keyboard.egg-info/SOURCES.txt'
reading manifest file '../../build/keyboard/keyboard.egg-info/SOURCES.txt'
writing manifest file '../../build/keyboard/keyboard.egg-info/SOURCES.txt'
running build
running build_py
creating /home/grumpy/dd2419_ws_Group5_2026/build/keyboard/build/lib/keyboard
copying keyboard/__init__.py -> /home/grumpy/dd2419_ws_Group5_2026/build/keyboard/build/lib/keyboard
copying keyboard/keyboard_node.py -> /home/grumpy/dd2419_ws_Group5_2026/build/keyboard/build/lib/keyboard
running install
/home/grumpy/dd2419_ws_Group5_2026/.pixi/envs/default/lib/python3.12/site-packages/setuptools/_distutils/cmd.py:90: SetuptoolsDeprecationWarning: setup.py install is deprecated.
!!

        ********************************************************************************
        Please avoid running ``setup.py`` directly.
        Instead, use pypa/build, pypa/installer or other
        standards-based tools.

        See https://blog.ganssle.io/articles/2021/10/setup-py-deprecated.html for details.
        ********************************************************************************

!!
  self.initialize_options()
running install_lib
creating /home/grumpy/dd2419_ws_Group5_2026/install/keyboard/lib/python3.12/site-packages/keyboard
copying /home/grumpy/dd2419_ws_Group5_2026/build/keyboard/build/lib/keyboard/__init__.py -> /home/grumpy/dd2419_ws_Group5_2026/install/keyboard/lib/python3.12/site-packages/keyboard
copying /home/grumpy/dd2419_ws_Group5_2026/build/keyboard/build/lib/keyboard/keyboard_node.py -> /home/grumpy/dd2419_ws_Group5_2026/install/keyboard/lib/python3.12/site-packages/keyboard
byte-compiling /home/grumpy/dd2419_ws_Group5_2026/install/keyboard/lib/python3.12/site-packages/keyboard/__init__.py to __init__.cpython-312.pyc
byte-compiling /home/grumpy/dd2419_ws_Group5_2026/install/keyboard/lib/python3.12/site-packages/keyboard/keyboard_node.py to keyboard_node.cpython-312.pyc
  File "/home/grumpy/dd2419_ws_Group5_2026/install/keyboard/lib/python3.12/site-packages/keyboard/keyboard_node.py", line 8
    def__init__(self):
                     ^
SyntaxError: invalid syntax

running install_data
creating /home/grumpy/dd2419_ws_Group5_2026/install/keyboard/share/ament_index/resource_index/packages
copying resource/keyboard -> /home/grumpy/dd2419_ws_Group5_2026/install/keyboard/share/ament_index/resource_index/packages
copying package.xml -> /home/grumpy/dd2419_ws_Group5_2026/install/keyboard/share/keyboard
running install_egg_info
Copying ../../build/keyboard/keyboard.egg-info to /home/grumpy/dd2419_ws_Group5_2026/install/keyboard/lib/python3.12/site-packages/keyboard-0.0.0-py3.12.egg-info
running install_scripts
Installing keyboard script to /home/grumpy/dd2419_ws_Group5_2026/install/keyboard/lib/keyboard
writing list of installed files to '/home/grumpy/dd2419_ws_Group5_2026/build/keyboard/install.log'
