[0.209s] Invoking command in '/home/grumpy/dd2419_ws_Group5_2026/build/robp_interfaces': CMAKE_PREFIX_PATH=/home/grumpy/dd2419_ws_Group5_2026/.pixi/envs/default DEBUGINFOD_URLS=https://debuginfod.ubuntu.com PIXI_PROMPT=(dd2419_ws) /home/grumpy/dd2419_ws_Group5_2026/.pixi/envs/default/bin/cmake /home/grumpy/dd2419_ws_Group5_2026/src/robp_interfaces -DCMAKE_INSTALL_PREFIX=/home/grumpy/dd2419_ws_Group5_2026/install/robp_interfaces
[0.253s] [0mCMake Deprecation Warning at CMakeLists.txt:1 (cmake_minimum_required):
[0.253s]   Compatibility with CMake < 3.10 will be removed from a future version of
[0.253s]   CMake.
[0.253s] 
[0.253s]   Update the VERSION argument <min> value.  Or, use the <min>...<max> syntax
[0.253s]   to tell CMake that the project requires at least <min> but has been updated
[0.253s]   to work with policies introduced by <max> or earlier.
[0.253s] 
[0.253s] [0m
[0.269s] -- Found ament_cmake: 2.5.4 (/home/grumpy/dd2419_ws_Group5_2026/.pixi/envs/default/share/ament_cmake/cmake)
[0.927s] [31mCMake Error at CMakeLists.txt:10 (find_package):
[0.927s]   By not providing "Findrosidl_default_generators.cmake" in CMAKE_MODULE_PATH
[0.927s]   this project has asked CMake to find a package configuration file provided
[0.927s]   by "rosidl_default_generators", but CMake did not find one.
[0.927s] 
[0.928s]   Could not find a package configuration file provided by
[0.928s]   "rosidl_default_generators" with any of the following names:
[0.928s] 
[0.928s]     rosidl_default_generatorsConfig.cmake
[0.928s]     rosidl_default_generators-config.cmake
[0.928s] 
[0.928s]   Add the installation prefix of "rosidl_default_generators" to
[0.928s]   CMAKE_PREFIX_PATH or set "rosidl_default_generators_DIR" to a directory
[0.928s]   containing one of the above files.  If "rosidl_default_generators" provides
[0.928s]   a separate development package or SDK, be sure it has been installed.
[0.928s] 
[0.929s] [0m
[0.929s] -- Configuring incomplete, errors occurred!
