[0.386s] Invoking command in '/home/grumpy/dd2419_ws_Group5_2026/build/libphidget22': CMAKE_PREFIX_PATH=/home/grumpy/dd2419_ws_Group5_2026/.pixi/envs/default DEBUGINFOD_URLS=https://debuginfod.ubuntu.com PIXI_PROMPT=(dd2419_ws) /home/grumpy/dd2419_ws_Group5_2026/.pixi/envs/default/bin/cmake --build /home/grumpy/dd2419_ws_Group5_2026/build/libphidget22 -- -j8 -l8
[0.479s] [ 12%] [1m[34mCreating directories for 'EP_libphidget22'[0m
[0.509s] [ 25%] [1m[34mPerforming download step (download, verify and extract) for 'EP_libphidget22'[0m
[0.517s] -- Downloading...
[0.517s]    dst='/home/grumpy/dd2419_ws_Group5_2026/build/libphidget22/EP_libphidget22-prefix/src/libphidget22-1.19.20240304.tar.gz'
[0.517s]    timeout='none'
[0.517s]    inactivity timeout='none'
[0.517s] -- Using src='https://www.phidgets.com/downloads/phidget22/libraries/linux/libphidget22/libphidget22-1.19.20240304.tar.gz'
[1.455s] -- [download 1% complete]
[1.455s] -- [download 2% complete]
[1.753s] -- [download 3% complete]
[1.753s] -- [download 5% complete]
[2.411s] -- [download 6% complete]
[2.693s] -- [download 7% complete]
[2.693s] -- [download 8% complete]
[2.909s] -- [download 9% complete]
[2.909s] -- [download 11% complete]
[3.158s] -- [download 12% complete]
[3.171s] -- [download 13% complete]
[3.176s] -- [download 14% complete]
[3.300s] -- [download 15% complete]
[3.343s] -- [download 16% complete]
[3.351s] -- [download 18% complete]
[3.515s] -- [download 19% complete]
[3.531s] -- [download 20% complete]
[3.531s] -- [download 21% complete]
[3.659s] -- [download 22% complete]
[3.700s] -- [download 23% complete]
[3.706s] -- [download 24% complete]
[3.834s] -- [download 25% complete]
[3.857s] -- [download 26% complete]
[3.876s] -- [download 28% complete]
[4.027s] -- [download 30% complete]
[4.046s] -- [download 31% complete]
[4.170s] -- [download 32% complete]
[4.198s] -- [download 33% complete]
[4.219s] -- [download 34% complete]
[4.329s] -- [download 35% complete]
[4.359s] -- [download 36% complete]
[4.388s] -- [download 37% complete]
[4.389s] -- [download 38% complete]
[4.504s] -- [download 39% complete]
[4.542s] -- [download 40% complete]
[4.553s] -- [download 41% complete]
[4.644s] -- [download 42% complete]
[4.686s] -- [download 43% complete]
[4.714s] -- [download 44% complete]
[4.740s] -- [download 45% complete]
[4.856s] -- [download 46% complete]
[4.874s] -- [download 47% complete]
[4.918s] -- [download 49% complete]
[5.029s] -- [download 50% complete]
[5.057s] -- [download 51% complete]
[5.089s] -- [download 52% complete]
[5.155s] -- [download 53% complete]
[5.229s] -- [download 54% complete]
[5.241s] -- [download 55% complete]
[5.330s] -- [download 56% complete]
[5.371s] -- [download 57% complete]
[5.399s] -- [download 58% complete]
[5.442s] -- [download 59% complete]
[5.535s] -- [download 60% complete]
[5.544s] -- [download 61% complete]
[5.615s] -- [download 62% complete]
[5.616s] -- [download 63% complete]
[5.718s] -- [download 64% complete]
[5.745s] -- [download 65% complete]
[5.746s] -- [download 66% complete]
[5.813s] -- [download 67% complete]
[5.881s] -- [download 68% complete]
[5.917s] -- [download 69% complete]
[5.967s] -- [download 70% complete]
[6.014s] -- [download 71% complete]
[6.060s] -- [download 72% complete]
[6.101s] -- [download 73% complete]
[6.163s] -- [download 74% complete]
[6.236s] -- [download 75% complete]
[6.251s] -- [download 76% complete]
[6.307s] -- [download 77% complete]
[6.333s] -- [download 78% complete]
[6.406s] -- [download 79% complete]
[6.436s] -- [download 80% complete]
[6.504s] -- [download 81% complete]
[6.524s] -- [download 82% complete]
[6.603s] -- [download 83% complete]
[6.611s] -- [download 84% complete]
[6.675s] -- [download 85% complete]
[6.743s] -- [download 86% complete]
[6.783s] -- [download 87% complete]
[6.824s] -- [download 88% complete]
[6.866s] -- [download 89% complete]
[6.919s] -- [download 90% complete]
[6.951s] -- [download 91% complete]
[7.160s] -- [download 92% complete]
[7.160s] -- [download 93% complete]
[7.160s] -- [download 95% complete]
[7.256s] -- [download 96% complete]
[7.276s] -- [download 97% complete]
[7.343s] -- [download 98% complete]
[7.378s] -- [download 99% complete]
[7.473s] -- [download 100% complete]
[7.473s] -- verifying file...
[7.473s]        file='/home/grumpy/dd2419_ws_Group5_2026/build/libphidget22/EP_libphidget22-prefix/src/libphidget22-1.19.20240304.tar.gz'
[7.483s] -- Downloading... done
[7.529s] -- extracting...
[7.529s]      src='/home/grumpy/dd2419_ws_Group5_2026/build/libphidget22/EP_libphidget22-prefix/src/libphidget22-1.19.20240304.tar.gz'
[7.530s]      dst='/home/grumpy/dd2419_ws_Group5_2026/build/libphidget22/libphidget22-src'
[7.530s] -- extracting... [tar xf]
[7.614s] -- extracting... [analysis]
[7.615s] -- extracting... [rename]
[7.615s] -- extracting... [clean up]
[7.616s] -- extracting... done
[7.647s] [ 37%] [1m[34mNo update step for 'EP_libphidget22'[0m
[7.684s] [ 50%] [1m[34mNo patch step for 'EP_libphidget22'[0m
[7.704s] [ 62%] [1m[34mPerforming configure step for 'EP_libphidget22'[0m
[8.056s] checking for a BSD-compatible install... /usr/bin/install -c
[8.065s] checking whether build environment is sane... yes
[8.093s] checking for a race-free mkdir -p... /usr/bin/mkdir -p
[8.093s] checking for gawk... no
[8.094s] checking for mawk... mawk
[8.132s] checking whether make sets $(MAKE)... yes
[8.140s] checking whether make supports nested variables... yes
[8.163s] checking whether make supports the include directive... yes (GNU style)
[8.164s] checking for gcc... gcc
[8.373s] checking whether the C compiler works... yes
[8.373s] checking for C compiler default output file name... a.out
[8.450s] checking for suffix of executables... 
[8.505s] checking whether we are cross compiling... no
[8.541s] checking for suffix of object files... o
[8.593s] checking whether the compiler supports GNU C... yes
[8.641s] checking whether gcc accepts -g... yes
[8.790s] checking for gcc option to enable C11 features... none needed
[8.875s] checking whether gcc understands -c and -o together... yes
[8.951s] checking dependency style of gcc... gcc3
[8.957s] checking for ar... ar
[9.005s] checking the archiver (ar) interface... ar
[9.139s] checking build system type... x86_64-pc-linux-gnu
[9.139s] checking host system type... x86_64-pc-linux-gnu
[9.150s] checking how to print strings... printf
[9.159s] checking for a sed that does not truncate output... /usr/bin/sed
[9.172s] checking for grep that handles long lines and -e... /usr/bin/grep
[9.175s] checking for egrep... /usr/bin/grep -E
[9.179s] checking for fgrep... /usr/bin/grep -F
[9.195s] checking for ld used by gcc... /usr/bin/ld
[9.200s] checking if the linker (/usr/bin/ld) is GNU ld... yes
[9.218s] checking for BSD- or MS-compatible name lister (nm)... /usr/bin/nm -B
[9.285s] checking the name lister (/usr/bin/nm -B) interface... BSD nm
[9.285s] checking whether ln -s works... yes
[9.298s] checking the maximum length of command line arguments... 1572864
[9.305s] checking how to convert x86_64-pc-linux-gnu file names to x86_64-pc-linux-gnu format... func_convert_file_noop
[9.305s] checking how to convert x86_64-pc-linux-gnu file names to toolchain format... func_convert_file_noop
[9.305s] checking for /usr/bin/ld option to reload object files... -r
[9.310s] checking for objdump... objdump
[9.310s] checking how to recognize dependent libraries... pass_all
[9.311s] checking for dlltool... no
[9.311s] checking how to associate runtime and link libraries... printf %s\n
[9.384s] checking for archiver @FILE support... @
[9.385s] checking for strip... strip
[9.387s] checking for ranlib... ranlib
[9.583s] checking command to parse /usr/bin/nm -B output from gcc object... ok
[9.591s] checking for sysroot... no
[9.607s] checking for a working dd... /usr/bin/dd
[9.621s] checking how to truncate binary pipes... /usr/bin/dd bs=4096 count=1
[9.678s] checking for mt... mt
[9.696s] checking if mt is a manifest tool... no
[9.755s] checking for stdio.h... yes
[9.828s] checking for stdlib.h... yes
[9.903s] checking for string.h... yes
[9.971s] checking for inttypes.h... yes
[10.050s] checking for stdint.h... yes
[10.126s] checking for strings.h... yes
[10.204s] checking for sys/stat.h... yes
[10.283s] checking for sys/types.h... yes
[10.375s] checking for unistd.h... yes
[10.446s] checking for dlfcn.h... yes
[10.450s] checking for objdir... .libs
[10.612s] checking if gcc supports -fno-rtti -fno-exceptions... no
[10.613s] checking for gcc option to produce PIC... -fPIC -DPIC
[10.661s] checking if gcc PIC flag -fPIC -DPIC works... yes
[10.856s] checking if gcc static flag -static works... yes
[10.923s] checking if gcc supports -c -o file.o... yes
[10.924s] checking if gcc supports -c -o file.o... (cached) yes
[10.965s] checking whether the gcc linker (/usr/bin/ld -m elf_x86_64) supports shared libraries... yes
[11.027s] checking whether -lc should be explicitly linked in... no
[11.167s] checking dynamic linker characteristics... GNU/Linux ld.so
[11.167s] checking how to hardcode library paths into programs... immediate
[11.175s] checking whether stripping libraries is possible... yes
[11.175s] checking if libtool supports shared libraries... yes
[11.175s] checking whether to build shared libraries... yes
[11.176s] checking whether to build static libraries... yes
[11.180s] checking whether make supports nested variables... (cached) yes
[11.377s] checking whether byte ordering is bigendian... no
[11.379s] checking for ldconfig... /sbin/ldconfig
[11.492s] checking for library containing dlopen... none required
[11.729s] checking for library containing sqrt... -lm
[11.829s] checking for library containing pthread_create... none required
[12.009s] configure: error: Missing libusb!
[12.009s] checking for library containing libusb_init... no
[12.099s] gmake[2]: *** [CMakeFiles/EP_libphidget22.dir/build.make:92: EP_libphidget22-prefix/src/EP_libphidget22-stamp/EP_libphidget22-configure] Error 1
[12.103s] gmake[1]: *** [CMakeFiles/Makefile2:153: CMakeFiles/EP_libphidget22.dir/all] Error 2
[12.103s] gmake: *** [Makefile:146: all] Error 2
