[0.326s] Invoking command in '/home/grumpy/dd2419_ws_Group5_2026/build/phidgets_msgs': CMAKE_PREFIX_PATH=/home/grumpy/dd2419_ws_Group5_2026/.pixi/envs/default DEBUGINFOD_URLS=https://debuginfod.ubuntu.com PIXI_PROMPT=(dd2419_ws) PS1=(dd2419_ws) \[\e]0;\u@\h: \w\a\]${debian_chroot:+($debian_chroot)}\[\033[01;32m\]\u@\h\[\033[00m\]:\[\033[01;34m\]\w\[\033[00m\]\$ /home/grumpy/dd2419_ws_Group5_2026/.pixi/envs/default/bin/cmake /home/grumpy/dd2419_ws_Group5_2026/src/phidgets_drivers/phidgets_msgs -DCMAKE_INSTALL_PREFIX=/home/grumpy/dd2419_ws_Group5_2026/install/phidgets_msgs
[0.380s] [0mCMake Deprecation Warning at CMakeLists.txt:1 (cmake_minimum_required):
[0.380s]   Compatibility with CMake < 3.10 will be removed from a future version of
[0.380s]   CMake.
[0.381s] 
[0.381s]   Update the VERSION argument <min> value.  Or, use the <min>...<max> syntax
[0.381s]   to tell CMake that the project requires at least <min> but has been updated
[0.381s]   to work with policies introduced by <max> or earlier.
[0.381s] 
[0.381s] [0m
[0.613s] -- The C compiler identification is GNU 13.3.0
[0.697s] -- The CXX compiler identification is GNU 13.3.0
[0.708s] -- Detecting C compiler ABI info
[0.803s] -- Detecting C compiler ABI info - done
[0.823s] -- Check for working C compiler: /usr/bin/cc - skipped
[0.824s] -- Detecting C compile features
[0.824s] -- Detecting C compile features - done
[0.846s] -- Detecting CXX compiler ABI info
[0.938s] -- Detecting CXX compiler ABI info - done
[0.962s] -- Check for working CXX compiler: /usr/bin/c++ - skipped
[0.962s] -- Detecting CXX compile features
[0.962s] -- Detecting CXX compile features - done
[0.972s] -- Found ament_cmake: 2.5.4 (/home/grumpy/dd2419_ws_Group5_2026/.pixi/envs/default/share/ament_cmake/cmake)
[1.108s] -- Found Python3: /home/grumpy/dd2419_ws_Group5_2026/.pixi/envs/default/bin/python3 (found version "3.12.12") found components: Interpreter
[1.289s] -- Configuring incomplete, errors occurred!
[1.289s] [31mCMake Error at CMakeLists.txt:14 (find_package):
[1.289s]   By not providing "Findrosidl_default_generators.cmake" in CMAKE_MODULE_PATH
[1.289s]   this project has asked CMake to find a package configuration file provided
[1.289s]   by "rosidl_default_generators", but CMake did not find one.
[1.289s] 
[1.290s]   Could not find a package configuration file provided by
[1.290s]   "rosidl_default_generators" with any of the following names:
[1.290s] 
[1.290s]     rosidl_default_generatorsConfig.cmake
[1.290s]     rosidl_default_generators-config.cmake
[1.290s] 
[1.290s]   Add the installation prefix of "rosidl_default_generators" to
[1.290s]   CMAKE_PREFIX_PATH or set "rosidl_default_generators_DIR" to a directory
[1.290s]   containing one of the above files.  If "rosidl_default_generators" provides
[1.290s]   a separate development package or SDK, be sure it has been installed.
[1.291s] 
[1.291s] [0m
[1.297s] Invoked command in '/home/grumpy/dd2419_ws_Group5_2026/build/phidgets_msgs' returned '1': CMAKE_PREFIX_PATH=/home/grumpy/dd2419_ws_Group5_2026/.pixi/envs/default DEBUGINFOD_URLS=https://debuginfod.ubuntu.com PIXI_PROMPT=(dd2419_ws) PS1=(dd2419_ws) \[\e]0;\u@\h: \w\a\]${debian_chroot:+($debian_chroot)}\[\033[01;32m\]\u@\h\[\033[00m\]:\[\033[01;34m\]\w\[\033[00m\]\$ /home/grumpy/dd2419_ws_Group5_2026/.pixi/envs/default/bin/cmake /home/grumpy/dd2419_ws_Group5_2026/src/phidgets_drivers/phidgets_msgs -DCMAKE_INSTALL_PREFIX=/home/grumpy/dd2419_ws_Group5_2026/install/phidgets_msgs
