[0.367s] Invoking command in '/home/grumpy/dd2419_ws_Group5_2026/build/libphidget22': CMAKE_PREFIX_PATH=/home/grumpy/dd2419_ws_Group5_2026/.pixi/envs/default DEBUGINFOD_URLS=https://debuginfod.ubuntu.com PIXI_PROMPT=(dd2419_ws) PS1=(dd2419_ws) \[\e]0;\u@\h: \w\a\]${debian_chroot:+($debian_chroot)}\[\033[01;32m\]\u@\h\[\033[00m\]:\[\033[01;34m\]\w\[\033[00m\]\$ /home/grumpy/dd2419_ws_Group5_2026/.pixi/envs/default/bin/cmake /home/grumpy/dd2419_ws_Group5_2026/src/phidgets_drivers/libphidget22 -DCMAKE_INSTALL_PREFIX=/home/grumpy/dd2419_ws_Group5_2026/install/libphidget22
[0.428s] [0mCMake Deprecation Warning at CMakeLists.txt:1 (cmake_minimum_required):
[0.428s]   Compatibility with CMake < 3.10 will be removed from a future version of
[0.428s]   CMake.
[0.429s] 
[0.429s]   Update the VERSION argument <min> value.  Or, use the <min>...<max> syntax
[0.429s]   to tell CMake that the project requires at least <min> but has been updated
[0.429s]   to work with policies introduced by <max> or earlier.
[0.429s] 
[0.429s] [0m
[0.656s] -- The C compiler identification is GNU 13.3.0
[0.745s] -- The CXX compiler identification is GNU 13.3.0
[0.754s] -- Detecting C compiler ABI info
[0.848s] -- Detecting C compiler ABI info - done
[0.869s] -- Check for working C compiler: /usr/bin/cc - skipped
[0.869s] -- Detecting C compile features
[0.869s] -- Detecting C compile features - done
[0.891s] -- Detecting CXX compiler ABI info
[0.983s] -- Detecting CXX compiler ABI info - done
[1.006s] -- Check for working CXX compiler: /usr/bin/c++ - skipped
[1.007s] -- Detecting CXX compile features
[1.007s] -- Detecting CXX compile features - done
[1.017s] -- Found ament_cmake: 2.5.4 (/home/grumpy/dd2419_ws_Group5_2026/.pixi/envs/default/share/ament_cmake/cmake)
[1.165s] -- Found Python3: /home/grumpy/dd2419_ws_Group5_2026/.pixi/envs/default/bin/python3 (found version "3.12.12") found components: Interpreter
[1.452s] -- Configuring done (1.0s)
[1.456s] -- Generating done (0.0s)
[1.457s] -- Build files have been written to: /home/grumpy/dd2419_ws_Group5_2026/build/libphidget22
