[0.246s] Invoking command in '/home/grumpy/dd2419_ws_Group5_2026/src/build/robp_interfaces': CMAKE_PREFIX_PATH=/home/grumpy/dd2419_ws_Group5_2026/.pixi/envs/default DEBUGINFOD_URLS=https://debuginfod.ubuntu.com PIXI_PROMPT=(dd2419_ws) PS1=(dd2419_ws) \[\e]0;\u@\h: \w\a\]${debian_chroot:+($debian_chroot)}\[\033[01;32m\]\u@\h\[\033[00m\]:\[\033[01;34m\]\w\[\033[00m\]\$ /home/grumpy/dd2419_ws_Group5_2026/.pixi/envs/default/bin/cmake /home/grumpy/dd2419_ws_Group5_2026/src/robp_interfaces -DCMAKE_INSTALL_PREFIX=/home/grumpy/dd2419_ws_Group5_2026/src/install/robp_interfaces
[0.255s] [0mCMake Deprecation Warning at CMakeLists.txt:1 (cmake_minimum_required):
[0.255s]   Compatibility with CMake < 3.10 will be removed from a future version of
[0.255s]   CMake.
[0.256s] 
[0.256s]   Update the VERSION argument <min> value.  Or, use the <min>...<max> syntax
[0.256s]   to tell CMake that the project requires at least <min> but has been updated
[0.256s]   to work with policies introduced by <max> or earlier.
[0.256s] 
[0.256s] [0m
[0.309s] -- The C compiler identification is GNU 13.3.0
[0.392s] -- The CXX compiler identification is GNU 13.3.0
[0.402s] -- Detecting C compiler ABI info
[0.484s] -- Detecting C compiler ABI info - done
[0.509s] -- Check for working C compiler: /usr/bin/cc - skipped
[0.509s] -- Detecting C compile features
[0.512s] -- Detecting C compile features - done
[0.523s] -- Detecting CXX compiler ABI info
[0.619s] -- Detecting CXX compiler ABI info - done
[0.645s] -- Check for working CXX compiler: /usr/bin/c++ - skipped
[0.645s] -- Detecting CXX compile features
[0.645s] -- Detecting CXX compile features - done
[0.670s] -- Found ament_cmake: 2.5.4 (/home/grumpy/dd2419_ws_Group5_2026/.pixi/envs/default/share/ament_cmake/cmake)
[0.788s] -- Found Python3: /home/grumpy/dd2419_ws_Group5_2026/.pixi/envs/default/bin/python3 (found version "3.12.12") found components: Interpreter
[0.960s] [31mCMake Error at CMakeLists.txt:10 (find_package):
[0.960s]   By not providing "Findrosidl_default_generators.cmake" in CMAKE_MODULE_PATH
[0.960s]   this project has asked CMake to find a package configuration file provided
[0.960s]   by "rosidl_default_generators", but CMake did not find one.
[0.960s] 
[0.960s]   Could not find a package configuration file provided by
[0.960s]   "rosidl_default_generators" with any of the following names:
[0.960s] 
[0.961s]     rosidl_default_generatorsConfig.cmake
[0.961s]     rosidl_default_generators-config.cmake
[0.961s] 
[0.961s]   Add the installation prefix of "rosidl_default_generators" to
[0.962s]   CMAKE_PREFIX_PATH or set "rosidl_default_generators_DIR" to a directory
[0.963s]   containing one of the above files.  If "rosidl_default_generators" provides
[0.963s]   a separate development package or SDK, be sure it has been installed.
[0.963s] 
[0.963s] [0m
[0.963s] -- Configuring incomplete, errors occurred!
[0.966s] Invoked command in '/home/grumpy/dd2419_ws_Group5_2026/src/build/robp_interfaces' returned '1': CMAKE_PREFIX_PATH=/home/grumpy/dd2419_ws_Group5_2026/.pixi/envs/default DEBUGINFOD_URLS=https://debuginfod.ubuntu.com PIXI_PROMPT=(dd2419_ws) PS1=(dd2419_ws) \[\e]0;\u@\h: \w\a\]${debian_chroot:+($debian_chroot)}\[\033[01;32m\]\u@\h\[\033[00m\]:\[\033[01;34m\]\w\[\033[00m\]\$ /home/grumpy/dd2419_ws_Group5_2026/.pixi/envs/default/bin/cmake /home/grumpy/dd2419_ws_Group5_2026/src/robp_interfaces -DCMAKE_INSTALL_PREFIX=/home/grumpy/dd2419_ws_Group5_2026/src/install/robp_interfaces
