[0.656s] Invoking command in '/home/grumpy/dd2419_ws_Group5_2026/build/learning_tf2_py': DEBUGINFOD_URLS=https://debuginfod.ubuntu.com PYTHONPATH=/home/grumpy/dd2419_ws_Group5_2026/build/learning_tf2_py/prefix_override:/home/grumpy/dd2419_ws_Group5_2026/install/learning_tf2_py/lib/python3.12/site-packages:${PYTHONPATH} /usr/bin/python3 setup.py develop --editable --build-directory /home/grumpy/dd2419_ws_Group5_2026/build/learning_tf2_py/build --no-deps install_data
[0.868s] running develop
[0.868s] /home/grumpy/dd2419_ws_Group5_2026/.pixi/envs/default/lib/python3.12/site-packages/setuptools/command/develop.py:41: EasyInstallDeprecationWarning: easy_install command is deprecated.
[0.869s] !!
[0.869s] 
[0.869s]         ********************************************************************************
[0.869s]         Please avoid running ``setup.py`` and ``easy_install``.
[0.869s]         Instead, use pypa/build, pypa/installer or other
[0.869s]         standards-based tools.
[0.869s] 
[0.869s]         See https://github.com/pypa/setuptools/issues/917 for details.
[0.869s]         ********************************************************************************
[0.869s] 
[0.869s] !!
[0.869s]   easy_install.initialize_options(self)
[0.896s] /home/grumpy/dd2419_ws_Group5_2026/.pixi/envs/default/lib/python3.12/site-packages/setuptools/_distutils/cmd.py:90: SetuptoolsDeprecationWarning: setup.py install is deprecated.
[0.896s] !!
[0.896s] 
[0.896s]         ********************************************************************************
[0.896s]         Please avoid running ``setup.py`` directly.
[0.896s]         Instead, use pypa/build, pypa/installer or other
[0.896s]         standards-based tools.
[0.896s] 
[0.896s]         See https://blog.ganssle.io/articles/2021/10/setup-py-deprecated.html for details.
[0.896s]         ********************************************************************************
[0.896s] 
[0.896s] !!
[0.896s]   self.initialize_options()
[0.972s] /home/grumpy/dd2419_ws_Group5_2026/.pixi/envs/default/lib/python3.12/site-packages/setuptools/command/easy_install.py:334: UserWarning: Unbuilt egg for pytest-repeat [unknown version] (/usr/lib/python3/dist-packages)
[0.972s]   self.local_index = Environment(self.shadow_path + sys.path)
[0.990s] running egg_info
[1.004s] writing learning_tf2_py.egg-info/PKG-INFO
[1.005s] writing dependency_links to learning_tf2_py.egg-info/dependency_links.txt
[1.005s] writing entry points to learning_tf2_py.egg-info/entry_points.txt
[1.005s] writing requirements to learning_tf2_py.egg-info/requires.txt
[1.005s] writing top-level names to learning_tf2_py.egg-info/top_level.txt
[1.033s] reading manifest file 'learning_tf2_py.egg-info/SOURCES.txt'
[1.034s] writing manifest file 'learning_tf2_py.egg-info/SOURCES.txt'
[1.048s] running build_ext
[1.048s] Creating /home/grumpy/dd2419_ws_Group5_2026/install/learning_tf2_py/lib/python3.12/site-packages/learning-tf2-py.egg-link (link to .)
[1.049s] Installing arm_safe_republisher script to /home/grumpy/dd2419_ws_Group5_2026/install/learning_tf2_py/lib/learning_tf2_py
[1.049s] Installing executors script to /home/grumpy/dd2419_ws_Group5_2026/install/learning_tf2_py/lib/learning_tf2_py
[1.049s] Installing interpolation script to /home/grumpy/dd2419_ws_Group5_2026/install/learning_tf2_py/lib/learning_tf2_py
[1.049s] Installing keyboard script to /home/grumpy/dd2419_ws_Group5_2026/install/learning_tf2_py/lib/learning_tf2_py
[1.052s] Installing pickup script to /home/grumpy/dd2419_ws_Group5_2026/install/learning_tf2_py/lib/learning_tf2_py
[1.052s] Installing pickup_hardcoded script to /home/grumpy/dd2419_ws_Group5_2026/install/learning_tf2_py/lib/learning_tf2_py
[1.052s] Installing random_nav script to /home/grumpy/dd2419_ws_Group5_2026/install/learning_tf2_py/lib/learning_tf2_py
[1.052s] Installing threading script to /home/grumpy/dd2419_ws_Group5_2026/install/learning_tf2_py/lib/learning_tf2_py
[1.052s] Installing timestamp script to /home/grumpy/dd2419_ws_Group5_2026/install/learning_tf2_py/lib/learning_tf2_py
[1.052s] 
[1.052s] Installed /home/grumpy/dd2419_ws_Group5_2026/build/learning_tf2_py
[1.052s] running install_data
[1.052s] copying resource/learning_tf2_py -> /home/grumpy/dd2419_ws_Group5_2026/install/learning_tf2_py/share/ament_index/resource_index/packages
[1.052s] copying package.xml -> /home/grumpy/dd2419_ws_Group5_2026/install/learning_tf2_py/share/learning_tf2_py
[1.053s] copying launch/arm_init.xml -> /home/grumpy/dd2419_ws_Group5_2026/install/learning_tf2_py/share/learning_tf2_py/launch
[1.077s] Invoked command in '/home/grumpy/dd2419_ws_Group5_2026/build/learning_tf2_py' returned '0': DEBUGINFOD_URLS=https://debuginfod.ubuntu.com PYTHONPATH=/home/grumpy/dd2419_ws_Group5_2026/build/learning_tf2_py/prefix_override:/home/grumpy/dd2419_ws_Group5_2026/install/learning_tf2_py/lib/python3.12/site-packages:${PYTHONPATH} /usr/bin/python3 setup.py develop --editable --build-directory /home/grumpy/dd2419_ws_Group5_2026/build/learning_tf2_py/build --no-deps install_data
