running develop
/home/grumpy/dd2419_ws_Group5_2026/.pixi/envs/default/lib/python3.12/site-packages/setuptools/command/develop.py:41: EasyInstallDeprecationWarning: easy_install command is deprecated.
!!

        ********************************************************************************
        Please avoid running ``setup.py`` and ``easy_install``.
        Instead, use pypa/build, pypa/installer or other
        standards-based tools.

        See https://github.com/pypa/setuptools/issues/917 for details.
        ********************************************************************************

!!
  easy_install.initialize_options(self)
/home/grumpy/dd2419_ws_Group5_2026/.pixi/envs/default/lib/python3.12/site-packages/setuptools/_distutils/cmd.py:90: SetuptoolsDeprecationWarning: setup.py install is deprecated.
!!

        ********************************************************************************
        Please avoid running ``setup.py`` directly.
        Instead, use pypa/build, pypa/installer or other
        standards-based tools.

        See https://blog.ganssle.io/articles/2021/10/setup-py-deprecated.html for details.
        ********************************************************************************

!!
  self.initialize_options()
/home/grumpy/dd2419_ws_Group5_2026/.pixi/envs/default/lib/python3.12/site-packages/setuptools/command/easy_install.py:334: UserWarning: Unbuilt egg for pytest-repeat [unknown version] (/usr/lib/python3/dist-packages)
  self.local_index = Environment(self.shadow_path + sys.path)
Removing /home/grumpy/dd2419_ws_Group5_2026/install/grumpy_navigation_py/lib/python3.12/site-packages/grumpy-navigation-py.egg-link (link to .)
running egg_info
writing ../../build/grumpy_navigation_py/grumpy_navigation_py.egg-info/PKG-INFO
writing dependency_links to ../../build/grumpy_navigation_py/grumpy_navigation_py.egg-info/dependency_links.txt
writing entry points to ../../build/grumpy_navigation_py/grumpy_navigation_py.egg-info/entry_points.txt
writing requirements to ../../build/grumpy_navigation_py/grumpy_navigation_py.egg-info/requires.txt
writing top-level names to ../../build/grumpy_navigation_py/grumpy_navigation_py.egg-info/top_level.txt
reading manifest file '../../build/grumpy_navigation_py/grumpy_navigation_py.egg-info/SOURCES.txt'
writing manifest file '../../build/grumpy_navigation_py/grumpy_navigation_py.egg-info/SOURCES.txt'
running build
running build_py
copying grumpy_navigation_py/controller_node.py -> /home/grumpy/dd2419_ws_Group5_2026/build/grumpy_navigation_py/build/lib/grumpy_navigation_py
copying grumpy_navigation_py/planner_node.py -> /home/grumpy/dd2419_ws_Group5_2026/build/grumpy_navigation_py/build/lib/grumpy_navigation_py
copying grumpy_navigation_py/__init__.py -> /home/grumpy/dd2419_ws_Group5_2026/build/grumpy_navigation_py/build/lib/grumpy_navigation_py
copying grumpy_navigation_py/path_controller_node.py -> /home/grumpy/dd2419_ws_Group5_2026/build/grumpy_navigation_py/build/lib/grumpy_navigation_py
copying grumpy_navigation_py/simple_planner_node.py -> /home/grumpy/dd2419_ws_Group5_2026/build/grumpy_navigation_py/build/lib/grumpy_navigation_py
running install
/home/grumpy/dd2419_ws_Group5_2026/.pixi/envs/default/lib/python3.12/site-packages/setuptools/_distutils/cmd.py:90: SetuptoolsDeprecationWarning: setup.py install is deprecated.
!!

        ********************************************************************************
        Please avoid running ``setup.py`` directly.
        Instead, use pypa/build, pypa/installer or other
        standards-based tools.

        See https://blog.ganssle.io/articles/2021/10/setup-py-deprecated.html for details.
        ********************************************************************************

!!
  self.initialize_options()
running install_lib
creating /home/grumpy/dd2419_ws_Group5_2026/install/grumpy_navigation_py/lib/python3.12/site-packages/grumpy_navigation_py
copying /home/grumpy/dd2419_ws_Group5_2026/build/grumpy_navigation_py/build/lib/grumpy_navigation_py/controller_node.py -> /home/grumpy/dd2419_ws_Group5_2026/install/grumpy_navigation_py/lib/python3.12/site-packages/grumpy_navigation_py
copying /home/grumpy/dd2419_ws_Group5_2026/build/grumpy_navigation_py/build/lib/grumpy_navigation_py/planner_node.py -> /home/grumpy/dd2419_ws_Group5_2026/install/grumpy_navigation_py/lib/python3.12/site-packages/grumpy_navigation_py
copying /home/grumpy/dd2419_ws_Group5_2026/build/grumpy_navigation_py/build/lib/grumpy_navigation_py/__init__.py -> /home/grumpy/dd2419_ws_Group5_2026/install/grumpy_navigation_py/lib/python3.12/site-packages/grumpy_navigation_py
copying /home/grumpy/dd2419_ws_Group5_2026/build/grumpy_navigation_py/build/lib/grumpy_navigation_py/path_controller_node.py -> /home/grumpy/dd2419_ws_Group5_2026/install/grumpy_navigation_py/lib/python3.12/site-packages/grumpy_navigation_py
copying /home/grumpy/dd2419_ws_Group5_2026/build/grumpy_navigation_py/build/lib/grumpy_navigation_py/simple_planner_node.py -> /home/grumpy/dd2419_ws_Group5_2026/install/grumpy_navigation_py/lib/python3.12/site-packages/grumpy_navigation_py
byte-compiling /home/grumpy/dd2419_ws_Group5_2026/install/grumpy_navigation_py/lib/python3.12/site-packages/grumpy_navigation_py/controller_node.py to controller_node.cpython-312.pyc
byte-compiling /home/grumpy/dd2419_ws_Group5_2026/install/grumpy_navigation_py/lib/python3.12/site-packages/grumpy_navigation_py/planner_node.py to planner_node.cpython-312.pyc
byte-compiling /home/grumpy/dd2419_ws_Group5_2026/install/grumpy_navigation_py/lib/python3.12/site-packages/grumpy_navigation_py/__init__.py to __init__.cpython-312.pyc
byte-compiling /home/grumpy/dd2419_ws_Group5_2026/install/grumpy_navigation_py/lib/python3.12/site-packages/grumpy_navigation_py/path_controller_node.py to path_controller_node.cpython-312.pyc
byte-compiling /home/grumpy/dd2419_ws_Group5_2026/install/grumpy_navigation_py/lib/python3.12/site-packages/grumpy_navigation_py/simple_planner_node.py to simple_planner_node.cpython-312.pyc
running install_data
copying resource/grumpy_navigation_py -> /home/grumpy/dd2419_ws_Group5_2026/install/grumpy_navigation_py/share/ament_index/resource_index/packages
copying package.xml -> /home/grumpy/dd2419_ws_Group5_2026/install/grumpy_navigation_py/share/grumpy_navigation_py
copying launch/nav.launch.py -> /home/grumpy/dd2419_ws_Group5_2026/install/grumpy_navigation_py/share/grumpy_navigation_py/launch
running install_egg_info
Copying ../../build/grumpy_navigation_py/grumpy_navigation_py.egg-info to /home/grumpy/dd2419_ws_Group5_2026/install/grumpy_navigation_py/lib/python3.12/site-packages/grumpy_navigation_py-0.0.0-py3.12.egg-info
running install_scripts
Installing controller script to /home/grumpy/dd2419_ws_Group5_2026/install/grumpy_navigation_py/lib/grumpy_navigation_py
Installing planner script to /home/grumpy/dd2419_ws_Group5_2026/install/grumpy_navigation_py/lib/grumpy_navigation_py
writing list of installed files to '/home/grumpy/dd2419_ws_Group5_2026/build/grumpy_navigation_py/install.log'
