running develop
/home/grumpy/dd2419_ws_Group5_2026/.pixi/envs/default/lib/python3.12/site-packages/setuptools/command/develop.py:41: EasyInstallDeprecationWarning: easy_install command is deprecated.
!!

        ********************************************************************************
        Please avoid running ``setup.py`` and ``easy_install``.
        Instead, use pypa/build, pypa/installer or other
        standards-based tools.

        See https://github.com/pypa/setuptools/issues/917 for details.
        ********************************************************************************

!!
  easy_install.initialize_options(self)
/home/grumpy/dd2419_ws_Group5_2026/.pixi/envs/default/lib/python3.12/site-packages/setuptools/_distutils/cmd.py:90: SetuptoolsDeprecationWarning: setup.py install is deprecated.
!!

        ********************************************************************************
        Please avoid running ``setup.py`` directly.
        Instead, use pypa/build, pypa/installer or other
        standards-based tools.

        See https://blog.ganssle.io/articles/2021/10/setup-py-deprecated.html for details.
        ********************************************************************************

!!
  self.initialize_options()
/home/grumpy/dd2419_ws_Group5_2026/.pixi/envs/default/lib/python3.12/site-packages/setuptools/command/easy_install.py:334: UserWarning: Unbuilt egg for pytest-repeat [unknown version] (/usr/lib/python3/dist-packages)
  self.local_index = Environment(self.shadow_path + sys.path)
running egg_info
writing grumpy_navigation_py.egg-info/PKG-INFO
writing dependency_links to grumpy_navigation_py.egg-info/dependency_links.txt
writing entry points to grumpy_navigation_py.egg-info/entry_points.txt
writing requirements to grumpy_navigation_py.egg-info/requires.txt
writing top-level names to grumpy_navigation_py.egg-info/top_level.txt
reading manifest file 'grumpy_navigation_py.egg-info/SOURCES.txt'
writing manifest file 'grumpy_navigation_py.egg-info/SOURCES.txt'
running build_ext
Creating /home/grumpy/dd2419_ws_Group5_2026/install/grumpy_navigation_py/lib/python3.12/site-packages/grumpy-navigation-py.egg-link (link to .)
Installing controller script to /home/grumpy/dd2419_ws_Group5_2026/install/grumpy_navigation_py/lib/grumpy_navigation_py
Installing planner script to /home/grumpy/dd2419_ws_Group5_2026/install/grumpy_navigation_py/lib/grumpy_navigation_py

Installed /home/grumpy/dd2419_ws_Group5_2026/build/grumpy_navigation_py
running install_data
copying resource/grumpy_navigation_py -> /home/grumpy/dd2419_ws_Group5_2026/install/grumpy_navigation_py/share/ament_index/resource_index/packages
copying package.xml -> /home/grumpy/dd2419_ws_Group5_2026/install/grumpy_navigation_py/share/grumpy_navigation_py
copying launch/nav.launch.py -> /home/grumpy/dd2419_ws_Group5_2026/install/grumpy_navigation_py/share/grumpy_navigation_py/launch
