[0.662s] Invoking command in '/home/grumpy/dd2419_ws_Group5_2026/build/grumpy_navigation_py': DEBUGINFOD_URLS=https://debuginfod.ubuntu.com PIXI_PROMPT=(dd2419_ws) PS1=(dd2419_ws) \[\e]0;\u@\h: \w\a\]${debian_chroot:+($debian_chroot)}\[\033[01;32m\]\u@\h\[\033[00m\]:\[\033[01;34m\]\w\[\033[00m\]\$ PYTHONPATH=/home/grumpy/dd2419_ws_Group5_2026/build/grumpy_navigation_py/prefix_override:/home/grumpy/dd2419_ws_Group5_2026/install/grumpy_navigation_py/lib/python3.12/site-packages:${PYTHONPATH} /usr/bin/python3 setup.py develop --editable --build-directory /home/grumpy/dd2419_ws_Group5_2026/build/grumpy_navigation_py/build --no-deps install_data
[0.878s] running develop
[0.880s] /home/grumpy/dd2419_ws_Group5_2026/.pixi/envs/default/lib/python3.12/site-packages/setuptools/command/develop.py:41: EasyInstallDeprecationWarning: easy_install command is deprecated.
[0.880s] !!
[0.880s] 
[0.880s]         ********************************************************************************
[0.880s]         Please avoid running ``setup.py`` and ``easy_install``.
[0.880s]         Instead, use pypa/build, pypa/installer or other
[0.880s]         standards-based tools.
[0.880s] 
[0.880s]         See https://github.com/pypa/setuptools/issues/917 for details.
[0.880s]         ********************************************************************************
[0.880s] 
[0.880s] !!
[0.880s]   easy_install.initialize_options(self)
[0.909s] /home/grumpy/dd2419_ws_Group5_2026/.pixi/envs/default/lib/python3.12/site-packages/setuptools/_distutils/cmd.py:90: SetuptoolsDeprecationWarning: setup.py install is deprecated.
[0.909s] !!
[0.909s] 
[0.909s]         ********************************************************************************
[0.909s]         Please avoid running ``setup.py`` directly.
[0.909s]         Instead, use pypa/build, pypa/installer or other
[0.909s]         standards-based tools.
[0.909s] 
[0.909s]         See https://blog.ganssle.io/articles/2021/10/setup-py-deprecated.html for details.
[0.909s]         ********************************************************************************
[0.909s] 
[0.909s] !!
[0.909s]   self.initialize_options()
[0.988s] /home/grumpy/dd2419_ws_Group5_2026/.pixi/envs/default/lib/python3.12/site-packages/setuptools/command/easy_install.py:334: UserWarning: Unbuilt egg for pytest-repeat [unknown version] (/usr/lib/python3/dist-packages)
[0.989s]   self.local_index = Environment(self.shadow_path + sys.path)
[1.007s] running egg_info
[1.022s] writing grumpy_navigation_py.egg-info/PKG-INFO
[1.022s] writing dependency_links to grumpy_navigation_py.egg-info/dependency_links.txt
[1.022s] writing entry points to grumpy_navigation_py.egg-info/entry_points.txt
[1.023s] writing requirements to grumpy_navigation_py.egg-info/requires.txt
[1.023s] writing top-level names to grumpy_navigation_py.egg-info/top_level.txt
[1.051s] reading manifest file 'grumpy_navigation_py.egg-info/SOURCES.txt'
[1.052s] writing manifest file 'grumpy_navigation_py.egg-info/SOURCES.txt'
[1.066s] running build_ext
[1.069s] Creating /home/grumpy/dd2419_ws_Group5_2026/install/grumpy_navigation_py/lib/python3.12/site-packages/grumpy-navigation-py.egg-link (link to .)
[1.069s] Installing controller script to /home/grumpy/dd2419_ws_Group5_2026/install/grumpy_navigation_py/lib/grumpy_navigation_py
[1.069s] Installing planner script to /home/grumpy/dd2419_ws_Group5_2026/install/grumpy_navigation_py/lib/grumpy_navigation_py
[1.069s] 
[1.069s] Installed /home/grumpy/dd2419_ws_Group5_2026/build/grumpy_navigation_py
[1.069s] running install_data
[1.070s] copying resource/grumpy_navigation_py -> /home/grumpy/dd2419_ws_Group5_2026/install/grumpy_navigation_py/share/ament_index/resource_index/packages
[1.070s] copying package.xml -> /home/grumpy/dd2419_ws_Group5_2026/install/grumpy_navigation_py/share/grumpy_navigation_py
[1.070s] copying launch/nav.launch.py -> /home/grumpy/dd2419_ws_Group5_2026/install/grumpy_navigation_py/share/grumpy_navigation_py/launch
[1.095s] Invoked command in '/home/grumpy/dd2419_ws_Group5_2026/build/grumpy_navigation_py' returned '0': DEBUGINFOD_URLS=https://debuginfod.ubuntu.com PIXI_PROMPT=(dd2419_ws) PS1=(dd2419_ws) \[\e]0;\u@\h: \w\a\]${debian_chroot:+($debian_chroot)}\[\033[01;32m\]\u@\h\[\033[00m\]:\[\033[01;34m\]\w\[\033[00m\]\$ PYTHONPATH=/home/grumpy/dd2419_ws_Group5_2026/build/grumpy_navigation_py/prefix_override:/home/grumpy/dd2419_ws_Group5_2026/install/grumpy_navigation_py/lib/python3.12/site-packages:${PYTHONPATH} /usr/bin/python3 setup.py develop --editable --build-directory /home/grumpy/dd2419_ws_Group5_2026/build/grumpy_navigation_py/build --no-deps install_data
