[0.155s] Invoking command in '/home/grumpy/dd2419_ws_Group5_2026/build/aruco': CMAKE_PREFIX_PATH=/home/grumpy/dd2419_ws_Group5_2026/.pixi/envs/default DEBUGINFOD_URLS=https://debuginfod.ubuntu.com PIXI_PROMPT=(dd2419_ws) PS1=(dd2419_ws) \[\e]0;\u@\h: \w\a\]${debian_chroot:+($debian_chroot)}\[\033[01;32m\]\u@\h\[\033[00m\]:\[\033[01;34m\]\w\[\033[00m\]\$ /home/grumpy/dd2419_ws_Group5_2026/.pixi/envs/default/bin/cmake /home/grumpy/dd2419_ws_Group5_2026/src/aruco_ros/aruco -DCMAKE_INSTALL_PREFIX=/home/grumpy/dd2419_ws_Group5_2026/install/aruco
[0.205s] [0mCMake Deprecation Warning at CMakeLists.txt:1 (cmake_minimum_required):
[0.205s]   Compatibility with CMake < 3.10 will be removed from a future version of
[0.205s]   CMake.
[0.205s] 
[0.205s]   Update the VERSION argument <min> value.  Or, use the <min>...<max> syntax
[0.206s]   to tell CMake that the project requires at least <min> but has been updated
[0.206s]   to work with policies introduced by <max> or earlier.
[0.206s] 
[0.206s] [0m
[0.438s] -- The C compiler identification is GNU 13.3.0
[0.526s] -- The CXX compiler identification is GNU 13.3.0
[0.534s] -- Detecting C compiler ABI info
[0.630s] -- Detecting C compiler ABI info - done
[0.651s] -- Check for working C compiler: /usr/bin/cc - skipped
[0.652s] -- Detecting C compile features
[0.652s] -- Detecting C compile features - done
[0.671s] -- Detecting CXX compiler ABI info
[0.763s] -- Detecting CXX compiler ABI info - done
[0.786s] -- Check for working CXX compiler: /usr/bin/c++ - skipped
[0.786s] -- Detecting CXX compile features
[0.786s] -- Detecting CXX compile features - done
[0.798s] -- Found ament_cmake: 2.5.4 (/home/grumpy/dd2419_ws_Group5_2026/.pixi/envs/default/share/ament_cmake/cmake)
[0.946s] -- Found Python3: /home/grumpy/dd2419_ws_Group5_2026/.pixi/envs/default/bin/python3 (found version "3.12.12") found components: Interpreter
[1.115s] -- Found OpenCV: /home/grumpy/dd2419_ws_Group5_2026/.pixi/envs/default (found suitable version "4.12.0", minimum required is "4.2.0")
[1.243s] -- Configuring done (1.0s)
[1.253s] -- Generating done (0.0s)
[1.253s] -- Build files have been written to: /home/grumpy/dd2419_ws_Group5_2026/build/aruco
