[0.465s] Invoking command in '/home/grumpy/dd2419_ws_Group5_2026/src/build/libphidget22': CMAKE_PREFIX_PATH=/home/grumpy/dd2419_ws_Group5_2026/.pixi/envs/default DEBUGINFOD_URLS=https://debuginfod.ubuntu.com PIXI_PROMPT=(dd2419_ws) PS1=(dd2419_ws) \[\e]0;\u@\h: \w\a\]${debian_chroot:+($debian_chroot)}\[\033[01;32m\]\u@\h\[\033[00m\]:\[\033[01;34m\]\w\[\033[00m\]\$ /home/grumpy/dd2419_ws_Group5_2026/.pixi/envs/default/bin/cmake /home/grumpy/dd2419_ws_Group5_2026/src/phidgets_drivers/libphidget22 -DCMAKE_INSTALL_PREFIX=/home/grumpy/dd2419_ws_Group5_2026/src/install/libphidget22
[0.478s] [0mCMake Deprecation Warning at CMakeLists.txt:1 (cmake_minimum_required):
[0.478s]   Compatibility with CMake < 3.10 will be removed from a future version of
[0.478s]   CMake.
[0.478s] 
[0.478s]   Update the VERSION argument <min> value.  Or, use the <min>...<max> syntax
[0.478s]   to tell CMake that the project requires at least <min> but has been updated
[0.478s]   to work with policies introduced by <max> or earlier.
[0.479s] 
[0.479s] [0m
[0.525s] -- The C compiler identification is GNU 13.3.0
[0.610s] -- The CXX compiler identification is GNU 13.3.0
[0.618s] -- Detecting C compiler ABI info
[0.700s] -- Detecting C compiler ABI info - done
[0.725s] -- Check for working C compiler: /usr/bin/cc - skipped
[0.725s] -- Detecting C compile features
[0.725s] -- Detecting C compile features - done
[0.740s] -- Detecting CXX compiler ABI info
[0.834s] -- Detecting CXX compiler ABI info - done
[0.856s] -- Check for working CXX compiler: /usr/bin/c++ - skipped
[0.857s] -- Detecting CXX compile features
[0.857s] -- Detecting CXX compile features - done
[0.871s] -- Found ament_cmake: 2.5.4 (/home/grumpy/dd2419_ws_Group5_2026/.pixi/envs/default/share/ament_cmake/cmake)
[1.008s] -- Found Python3: /home/grumpy/dd2419_ws_Group5_2026/.pixi/envs/default/bin/python3 (found version "3.12.12") found components: Interpreter
[1.311s] -- Configuring done (0.8s)
[1.317s] -- Generating done (0.0s)
[1.317s] -- Build files have been written to: /home/grumpy/dd2419_ws_Group5_2026/src/build/libphidget22
