[0.410s] Invoking command in '/home/grumpy/dd2419_ws_Group5_2026/src/build/phidgets_msgs': CMAKE_PREFIX_PATH=/home/grumpy/dd2419_ws_Group5_2026/.pixi/envs/default DEBUGINFOD_URLS=https://debuginfod.ubuntu.com PIXI_PROMPT=(dd2419_ws) PS1=(dd2419_ws) \[\e]0;\u@\h: \w\a\]${debian_chroot:+($debian_chroot)}\[\033[01;32m\]\u@\h\[\033[00m\]:\[\033[01;34m\]\w\[\033[00m\]\$ /home/grumpy/dd2419_ws_Group5_2026/.pixi/envs/default/bin/cmake /home/grumpy/dd2419_ws_Group5_2026/src/phidgets_drivers/phidgets_msgs -DCMAKE_INSTALL_PREFIX=/home/grumpy/dd2419_ws_Group5_2026/src/install/phidgets_msgs
[0.422s] [0mCMake Deprecation Warning at CMakeLists.txt:1 (cmake_minimum_required):
[0.422s]   Compatibility with CMake < 3.10 will be removed from a future version of
[0.422s]   CMake.
[0.422s] 
[0.422s]   Update the VERSION argument <min> value.  Or, use the <min>...<max> syntax
[0.422s]   to tell CMake that the project requires at least <min> but has been updated
[0.422s]   to work with policies introduced by <max> or earlier.
[0.422s] 
[0.422s] [0m
[0.465s] -- The C compiler identification is GNU 13.3.0
[0.550s] -- The CXX compiler identification is GNU 13.3.0
[0.558s] -- Detecting C compiler ABI info
[0.634s] -- Detecting C compiler ABI info - done
[0.656s] -- Check for working C compiler: /usr/bin/cc - skipped
[0.657s] -- Detecting C compile features
[0.657s] -- Detecting C compile features - done
[0.671s] -- Detecting CXX compiler ABI info
[0.765s] -- Detecting CXX compiler ABI info - done
[0.787s] -- Check for working CXX compiler: /usr/bin/c++ - skipped
[0.787s] -- Detecting CXX compile features
[0.788s] -- Detecting CXX compile features - done
[0.804s] -- Found ament_cmake: 2.5.4 (/home/grumpy/dd2419_ws_Group5_2026/.pixi/envs/default/share/ament_cmake/cmake)
[0.953s] -- Found Python3: /home/grumpy/dd2419_ws_Group5_2026/.pixi/envs/default/bin/python3 (found version "3.12.12") found components: Interpreter
[1.117s] [31mCMake Error at CMakeLists.txt:14 (find_package):
[1.117s]   By not providing "Findrosidl_default_generators.cmake" in CMAKE_MODULE_PATH
[1.118s]   this project has asked CMake to find a package configuration file provided
[1.121s]   by "rosidl_default_generators", but CMake did not find one.
[1.121s] 
[1.121s]   Could not find a package configuration file provided by
[1.121s]   "rosidl_default_generators" with any of the following names:
[1.121s] 
[1.121s]     rosidl_default_generatorsConfig.cmake
[1.121s]     rosidl_default_generators-config.cmake
[1.121s] 
[1.121s]   Add the installation prefix of "rosidl_default_generators" to
[1.121s]   CMAKE_PREFIX_PATH or set "rosidl_default_generators_DIR" to a directory
[1.121s]   containing one of the above files.  If "rosidl_default_generators" provides
[1.122s]   a separate development package or SDK, be sure it has been installed.
[1.122s] 
[1.122s] [0m
[1.122s] -- Configuring incomplete, errors occurred!
[1.127s] Invoked command in '/home/grumpy/dd2419_ws_Group5_2026/src/build/phidgets_msgs' returned '1': CMAKE_PREFIX_PATH=/home/grumpy/dd2419_ws_Group5_2026/.pixi/envs/default DEBUGINFOD_URLS=https://debuginfod.ubuntu.com PIXI_PROMPT=(dd2419_ws) PS1=(dd2419_ws) \[\e]0;\u@\h: \w\a\]${debian_chroot:+($debian_chroot)}\[\033[01;32m\]\u@\h\[\033[00m\]:\[\033[01;34m\]\w\[\033[00m\]\$ /home/grumpy/dd2419_ws_Group5_2026/.pixi/envs/default/bin/cmake /home/grumpy/dd2419_ws_Group5_2026/src/phidgets_drivers/phidgets_msgs -DCMAKE_INSTALL_PREFIX=/home/grumpy/dd2419_ws_Group5_2026/src/install/phidgets_msgs
