[  0%] [32mBuilding CXX object tools/embed/CMakeFiles/rs-embed.dir/rs-embed.cpp.o[0m
[  0%] [32mBuilding C object tools/embed/CMakeFiles/rs-embed.dir/__/__/third-party/realsense-file/lz4/lz4.c.o[0m
[  0%] [32mBuilding CXX object third-party/rsutils/CMakeFiles/rsutils.dir/__/easyloggingpp/src/easylogging++.cc.o[0m
[  0%] [32mBuilding CXX object third-party/realsense-file/CMakeFiles/realsense-file.dir/rosbag/console_bridge/src/console.cpp.o[0m
[  0%] [32mBuilding C object common/fw/CMakeFiles/fw.dir/D4XX_FW_Image.c.o[0m
[  0%] [32mBuilding CXX object third-party/rsutils/CMakeFiles/rsutils.dir/src/configure-elpp-logger.cpp.o[0m
[  0%] [32mBuilding C object common/fw/CMakeFiles/fw.dir/empty.c.o[0m
[  0%] [32mBuilding CXX object third-party/rsutils/CMakeFiles/rsutils.dir/src/byte-manipulation.cpp.o[0m
[  0%] [1m[32mLinking C static library ../../Release/libfw.a[0m
[  0%] [32mBuilding CXX object third-party/realsense-file/CMakeFiles/realsense-file.dir/rosbag/cpp_common/src/debug.cpp.o[0m
[  0%] Built target fw
[  0%] [32mBuilding CXX object third-party/rsutils/CMakeFiles/rsutils.dir/src/control-c-handler.cpp.o[0m
[  1%] [32mBuilding CXX object third-party/rsutils/CMakeFiles/rsutils.dir/src/crc32.cpp.o[0m
[  1%] [32mBuilding CXX object third-party/rsutils/CMakeFiles/rsutils.dir/src/dispatcher.cpp.o[0m
[  2%] [32mBuilding CXX object third-party/realsense-file/CMakeFiles/realsense-file.dir/rosbag/cpp_common/src/header.cpp.o[0m
[  2%] [32mBuilding CXX object third-party/realsense-file/CMakeFiles/realsense-file.dir/rosbag/rosbag_storage/src/bag.cpp.o[0m
[  2%] [32mBuilding CXX object third-party/rsutils/CMakeFiles/rsutils.dir/src/ensure-console.cpp.o[0m
[  2%] [32mBuilding CXX object third-party/rsutils/CMakeFiles/rsutils.dir/src/eth-config.cpp.o[0m
[  2%] [32mBuilding CXX object third-party/realsense-file/CMakeFiles/realsense-file.dir/rosbag/rosbag_storage/src/bag_player.cpp.o[0m
[  2%] [32mBuilding CXX object third-party/rsutils/CMakeFiles/rsutils.dir/src/executable-name.cpp.o[0m
[  2%] [32mBuilding CXX object third-party/rsutils/CMakeFiles/rsutils.dir/src/float3.cpp.o[0m
[  3%] [32mBuilding CXX object third-party/rsutils/CMakeFiles/rsutils.dir/src/fourcc.cpp.o[0m
[  3%] [32mBuilding CXX object third-party/realsense-file/CMakeFiles/realsense-file.dir/rosbag/rosbag_storage/src/buffer.cpp.o[0m
[  3%] [32mBuilding CXX object third-party/realsense-file/CMakeFiles/realsense-file.dir/rosbag/rosbag_storage/src/chunked_file.cpp.o[0m
[  3%] [32mBuilding CXX object third-party/rsutils/CMakeFiles/rsutils.dir/src/from.cpp.o[0m
[  4%] [32mBuilding CXX object third-party/realsense-file/CMakeFiles/realsense-file.dir/rosbag/rosbag_storage/src/lz4_stream.cpp.o[0m
[  4%] [32mBuilding CXX object third-party/rsutils/CMakeFiles/rsutils.dir/src/hexarray.cpp.o[0m
[  4%] [32mBuilding CXX object third-party/rsutils/CMakeFiles/rsutils.dir/src/hexdump.cpp.o[0m
[  4%] [32mBuilding CXX object third-party/realsense-file/CMakeFiles/realsense-file.dir/rosbag/rosbag_storage/src/message_instance.cpp.o[0m
[  4%] [32mBuilding CXX object third-party/rsutils/CMakeFiles/rsutils.dir/src/ios.cpp.o[0m
[  4%] [32mBuilding CXX object third-party/realsense-file/CMakeFiles/realsense-file.dir/rosbag/rosbag_storage/src/query.cpp.o[0m
[  5%] [32mBuilding CXX object third-party/rsutils/CMakeFiles/rsutils.dir/src/ip-address.cpp.o[0m
[  5%] [32mBuilding CXX object third-party/rsutils/CMakeFiles/rsutils.dir/src/json.cpp.o[0m
[  5%] [32mBuilding CXX object third-party/realsense-file/CMakeFiles/realsense-file.dir/rosbag/rosbag_storage/src/stream.cpp.o[0m
[  5%] [32mBuilding CXX object third-party/realsense-file/CMakeFiles/realsense-file.dir/rosbag/rosbag_storage/src/uncompressed_stream.cpp.o[0m
[  5%] [32mBuilding CXX object third-party/rsutils/CMakeFiles/rsutils.dir/src/network-adapter-watcher.cpp.o[0m
[  6%] [32mBuilding CXX object third-party/realsense-file/CMakeFiles/realsense-file.dir/rosbag/rosbag_storage/src/view.cpp.o[0m
[  6%] [32mBuilding CXX object third-party/realsense-file/CMakeFiles/realsense-file.dir/rosbag/roscpp_serialization/src/serialization.cpp.o[0m
[  6%] [32mBuilding CXX object third-party/rsutils/CMakeFiles/rsutils.dir/src/os.cpp.o[0m
[  6%] [32mBuilding C object third-party/realsense-file/CMakeFiles/realsense-file.dir/rosbag/roslz4/src/lz4s.c.o[0m
[  6%] [32mBuilding CXX object third-party/rsutils/CMakeFiles/rsutils.dir/src/rsutilgpu.cpp.o[0m
[  6%] [32mBuilding C object third-party/realsense-file/CMakeFiles/realsense-file.dir/rosbag/roslz4/src/xxhash.c.o[0m
[  6%] [32mBuilding CXX object third-party/realsense-file/CMakeFiles/realsense-file.dir/rosbag/rostime/src/duration.cpp.o[0m
[  7%] [32mBuilding CXX object third-party/rsutils/CMakeFiles/rsutils.dir/src/shorten-json-string.cpp.o[0m
[  7%] [32mBuilding CXX object third-party/rsutils/CMakeFiles/rsutils.dir/src/special-folder.cpp.o[0m
[  7%] [32mBuilding CXX object third-party/realsense-file/CMakeFiles/realsense-file.dir/rosbag/rostime/src/rate.cpp.o[0m
[  7%] [32mBuilding CXX object third-party/rsutils/CMakeFiles/rsutils.dir/src/version.cpp.o[0m
[  8%] [32mBuilding CXX object third-party/realsense-file/CMakeFiles/realsense-file.dir/rosbag/rostime/src/time.cpp.o[0m
[  8%] [32mBuilding CXX object third-party/rsutils/CMakeFiles/rsutils.dir/src/word-format.cpp.o[0m
[  8%] [32mBuilding C object third-party/realsense-file/CMakeFiles/realsense-file.dir/lz4/lz4.c.o[0m
[  8%] [32mBuilding CXX object third-party/rsutils/CMakeFiles/rsutils.dir/src/work-week.cpp.o[0m
[  8%] [1m[32mLinking CXX executable ../../Release/rs-embed[0m
[  8%] Built target rs-embed
[  9%] [1m[32mLinking CXX static library ../../Release/librsutils.a[0m
[  9%] Built target rsutils
[  9%] [1m[32mLinking CXX static library ../../Release/librealsense-file.a[0m
[  9%] Built target realsense-file
[  9%] [32mBuilding CXX object CMakeFiles/realsense2.dir/src/core/options-container.cpp.o[0m
[  9%] [32mBuilding CXX object CMakeFiles/realsense2.dir/src/core/notification.cpp.o[0m
[  9%] [32mBuilding CXX object CMakeFiles/realsense2.dir/src/core/matcher-factory.cpp.o[0m
[ 10%] [32mBuilding CXX object CMakeFiles/realsense2.dir/src/core/options-registry.cpp.o[0m
[ 10%] [32mBuilding CXX object CMakeFiles/realsense2.dir/src/core/options-watcher.cpp.o[0m
[ 10%] [32mBuilding CXX object CMakeFiles/realsense2.dir/src/ds/d400/d400-options.cpp.o[0m
[ 10%] [32mBuilding CXX object CMakeFiles/realsense2.dir/src/ds/d400/d400-private.cpp.o[0m
[ 10%] [32mBuilding CXX object CMakeFiles/realsense2.dir/src/ds/d400/d400-motion.cpp.o[0m
[ 11%] [32mBuilding CXX object CMakeFiles/realsense2.dir/src/ds/d400/d400-device.cpp.o[0m
[ 11%] [32mBuilding CXX object CMakeFiles/realsense2.dir/src/ds/d400/d400-nonmonochrome.cpp.o[0m
[ 11%] [32mBuilding CXX object CMakeFiles/realsense2.dir/src/ds/d400/d400-color.cpp.o[0m
[ 11%] [32mBuilding CXX object CMakeFiles/realsense2.dir/src/ds/d400/d400-active.cpp.o[0m
[ 11%] [32mBuilding CXX object CMakeFiles/realsense2.dir/src/ds/d400/d400-factory.cpp.o[0m
[ 12%] [32mBuilding CXX object CMakeFiles/realsense2.dir/src/ds/d400/d400-fw-update-device.cpp.o[0m
[ 12%] [32mBuilding CXX object CMakeFiles/realsense2.dir/src/ds/d400/d400-auto-calibration.cpp.o[0m
[ 12%] [32mBuilding CXX object CMakeFiles/realsense2.dir/src/ds/d400/d400-mipi-device.cpp.o[0m
[ 12%] [32mBuilding CXX object CMakeFiles/realsense2.dir/src/ds/d500/d500-device.cpp.o[0m
[ 12%] [32mBuilding CXX object CMakeFiles/realsense2.dir/src/ds/d500/d500-color.cpp.o[0m
[ 12%] [32mBuilding CXX object CMakeFiles/realsense2.dir/src/ds/d500/d500-motion.cpp.o[0m
[ 13%] [32mBuilding CXX object CMakeFiles/realsense2.dir/src/ds/d500/d500-active.cpp.o[0m
[ 13%] [32mBuilding CXX object CMakeFiles/realsense2.dir/src/ds/d500/d500-private.cpp.o[0m
[ 13%] [32mBuilding CXX object CMakeFiles/realsense2.dir/src/ds/d500/d500-factory.cpp.o[0m
[ 13%] [32mBuilding CXX object CMakeFiles/realsense2.dir/src/ds/d500/d500-safety.cpp.o[0m
[ 13%] [32mBuilding CXX object CMakeFiles/realsense2.dir/src/ds/d500/d500-depth-mapping.cpp.o[0m
[ 14%] [32mBuilding CXX object CMakeFiles/realsense2.dir/src/ds/d500/hw_monitor_extended_buffers.cpp.o[0m
[ 14%] [32mBuilding CXX object CMakeFiles/realsense2.dir/src/ds/d500/d500-options.cpp.o[0m
[ 14%] [32mBuilding CXX object CMakeFiles/realsense2.dir/src/ds/d500/d500-fw-update-device.cpp.o[0m
[ 14%] [32mBuilding CXX object CMakeFiles/realsense2.dir/src/ds/d500/d500-auto-calibration.cpp.o[0m
[ 14%] [32mBuilding CXX object CMakeFiles/realsense2.dir/src/ds/d500/d500-debug-protocol-calibration-engine.cpp.o[0m
[ 15%] [32mBuilding CXX object CMakeFiles/realsense2.dir/src/ds/ds-device-common.cpp.o[0m
[ 15%] [32mBuilding CXX object CMakeFiles/realsense2.dir/src/ds/ds-motion-common.cpp.o[0m
[ 15%] [32mBuilding CXX object CMakeFiles/realsense2.dir/src/ds/ds-color-common.cpp.o[0m
[ 15%] [32mBuilding CXX object CMakeFiles/realsense2.dir/src/ds/ds-active-common.cpp.o[0m
[ 15%] [32mBuilding CXX object CMakeFiles/realsense2.dir/src/ds/ds-private.cpp.o[0m
[ 16%] [32mBuilding CXX object CMakeFiles/realsense2.dir/src/ds/ds-timestamp.cpp.o[0m
[ 16%] [32mBuilding CXX object CMakeFiles/realsense2.dir/src/ds/ds-options.cpp.o[0m
[ 16%] [32mBuilding CXX object CMakeFiles/realsense2.dir/src/ds/advanced_mode/rs_advanced_mode.cpp.o[0m
[ 16%] [32mBuilding CXX object CMakeFiles/realsense2.dir/src/ds/advanced_mode/presets.cpp.o[0m
[ 16%] [32mBuilding CXX object CMakeFiles/realsense2.dir/src/ds/advanced_mode/advanced_mode.cpp.o[0m
[ 16%] [32mBuilding CXX object CMakeFiles/realsense2.dir/src/ds/ds-calib-parsers.cpp.o[0m
[ 17%] [32mBuilding CXX object CMakeFiles/realsense2.dir/src/ds/ds-calib-common.cpp.o[0m
[ 17%] [32mBuilding CXX object CMakeFiles/realsense2.dir/src/ds/ds-thermal-monitor.cpp.o[0m
[ 17%] [32mBuilding CXX object CMakeFiles/realsense2.dir/src/ds/features/amplitude-factor-feature.cpp.o[0m
[ 17%] [32mBuilding CXX object CMakeFiles/realsense2.dir/src/ds/features/emitter-frequency-feature.cpp.o[0m
[ 17%] [32mBuilding CXX object CMakeFiles/realsense2.dir/src/ds/features/auto-exposure-roi-feature.cpp.o[0m
[ 18%] [32mBuilding CXX object CMakeFiles/realsense2.dir/src/ds/features/remove-ir-pattern-feature.cpp.o[0m
[ 18%] [32mBuilding CXX object CMakeFiles/realsense2.dir/src/ds/features/auto-exposure-limit-feature.cpp.o[0m
[ 18%] [32mBuilding CXX object CMakeFiles/realsense2.dir/src/ds/features/gain-limit-feature.cpp.o[0m
[ 18%] [32mBuilding CXX object CMakeFiles/realsense2.dir/src/ds/features/gyro-sensitivity-feature.cpp.o[0m
[ 18%] [32mBuilding CXX object CMakeFiles/realsense2.dir/src/media/record/record_device.cpp.o[0m
[ 19%] [32mBuilding CXX object CMakeFiles/realsense2.dir/src/media/record/record_sensor.cpp.o[0m
[ 19%] [32mBuilding CXX object CMakeFiles/realsense2.dir/src/media/playback/playback_device.cpp.o[0m
[ 19%] [32mBuilding CXX object CMakeFiles/realsense2.dir/src/media/playback/playback_sensor.cpp.o[0m
[ 19%] [32mBuilding CXX object CMakeFiles/realsense2.dir/src/media/ros/ros_reader.cpp.o[0m
[ 19%] [32mBuilding CXX object CMakeFiles/realsense2.dir/src/media/ros/ros_writer.cpp.o[0m
[ 19%] [32mBuilding CXX object CMakeFiles/realsense2.dir/src/proc/sse/sse-align.cpp.o[0m
[ 20%] [32mBuilding CXX object CMakeFiles/realsense2.dir/src/proc/sse/sse-pointcloud.cpp.o[0m
[ 20%] [32mBuilding CXX object CMakeFiles/realsense2.dir/src/proc/neon/image-neon.cpp.o[0m
[ 20%] [32mBuilding CXX object CMakeFiles/realsense2.dir/src/proc/neon/neon-pointcloud.cpp.o[0m
[ 20%] [32mBuilding CXX object CMakeFiles/realsense2.dir/src/proc/neon/neon-align.cpp.o[0m
[ 20%] [32mBuilding CXX object CMakeFiles/realsense2.dir/src/proc/processing-blocks-factory.cpp.o[0m
[ 21%] [32mBuilding CXX object CMakeFiles/realsense2.dir/src/proc/align.cpp.o[0m
[ 21%] [32mBuilding CXX object CMakeFiles/realsense2.dir/src/proc/colorizer.cpp.o[0m
[ 21%] [32mBuilding CXX object CMakeFiles/realsense2.dir/src/proc/pointcloud.cpp.o[0m
[ 21%] [32mBuilding CXX object CMakeFiles/realsense2.dir/src/proc/occlusion-filter.cpp.o[0m
[ 21%] [32mBuilding CXX object CMakeFiles/realsense2.dir/src/proc/synthetic-stream.cpp.o[0m
[ 22%] [32mBuilding CXX object CMakeFiles/realsense2.dir/src/proc/syncer-processing-block.cpp.o[0m
[ 22%] [32mBuilding CXX object CMakeFiles/realsense2.dir/src/proc/decimation-filter.cpp.o[0m
[ 22%] [32mBuilding CXX object CMakeFiles/realsense2.dir/src/proc/rotation-filter.cpp.o[0m
[ 22%] [32mBuilding CXX object CMakeFiles/realsense2.dir/src/proc/spatial-filter.cpp.o[0m
[ 22%] [32mBuilding CXX object CMakeFiles/realsense2.dir/src/proc/temporal-filter.cpp.o[0m
[ 22%] [32mBuilding CXX object CMakeFiles/realsense2.dir/src/proc/hdr-merge.cpp.o[0m
[ 23%] [32mBuilding CXX object CMakeFiles/realsense2.dir/src/proc/sequence-id-filter.cpp.o[0m
[ 23%] [32mBuilding CXX object CMakeFiles/realsense2.dir/src/proc/hole-filling-filter.cpp.o[0m
[ 23%] [32mBuilding CXX object CMakeFiles/realsense2.dir/src/proc/disparity-transform.cpp.o[0m
[ 23%] [32mBuilding CXX object CMakeFiles/realsense2.dir/src/proc/y8i-to-y8y8.cpp.o[0m
[ 23%] [32mBuilding CXX object CMakeFiles/realsense2.dir/src/proc/y8i-to-y8y8-mipi.cpp.o[0m
[ 24%] [32mBuilding CXX object CMakeFiles/realsense2.dir/src/proc/y12i-to-y16y16.cpp.o[0m
[ 24%] [32mBuilding CXX object CMakeFiles/realsense2.dir/src/proc/y12i-to-y16y16-mipi.cpp.o[0m
[ 24%] [32mBuilding CXX object CMakeFiles/realsense2.dir/src/proc/y16i-10msb-to-y16y16.cpp.o[0m
[ 24%] [32mBuilding CXX object CMakeFiles/realsense2.dir/src/proc/y16-10msb-to-y16.cpp.o[0m
[ 24%] [32mBuilding CXX object CMakeFiles/realsense2.dir/src/proc/identity-processing-block.cpp.o[0m
[ 25%] [32mBuilding CXX object CMakeFiles/realsense2.dir/src/proc/threshold.cpp.o[0m
[ 25%] [32mBuilding CXX object CMakeFiles/realsense2.dir/src/proc/rates-printer.cpp.o[0m
[ 25%] [32mBuilding CXX object CMakeFiles/realsense2.dir/src/proc/units-transform.cpp.o[0m
[ 25%] [32mBuilding CXX object CMakeFiles/realsense2.dir/src/proc/rotation-transform.cpp.o[0m
[ 25%] [32mBuilding CXX object CMakeFiles/realsense2.dir/src/proc/color-formats-converter.cpp.o[0m
[ 26%] [32mBuilding CXX object CMakeFiles/realsense2.dir/src/proc/depth-formats-converter.cpp.o[0m
[ 26%] [32mBuilding CXX object CMakeFiles/realsense2.dir/src/proc/motion-transform.cpp.o[0m
[ 26%] [32mBuilding CXX object CMakeFiles/realsense2.dir/src/proc/auto-exposure-processor.cpp.o[0m
[ 26%] [32mBuilding CXX object CMakeFiles/realsense2.dir/src/proc/y411-converter.cpp.o[0m
[ 26%] [32mBuilding CXX object CMakeFiles/realsense2.dir/src/proc/formats-converter.cpp.o[0m
[ 26%] [32mBuilding CXX object CMakeFiles/realsense2.dir/src/proc/decimation-embedded-filter.cpp.o[0m
[ 27%] [32mBuilding CXX object CMakeFiles/realsense2.dir/src/proc/temporal-embedded-filter.cpp.o[0m
[ 27%] [32mBuilding CXX object CMakeFiles/realsense2.dir/src/pipeline/pipeline.cpp.o[0m
[ 27%] [32mBuilding CXX object CMakeFiles/realsense2.dir/src/pipeline/config.cpp.o[0m
[ 27%] [32mBuilding CXX object CMakeFiles/realsense2.dir/src/pipeline/profile.cpp.o[0m
[ 27%] [32mBuilding CXX object CMakeFiles/realsense2.dir/src/pipeline/aggregator.cpp.o[0m
[ 28%] [32mBuilding CXX object CMakeFiles/realsense2.dir/src/fw-logs/fw-log-data.cpp.o[0m
[ 28%] [32mBuilding CXX object CMakeFiles/realsense2.dir/src/fw-logs/fw-logs-formatting-options.cpp.o[0m
[ 28%] [32mBuilding CXX object CMakeFiles/realsense2.dir/src/fw-logs/fw-logs-parser.cpp.o[0m
[ 28%] [32mBuilding CXX object CMakeFiles/realsense2.dir/src/fw-logs/fw-logs-xml-helper.cpp.o[0m
[ 28%] [32mBuilding CXX object CMakeFiles/realsense2.dir/src/fw-logs/fw-string-formatter.cpp.o[0m
[ 29%] [32mBuilding CXX object CMakeFiles/realsense2.dir/src/fw-update/fw-update-device.cpp.o[0m
[ 29%] [32mBuilding CXX object CMakeFiles/realsense2.dir/src/fw-update/fw-update-factory.cpp.o[0m
[ 29%] [32mBuilding CXX object CMakeFiles/realsense2.dir/src/fw-update/fw-update-unsigned.cpp.o[0m
[ 29%] [32mBuilding CXX object CMakeFiles/realsense2.dir/src/libusb/context-libusb.cpp.o[0m
[ 29%] [32mBuilding CXX object CMakeFiles/realsense2.dir/src/libusb/interface-libusb.cpp.o[0m
[ 29%] [32mBuilding CXX object CMakeFiles/realsense2.dir/src/libusb/device-libusb.cpp.o[0m
[ 30%] [32mBuilding CXX object CMakeFiles/realsense2.dir/src/libusb/messenger-libusb.cpp.o[0m
[ 30%] [32mBuilding CXX object CMakeFiles/realsense2.dir/src/libusb/request-libusb.cpp.o[0m
[ 30%] [32mBuilding CXX object CMakeFiles/realsense2.dir/src/libusb/enumerator-libusb.cpp.o[0m
[ 30%] [32mBuilding CXX object CMakeFiles/realsense2.dir/src/linux/backend-v4l2.cpp.o[0m
[ 30%] [32mBuilding CXX object CMakeFiles/realsense2.dir/src/linux/backend-hid.cpp.o[0m
[ 31%] [32mBuilding CXX object CMakeFiles/realsense2.dir/src/linux/udev-device-watcher.cpp.o[0m
[ 31%] [32mBuilding CXX object CMakeFiles/realsense2.dir/src/algo.cpp.o[0m
[ 31%] [32mBuilding CXX object CMakeFiles/realsense2.dir/src/archive.cpp.o[0m
[ 31%] [32mBuilding CXX object CMakeFiles/realsense2.dir/src/backend.cpp.o[0m
[ 31%] [32mBuilding CXX object CMakeFiles/realsense2.dir/src/backend-device-factory.cpp.o[0m
[ 32%] [32mBuilding CXX object CMakeFiles/realsense2.dir/src/context.cpp.o[0m
[ 32%] [32mBuilding CXX object CMakeFiles/realsense2.dir/src/device.cpp.o[0m
[ 32%] [32mBuilding CXX object CMakeFiles/realsense2.dir/src/device-info.cpp.o[0m
[ 32%] [32mBuilding CXX object CMakeFiles/realsense2.dir/src/device_hub.cpp.o[0m
[ 32%] [32mBuilding CXX object CMakeFiles/realsense2.dir/src/environment.cpp.o[0m
[ 32%] [32mBuilding CXX object CMakeFiles/realsense2.dir/src/error-handling.cpp.o[0m
[ 33%] [32mBuilding CXX object CMakeFiles/realsense2.dir/src/firmware_logger_device.cpp.o[0m
[ 33%] [32mBuilding CXX object CMakeFiles/realsense2.dir/src/global_timestamp_reader.cpp.o[0m
[ 33%] [32mBuilding CXX object CMakeFiles/realsense2.dir/src/hdr-config.cpp.o[0m
[ 33%] [32mBuilding CXX object CMakeFiles/realsense2.dir/src/hw-monitor.cpp.o[0m
[ 33%] [32mBuilding CXX object CMakeFiles/realsense2.dir/src/image.cpp.o[0m
[ 34%] [32mBuilding CXX object CMakeFiles/realsense2.dir/src/image-avx.cpp.o[0m
[ 34%] [32mBuilding CXX object CMakeFiles/realsense2.dir/src/log.cpp.o[0m
[ 34%] [32mBuilding CXX object CMakeFiles/realsense2.dir/src/option.cpp.o[0m
[ 34%] [32mBuilding CXX object CMakeFiles/realsense2.dir/src/platform-camera.cpp.o[0m
[ 34%] [32mBuilding CXX object CMakeFiles/realsense2.dir/src/rs.cpp.o[0m
[ 35%] [32mBuilding CXX object CMakeFiles/realsense2.dir/src/sensor.cpp.o[0m
[ 35%] [32mBuilding CXX object CMakeFiles/realsense2.dir/src/hid-sensor.cpp.o[0m
[ 35%] [32mBuilding CXX object CMakeFiles/realsense2.dir/src/uvc-sensor.cpp.o[0m
[ 35%] [32mBuilding CXX object CMakeFiles/realsense2.dir/src/rscore-pp-block-factory.cpp.o[0m
[ 35%] [32mBuilding CXX object CMakeFiles/realsense2.dir/src/software-device.cpp.o[0m
[ 36%] [32mBuilding CXX object CMakeFiles/realsense2.dir/src/software-device-info.cpp.o[0m
[ 36%] [32mBuilding CXX object CMakeFiles/realsense2.dir/src/software-sensor.cpp.o[0m
[ 36%] [32mBuilding CXX object CMakeFiles/realsense2.dir/src/source.cpp.o[0m
[ 36%] [32mBuilding CXX object CMakeFiles/realsense2.dir/src/stream.cpp.o[0m
[ 36%] [32mBuilding CXX object CMakeFiles/realsense2.dir/src/sync.cpp.o[0m
[ 36%] [32mBuilding CXX object CMakeFiles/realsense2.dir/src/terminal-parser.cpp.o[0m
[ 37%] [32mBuilding CXX object CMakeFiles/realsense2.dir/src/types.cpp.o[0m
[ 37%] [32mBuilding C object CMakeFiles/realsense2.dir/src/verify.c.o[0m
[ 37%] [32mBuilding CXX object CMakeFiles/realsense2.dir/src/serialized-utilities.cpp.o[0m
[ 37%] [32mBuilding CXX object CMakeFiles/realsense2.dir/src/frame.cpp.o[0m
[ 37%] [32mBuilding CXX object CMakeFiles/realsense2.dir/src/points.cpp.o[0m
[ 38%] [32mBuilding CXX object CMakeFiles/realsense2.dir/src/labeled-points.cpp.o[0m
[ 38%] [32mBuilding CXX object CMakeFiles/realsense2.dir/src/eth-config-device.cpp.o[0m
[ 38%] [32mBuilding CXX object CMakeFiles/realsense2.dir/src/to-string.cpp.o[0m
[ 38%] [32mBuilding CXX object CMakeFiles/realsense2.dir/src/platform/platform-utils.cpp.o[0m
[ 38%] [32mBuilding CXX object CMakeFiles/realsense2.dir/src/platform/uvc-option.cpp.o[0m
[ 39%] [32mBuilding CXX object CMakeFiles/realsense2.dir/src/auto-calibrated-proxy.cpp.o[0m
[ 39%] [32mBuilding CXX object CMakeFiles/realsense2.dir/src/synthetic-options-watcher.cpp.o[0m
[ 39%] [32mBuilding CXX object CMakeFiles/realsense2.dir/third-party/easyloggingpp/src/easylogging++.cc.o[0m
[ 39%] [1m[32mLinking CXX shared library Release/librealsense2.so[0m
