[0.128s] Invoking command in '/home/grumpy/dd2419_ws_Group5_2026/src/build/librealsense2': CMAKE_PREFIX_PATH=/home/grumpy/dd2419_ws_Group5_2026/.pixi/envs/default DEBUGINFOD_URLS=https://debuginfod.ubuntu.com PIXI_PROMPT=(dd2419_ws) /home/grumpy/dd2419_ws_Group5_2026/.pixi/envs/default/bin/cmake --build /home/grumpy/dd2419_ws_Group5_2026/src/build/librealsense2 -- -j8 -l8
[0.773s] [  0%] [32mBuilding CXX object tools/embed/CMakeFiles/rs-embed.dir/rs-embed.cpp.o[0m
[0.773s] [  0%] [32mBuilding C object tools/embed/CMakeFiles/rs-embed.dir/__/__/third-party/realsense-file/lz4/lz4.c.o[0m
[0.773s] [  0%] [32mBuilding CXX object third-party/rsutils/CMakeFiles/rsutils.dir/__/easyloggingpp/src/easylogging++.cc.o[0m
[0.773s] [  0%] [32mBuilding CXX object third-party/realsense-file/CMakeFiles/realsense-file.dir/rosbag/console_bridge/src/console.cpp.o[0m
[0.773s] [  0%] [32mBuilding C object common/fw/CMakeFiles/fw.dir/D4XX_FW_Image.c.o[0m
[0.773s] [  0%] [32mBuilding CXX object third-party/rsutils/CMakeFiles/rsutils.dir/src/configure-elpp-logger.cpp.o[0m
[0.773s] [  0%] [32mBuilding C object common/fw/CMakeFiles/fw.dir/empty.c.o[0m
[0.774s] [  0%] [32mBuilding CXX object third-party/rsutils/CMakeFiles/rsutils.dir/src/byte-manipulation.cpp.o[0m
[0.774s] [  0%] [1m[32mLinking C static library ../../Release/libfw.a[0m
[0.774s] [  0%] [32mBuilding CXX object third-party/realsense-file/CMakeFiles/realsense-file.dir/rosbag/cpp_common/src/debug.cpp.o[0m
[0.774s] [  0%] Built target fw
[0.774s] [  0%] [32mBuilding CXX object third-party/rsutils/CMakeFiles/rsutils.dir/src/control-c-handler.cpp.o[0m
[0.774s] [  1%] [32mBuilding CXX object third-party/rsutils/CMakeFiles/rsutils.dir/src/crc32.cpp.o[0m
[0.774s] [  1%] [32mBuilding CXX object third-party/rsutils/CMakeFiles/rsutils.dir/src/dispatcher.cpp.o[0m
[1.597s] [  2%] [32mBuilding CXX object third-party/realsense-file/CMakeFiles/realsense-file.dir/rosbag/cpp_common/src/header.cpp.o[0m
[2.195s] [  2%] [32mBuilding CXX object third-party/realsense-file/CMakeFiles/realsense-file.dir/rosbag/rosbag_storage/src/bag.cpp.o[0m
[2.628s] [  2%] [32mBuilding CXX object third-party/rsutils/CMakeFiles/rsutils.dir/src/ensure-console.cpp.o[0m
[2.703s] [  2%] [32mBuilding CXX object third-party/rsutils/CMakeFiles/rsutils.dir/src/eth-config.cpp.o[0m
[3.679s] [  2%] [32mBuilding CXX object third-party/realsense-file/CMakeFiles/realsense-file.dir/rosbag/rosbag_storage/src/bag_player.cpp.o[0m
[3.710s] [  2%] [32mBuilding CXX object third-party/rsutils/CMakeFiles/rsutils.dir/src/executable-name.cpp.o[0m
[3.996s] [  2%] [32mBuilding CXX object third-party/rsutils/CMakeFiles/rsutils.dir/src/float3.cpp.o[0m
[4.578s] [  3%] [32mBuilding CXX object third-party/rsutils/CMakeFiles/rsutils.dir/src/fourcc.cpp.o[0m
[4.722s] [  3%] [32mBuilding CXX object third-party/realsense-file/CMakeFiles/realsense-file.dir/rosbag/rosbag_storage/src/buffer.cpp.o[0m
[4.868s] [  3%] [32mBuilding CXX object third-party/realsense-file/CMakeFiles/realsense-file.dir/rosbag/rosbag_storage/src/chunked_file.cpp.o[0m
[5.546s] [  3%] [32mBuilding CXX object third-party/rsutils/CMakeFiles/rsutils.dir/src/from.cpp.o[0m
[6.147s] [  4%] [32mBuilding CXX object third-party/realsense-file/CMakeFiles/realsense-file.dir/rosbag/rosbag_storage/src/lz4_stream.cpp.o[0m
[6.820s] [  4%] [32mBuilding CXX object third-party/rsutils/CMakeFiles/rsutils.dir/src/hexarray.cpp.o[0m
[6.872s] [  4%] [32mBuilding CXX object third-party/rsutils/CMakeFiles/rsutils.dir/src/hexdump.cpp.o[0m
[6.941s] [  4%] [32mBuilding CXX object third-party/realsense-file/CMakeFiles/realsense-file.dir/rosbag/rosbag_storage/src/message_instance.cpp.o[0m
[8.192s] [  4%] [32mBuilding CXX object third-party/rsutils/CMakeFiles/rsutils.dir/src/ios.cpp.o[0m
[8.571s] [  4%] [32mBuilding CXX object third-party/realsense-file/CMakeFiles/realsense-file.dir/rosbag/rosbag_storage/src/query.cpp.o[0m
[8.591s] In file included from [01m[K/usr/include/features.h:502[m[K,
[8.591s]                  from [01m[K/usr/include/x86_64-linux-gnu/c++/13/bits/os_defines.h:39[m[K,
[8.591s]                  from [01m[K/usr/include/x86_64-linux-gnu/c++/13/bits/c++config.h:679[m[K,
[8.591s]                  from [01m[K/usr/include/c++/13/ctime:41[m[K,
[8.591s]                  from [01m[K/home/grumpy/dd2419_ws_Group5_2026/src/librealsense/third-party/easyloggingpp/src/easylogging++.h:354[m[K,
[8.591s]                  from [01m[K/home/grumpy/dd2419_ws_Group5_2026/src/librealsense/third-party/easyloggingpp/src/easylogging++.cc:17[m[K:
[8.591s] In function ‘[01m[Ksize_t[01;32m[K wcstombs[m[K(char*, const wchar_t*, size_t)[m[K’,
[8.592s]     inlined from ‘[01m[Kstatic char* el::base::utils::Str::[01;32m[KwcharPtrToCharPtr[m[K(const wchar_t*)[m[K’ at [01m[K/home/grumpy/dd2419_ws_Group5_2026/src/librealsense/third-party/easyloggingpp/src/easylogging++.cc:1022:16[m[K:
[8.592s] [01m[K/usr/include/x86_64-linux-gnu/bits/stdlib.h:146:10:[m[K [01;35m[Kwarning: [m[K‘[01m[Ksize_t[01;32m[K __wcstombs_alias[m[K(char*, const wchar_t*, size_t)[m[K’ specified size 18446744073709551614 exceeds maximum object size 9223372036854775807 [[01;35m[K]8;;https://gcc.gnu.org/onlinedocs/gcc/Warning-Options.html#index-Wstringop-overflow=-Wstringop-overflow=]8;;[m[K]
[8.592s]   146 |   return [01;35m[K__glibc_fortify[m[K (wcstombs, __len, sizeof (char),
[8.592s]       |          [01;35m[K^~~~~~~~~~~~~~~[m[K
[8.595s] [01m[K/usr/include/x86_64-linux-gnu/bits/stdlib.h:[m[K In static member function ‘[01m[Kstatic char* el::base::utils::Str::[01;32m[KwcharPtrToCharPtr[m[K(const wchar_t*)[m[K’:
[8.595s] [01m[K/usr/include/x86_64-linux-gnu/bits/stdlib.h:131:15:[m[K [01;36m[Knote: [m[Kin a call to function ‘[01m[Ksize_t[01;32m[K __wcstombs_alias[m[K(char*, const wchar_t*, size_t)[m[K’ declared with attribute ‘[01m[Kaccess (read_only, 2)[m[K’
[8.595s]   131 | extern size_t [01;36m[K__REDIRECT_NTH[m[K (__wcstombs_alias,
[8.595s]       |               [01;36m[K^~~~~~~~~~~~~~[m[K
[8.774s] [  5%] [32mBuilding CXX object third-party/rsutils/CMakeFiles/rsutils.dir/src/ip-address.cpp.o[0m
[9.301s] [  5%] [32mBuilding CXX object third-party/rsutils/CMakeFiles/rsutils.dir/src/json.cpp.o[0m
[9.303s] [  5%] [32mBuilding CXX object third-party/realsense-file/CMakeFiles/realsense-file.dir/rosbag/rosbag_storage/src/stream.cpp.o[0m
[9.948s] [  5%] [32mBuilding CXX object third-party/realsense-file/CMakeFiles/realsense-file.dir/rosbag/rosbag_storage/src/uncompressed_stream.cpp.o[0m
[10.020s] [  5%] [32mBuilding CXX object third-party/rsutils/CMakeFiles/rsutils.dir/src/network-adapter-watcher.cpp.o[0m
[10.021s] [  6%] [32mBuilding CXX object third-party/realsense-file/CMakeFiles/realsense-file.dir/rosbag/rosbag_storage/src/view.cpp.o[0m
[10.442s] [  6%] [32mBuilding CXX object third-party/realsense-file/CMakeFiles/realsense-file.dir/rosbag/roscpp_serialization/src/serialization.cpp.o[0m
[10.556s] [  6%] [32mBuilding CXX object third-party/rsutils/CMakeFiles/rsutils.dir/src/os.cpp.o[0m
[10.954s] [  6%] [32mBuilding C object third-party/realsense-file/CMakeFiles/realsense-file.dir/rosbag/roslz4/src/lz4s.c.o[0m
[11.125s] [  6%] [32mBuilding CXX object third-party/rsutils/CMakeFiles/rsutils.dir/src/rsutilgpu.cpp.o[0m
[11.216s] [  6%] [32mBuilding C object third-party/realsense-file/CMakeFiles/realsense-file.dir/rosbag/roslz4/src/xxhash.c.o[0m
[11.400s] [  6%] [32mBuilding CXX object third-party/realsense-file/CMakeFiles/realsense-file.dir/rosbag/rostime/src/duration.cpp.o[0m
[11.554s] [  7%] [32mBuilding CXX object third-party/rsutils/CMakeFiles/rsutils.dir/src/shorten-json-string.cpp.o[0m
[11.633s] [  7%] [32mBuilding CXX object third-party/rsutils/CMakeFiles/rsutils.dir/src/special-folder.cpp.o[0m
[12.039s] [  7%] [32mBuilding CXX object third-party/realsense-file/CMakeFiles/realsense-file.dir/rosbag/rostime/src/rate.cpp.o[0m
[12.118s] [  7%] [32mBuilding CXX object third-party/rsutils/CMakeFiles/rsutils.dir/src/version.cpp.o[0m
[12.189s] [  8%] [32mBuilding CXX object third-party/realsense-file/CMakeFiles/realsense-file.dir/rosbag/rostime/src/time.cpp.o[0m
[12.352s] [  8%] [32mBuilding CXX object third-party/rsutils/CMakeFiles/rsutils.dir/src/word-format.cpp.o[0m
[12.374s] [  8%] [32mBuilding C object third-party/realsense-file/CMakeFiles/realsense-file.dir/lz4/lz4.c.o[0m
[12.612s] [  8%] [32mBuilding CXX object third-party/rsutils/CMakeFiles/rsutils.dir/src/work-week.cpp.o[0m
[13.568s] [  8%] [1m[32mLinking CXX executable ../../Release/rs-embed[0m
[13.632s] [  8%] Built target rs-embed
[14.433s] [  9%] [1m[32mLinking CXX static library ../../Release/librsutils.a[0m
[14.475s] [  9%] Built target rsutils
[15.225s] [  9%] [1m[32mLinking CXX static library ../../Release/librealsense-file.a[0m
[15.255s] [  9%] Built target realsense-file
[15.280s] [  9%] [32mBuilding CXX object CMakeFiles/realsense2.dir/src/core/options-container.cpp.o[0m
[15.280s] [  9%] [32mBuilding CXX object CMakeFiles/realsense2.dir/src/core/notification.cpp.o[0m
[15.280s] [  9%] [32mBuilding CXX object CMakeFiles/realsense2.dir/src/core/matcher-factory.cpp.o[0m
[15.280s] [ 10%] [32mBuilding CXX object CMakeFiles/realsense2.dir/src/core/options-registry.cpp.o[0m
[15.280s] [ 10%] [32mBuilding CXX object CMakeFiles/realsense2.dir/src/core/options-watcher.cpp.o[0m
[15.280s] [ 10%] [32mBuilding CXX object CMakeFiles/realsense2.dir/src/ds/d400/d400-options.cpp.o[0m
[15.280s] [ 10%] [32mBuilding CXX object CMakeFiles/realsense2.dir/src/ds/d400/d400-private.cpp.o[0m
[15.281s] [ 10%] [32mBuilding CXX object CMakeFiles/realsense2.dir/src/ds/d400/d400-motion.cpp.o[0m
[16.887s] [ 11%] [32mBuilding CXX object CMakeFiles/realsense2.dir/src/ds/d400/d400-device.cpp.o[0m
[16.887s] [ 11%] [32mBuilding CXX object CMakeFiles/realsense2.dir/src/ds/d400/d400-nonmonochrome.cpp.o[0m
[17.238s] [ 11%] [32mBuilding CXX object CMakeFiles/realsense2.dir/src/ds/d400/d400-color.cpp.o[0m
[17.600s] [ 11%] [32mBuilding CXX object CMakeFiles/realsense2.dir/src/ds/d400/d400-active.cpp.o[0m
[19.651s] [ 11%] [32mBuilding CXX object CMakeFiles/realsense2.dir/src/ds/d400/d400-factory.cpp.o[0m
[20.484s] [ 12%] [32mBuilding CXX object CMakeFiles/realsense2.dir/src/ds/d400/d400-fw-update-device.cpp.o[0m
[20.912s] [ 12%] [32mBuilding CXX object CMakeFiles/realsense2.dir/src/ds/d400/d400-auto-calibration.cpp.o[0m
[22.470s] [ 12%] [32mBuilding CXX object CMakeFiles/realsense2.dir/src/ds/d400/d400-mipi-device.cpp.o[0m
[23.065s] [ 12%] [32mBuilding CXX object CMakeFiles/realsense2.dir/src/ds/d500/d500-device.cpp.o[0m
[23.361s] [ 12%] [32mBuilding CXX object CMakeFiles/realsense2.dir/src/ds/d500/d500-color.cpp.o[0m
[25.173s] [ 12%] [32mBuilding CXX object CMakeFiles/realsense2.dir/src/ds/d500/d500-motion.cpp.o[0m
[26.471s] [ 13%] [32mBuilding CXX object CMakeFiles/realsense2.dir/src/ds/d500/d500-active.cpp.o[0m
[28.670s] [ 13%] [32mBuilding CXX object CMakeFiles/realsense2.dir/src/ds/d500/d500-private.cpp.o[0m
[30.083s] [ 13%] [32mBuilding CXX object CMakeFiles/realsense2.dir/src/ds/d500/d500-factory.cpp.o[0m
[31.407s] [ 13%] [32mBuilding CXX object CMakeFiles/realsense2.dir/src/ds/d500/d500-safety.cpp.o[0m
[31.409s] [ 13%] [32mBuilding CXX object CMakeFiles/realsense2.dir/src/ds/d500/d500-depth-mapping.cpp.o[0m
[31.453s] [ 14%] [32mBuilding CXX object CMakeFiles/realsense2.dir/src/ds/d500/hw_monitor_extended_buffers.cpp.o[0m
[32.212s] [ 14%] [32mBuilding CXX object CMakeFiles/realsense2.dir/src/ds/d500/d500-options.cpp.o[0m
[33.987s] [ 14%] [32mBuilding CXX object CMakeFiles/realsense2.dir/src/ds/d500/d500-fw-update-device.cpp.o[0m
[34.531s] [ 14%] [32mBuilding CXX object CMakeFiles/realsense2.dir/src/ds/d500/d500-auto-calibration.cpp.o[0m
[35.594s] [ 14%] [32mBuilding CXX object CMakeFiles/realsense2.dir/src/ds/d500/d500-debug-protocol-calibration-engine.cpp.o[0m
[37.092s] [ 15%] [32mBuilding CXX object CMakeFiles/realsense2.dir/src/ds/ds-device-common.cpp.o[0m
[37.127s] [ 15%] [32mBuilding CXX object CMakeFiles/realsense2.dir/src/ds/ds-motion-common.cpp.o[0m
[38.444s] [ 15%] [32mBuilding CXX object CMakeFiles/realsense2.dir/src/ds/ds-color-common.cpp.o[0m
[38.463s] [ 15%] [32mBuilding CXX object CMakeFiles/realsense2.dir/src/ds/ds-active-common.cpp.o[0m
[41.640s] [ 15%] [32mBuilding CXX object CMakeFiles/realsense2.dir/src/ds/ds-private.cpp.o[0m
[43.163s] [ 16%] [32mBuilding CXX object CMakeFiles/realsense2.dir/src/ds/ds-timestamp.cpp.o[0m
[43.416s] [ 16%] [32mBuilding CXX object CMakeFiles/realsense2.dir/src/ds/ds-options.cpp.o[0m
[44.370s] [ 16%] [32mBuilding CXX object CMakeFiles/realsense2.dir/src/ds/advanced_mode/rs_advanced_mode.cpp.o[0m
[45.207s] [ 16%] [32mBuilding CXX object CMakeFiles/realsense2.dir/src/ds/advanced_mode/presets.cpp.o[0m
[45.903s] [ 16%] [32mBuilding CXX object CMakeFiles/realsense2.dir/src/ds/advanced_mode/advanced_mode.cpp.o[0m
[45.968s] [ 16%] [32mBuilding CXX object CMakeFiles/realsense2.dir/src/ds/ds-calib-parsers.cpp.o[0m
[46.009s] [ 17%] [32mBuilding CXX object CMakeFiles/realsense2.dir/src/ds/ds-calib-common.cpp.o[0m
[48.027s] [ 17%] [32mBuilding CXX object CMakeFiles/realsense2.dir/src/ds/ds-thermal-monitor.cpp.o[0m
[48.316s] [ 17%] [32mBuilding CXX object CMakeFiles/realsense2.dir/src/ds/features/amplitude-factor-feature.cpp.o[0m
[48.632s] [ 17%] [32mBuilding CXX object CMakeFiles/realsense2.dir/src/ds/features/emitter-frequency-feature.cpp.o[0m
[49.446s] [ 17%] [32mBuilding CXX object CMakeFiles/realsense2.dir/src/ds/features/auto-exposure-roi-feature.cpp.o[0m
[49.600s] [ 18%] [32mBuilding CXX object CMakeFiles/realsense2.dir/src/ds/features/remove-ir-pattern-feature.cpp.o[0m
[49.909s] [ 18%] [32mBuilding CXX object CMakeFiles/realsense2.dir/src/ds/features/auto-exposure-limit-feature.cpp.o[0m
[50.634s] [ 18%] [32mBuilding CXX object CMakeFiles/realsense2.dir/src/ds/features/gain-limit-feature.cpp.o[0m
[51.776s] [ 18%] [32mBuilding CXX object CMakeFiles/realsense2.dir/src/ds/features/gyro-sensitivity-feature.cpp.o[0m
[52.285s] [ 18%] [32mBuilding CXX object CMakeFiles/realsense2.dir/src/media/record/record_device.cpp.o[0m
[52.772s] [ 19%] [32mBuilding CXX object CMakeFiles/realsense2.dir/src/media/record/record_sensor.cpp.o[0m
[53.092s] [ 19%] [32mBuilding CXX object CMakeFiles/realsense2.dir/src/media/playback/playback_device.cpp.o[0m
[53.602s] [ 19%] [32mBuilding CXX object CMakeFiles/realsense2.dir/src/media/playback/playback_sensor.cpp.o[0m
[55.155s] [ 19%] [32mBuilding CXX object CMakeFiles/realsense2.dir/src/media/ros/ros_reader.cpp.o[0m
[55.917s] [ 19%] [32mBuilding CXX object CMakeFiles/realsense2.dir/src/media/ros/ros_writer.cpp.o[0m
[56.793s] [ 19%] [32mBuilding CXX object CMakeFiles/realsense2.dir/src/proc/sse/sse-align.cpp.o[0m
[57.023s] [ 20%] [32mBuilding CXX object CMakeFiles/realsense2.dir/src/proc/sse/sse-pointcloud.cpp.o[0m
[59.641s] [ 20%] [32mBuilding CXX object CMakeFiles/realsense2.dir/src/proc/neon/image-neon.cpp.o[0m
[60.328s] [ 20%] [32mBuilding CXX object CMakeFiles/realsense2.dir/src/proc/neon/neon-pointcloud.cpp.o[0m
[60.706s] [ 20%] [32mBuilding CXX object CMakeFiles/realsense2.dir/src/proc/neon/neon-align.cpp.o[0m
[61.126s] [ 20%] [32mBuilding CXX object CMakeFiles/realsense2.dir/src/proc/processing-blocks-factory.cpp.o[0m
[62.481s] [ 21%] [32mBuilding CXX object CMakeFiles/realsense2.dir/src/proc/align.cpp.o[0m
[62.506s] [ 21%] [32mBuilding CXX object CMakeFiles/realsense2.dir/src/proc/colorizer.cpp.o[0m
[62.949s] [ 21%] [32mBuilding CXX object CMakeFiles/realsense2.dir/src/proc/pointcloud.cpp.o[0m
[63.043s] [ 21%] [32mBuilding CXX object CMakeFiles/realsense2.dir/src/proc/occlusion-filter.cpp.o[0m
[63.428s] [ 21%] [32mBuilding CXX object CMakeFiles/realsense2.dir/src/proc/synthetic-stream.cpp.o[0m
[63.796s] [ 22%] [32mBuilding CXX object CMakeFiles/realsense2.dir/src/proc/syncer-processing-block.cpp.o[0m
[65.747s] [ 22%] [32mBuilding CXX object CMakeFiles/realsense2.dir/src/proc/decimation-filter.cpp.o[0m
[66.576s] [ 22%] [32mBuilding CXX object CMakeFiles/realsense2.dir/src/proc/rotation-filter.cpp.o[0m
[66.889s] [ 22%] [32mBuilding CXX object CMakeFiles/realsense2.dir/src/proc/spatial-filter.cpp.o[0m
[67.914s] [ 22%] [32mBuilding CXX object CMakeFiles/realsense2.dir/src/proc/temporal-filter.cpp.o[0m
[68.130s] [ 22%] [32mBuilding CXX object CMakeFiles/realsense2.dir/src/proc/hdr-merge.cpp.o[0m
[68.410s] [ 23%] [32mBuilding CXX object CMakeFiles/realsense2.dir/src/proc/sequence-id-filter.cpp.o[0m
[69.096s] [ 23%] [32mBuilding CXX object CMakeFiles/realsense2.dir/src/proc/hole-filling-filter.cpp.o[0m
[70.671s] [ 23%] [32mBuilding CXX object CMakeFiles/realsense2.dir/src/proc/disparity-transform.cpp.o[0m
[70.896s] [ 23%] [32mBuilding CXX object CMakeFiles/realsense2.dir/src/proc/y8i-to-y8y8.cpp.o[0m
[71.847s] [ 23%] [32mBuilding CXX object CMakeFiles/realsense2.dir/src/proc/y8i-to-y8y8-mipi.cpp.o[0m
[72.158s] [ 24%] [32mBuilding CXX object CMakeFiles/realsense2.dir/src/proc/y12i-to-y16y16.cpp.o[0m
[72.348s] [ 24%] [32mBuilding CXX object CMakeFiles/realsense2.dir/src/proc/y12i-to-y16y16-mipi.cpp.o[0m
[72.430s] [ 24%] [32mBuilding CXX object CMakeFiles/realsense2.dir/src/proc/y16i-10msb-to-y16y16.cpp.o[0m
[73.575s] [ 24%] [32mBuilding CXX object CMakeFiles/realsense2.dir/src/proc/y16-10msb-to-y16.cpp.o[0m
[73.828s] [ 24%] [32mBuilding CXX object CMakeFiles/realsense2.dir/src/proc/identity-processing-block.cpp.o[0m
[75.012s] [ 25%] [32mBuilding CXX object CMakeFiles/realsense2.dir/src/proc/threshold.cpp.o[0m
[75.225s] [ 25%] [32mBuilding CXX object CMakeFiles/realsense2.dir/src/proc/rates-printer.cpp.o[0m
[75.477s] [ 25%] [32mBuilding CXX object CMakeFiles/realsense2.dir/src/proc/units-transform.cpp.o[0m
[75.593s] [ 25%] [32mBuilding CXX object CMakeFiles/realsense2.dir/src/proc/rotation-transform.cpp.o[0m
[76.517s] [ 25%] [32mBuilding CXX object CMakeFiles/realsense2.dir/src/proc/color-formats-converter.cpp.o[0m
[76.565s] [ 26%] [32mBuilding CXX object CMakeFiles/realsense2.dir/src/proc/depth-formats-converter.cpp.o[0m
[76.621s] [ 26%] [32mBuilding CXX object CMakeFiles/realsense2.dir/src/proc/motion-transform.cpp.o[0m
[78.633s] [ 26%] [32mBuilding CXX object CMakeFiles/realsense2.dir/src/proc/auto-exposure-processor.cpp.o[0m
[78.798s] [ 26%] [32mBuilding CXX object CMakeFiles/realsense2.dir/src/proc/y411-converter.cpp.o[0m
[80.316s] [ 26%] [32mBuilding CXX object CMakeFiles/realsense2.dir/src/proc/formats-converter.cpp.o[0m
[80.571s] [ 26%] [32mBuilding CXX object CMakeFiles/realsense2.dir/src/proc/decimation-embedded-filter.cpp.o[0m
[80.774s] [ 27%] [32mBuilding CXX object CMakeFiles/realsense2.dir/src/proc/temporal-embedded-filter.cpp.o[0m
[81.681s] [ 27%] [32mBuilding CXX object CMakeFiles/realsense2.dir/src/pipeline/pipeline.cpp.o[0m
[82.326s] [ 27%] [32mBuilding CXX object CMakeFiles/realsense2.dir/src/pipeline/config.cpp.o[0m
[82.410s] [ 27%] [32mBuilding CXX object CMakeFiles/realsense2.dir/src/pipeline/profile.cpp.o[0m
[82.583s] [ 27%] [32mBuilding CXX object CMakeFiles/realsense2.dir/src/pipeline/aggregator.cpp.o[0m
[83.012s] [ 28%] [32mBuilding CXX object CMakeFiles/realsense2.dir/src/fw-logs/fw-log-data.cpp.o[0m
[84.215s] [ 28%] [32mBuilding CXX object CMakeFiles/realsense2.dir/src/fw-logs/fw-logs-formatting-options.cpp.o[0m
[84.596s] [ 28%] [32mBuilding CXX object CMakeFiles/realsense2.dir/src/fw-logs/fw-logs-parser.cpp.o[0m
[85.598s] [ 28%] [32mBuilding CXX object CMakeFiles/realsense2.dir/src/fw-logs/fw-logs-xml-helper.cpp.o[0m
[85.648s] [ 28%] [32mBuilding CXX object CMakeFiles/realsense2.dir/src/fw-logs/fw-string-formatter.cpp.o[0m
[85.808s] [ 29%] [32mBuilding CXX object CMakeFiles/realsense2.dir/src/fw-update/fw-update-device.cpp.o[0m
[86.602s] [ 29%] [32mBuilding CXX object CMakeFiles/realsense2.dir/src/fw-update/fw-update-factory.cpp.o[0m
[88.919s] [ 29%] [32mBuilding CXX object CMakeFiles/realsense2.dir/src/fw-update/fw-update-unsigned.cpp.o[0m
[88.944s] [ 29%] [32mBuilding CXX object CMakeFiles/realsense2.dir/src/libusb/context-libusb.cpp.o[0m
[88.978s] [ 29%] [32mBuilding CXX object CMakeFiles/realsense2.dir/src/libusb/interface-libusb.cpp.o[0m
[90.155s] [ 29%] [32mBuilding CXX object CMakeFiles/realsense2.dir/src/libusb/device-libusb.cpp.o[0m
[91.071s] [ 30%] [32mBuilding CXX object CMakeFiles/realsense2.dir/src/libusb/messenger-libusb.cpp.o[0m
[91.246s] [ 30%] [32mBuilding CXX object CMakeFiles/realsense2.dir/src/libusb/request-libusb.cpp.o[0m
[91.393s] [ 30%] [32mBuilding CXX object CMakeFiles/realsense2.dir/src/libusb/enumerator-libusb.cpp.o[0m
[92.265s] [ 30%] [32mBuilding CXX object CMakeFiles/realsense2.dir/src/linux/backend-v4l2.cpp.o[0m
[92.743s] [ 30%] [32mBuilding CXX object CMakeFiles/realsense2.dir/src/linux/backend-hid.cpp.o[0m
[92.794s] [ 31%] [32mBuilding CXX object CMakeFiles/realsense2.dir/src/linux/udev-device-watcher.cpp.o[0m
[93.487s] [ 31%] [32mBuilding CXX object CMakeFiles/realsense2.dir/src/algo.cpp.o[0m
[93.760s] [ 31%] [32mBuilding CXX object CMakeFiles/realsense2.dir/src/archive.cpp.o[0m
[93.880s] [ 31%] [32mBuilding CXX object CMakeFiles/realsense2.dir/src/backend.cpp.o[0m
[94.076s] [ 31%] [32mBuilding CXX object CMakeFiles/realsense2.dir/src/backend-device-factory.cpp.o[0m
[94.453s] [ 32%] [32mBuilding CXX object CMakeFiles/realsense2.dir/src/context.cpp.o[0m
[95.393s] [ 32%] [32mBuilding CXX object CMakeFiles/realsense2.dir/src/device.cpp.o[0m
[96.875s] [ 32%] [32mBuilding CXX object CMakeFiles/realsense2.dir/src/device-info.cpp.o[0m
[97.324s] [ 32%] [32mBuilding CXX object CMakeFiles/realsense2.dir/src/device_hub.cpp.o[0m
[97.515s] [ 32%] [32mBuilding CXX object CMakeFiles/realsense2.dir/src/environment.cpp.o[0m
[99.434s] [ 32%] [32mBuilding CXX object CMakeFiles/realsense2.dir/src/error-handling.cpp.o[0m
[99.554s] [ 33%] [32mBuilding CXX object CMakeFiles/realsense2.dir/src/firmware_logger_device.cpp.o[0m
[100.015s] [ 33%] [32mBuilding CXX object CMakeFiles/realsense2.dir/src/global_timestamp_reader.cpp.o[0m
[100.214s] [ 33%] [32mBuilding CXX object CMakeFiles/realsense2.dir/src/hdr-config.cpp.o[0m
[100.772s] [ 33%] [32mBuilding CXX object CMakeFiles/realsense2.dir/src/hw-monitor.cpp.o[0m
[101.336s] [ 33%] [32mBuilding CXX object CMakeFiles/realsense2.dir/src/image.cpp.o[0m
[101.559s] [ 34%] [32mBuilding CXX object CMakeFiles/realsense2.dir/src/image-avx.cpp.o[0m
[101.730s] [ 34%] [32mBuilding CXX object CMakeFiles/realsense2.dir/src/log.cpp.o[0m
[102.928s] [ 34%] [32mBuilding CXX object CMakeFiles/realsense2.dir/src/option.cpp.o[0m
[103.027s] [ 34%] [32mBuilding CXX object CMakeFiles/realsense2.dir/src/platform-camera.cpp.o[0m
[103.333s] [ 34%] [32mBuilding CXX object CMakeFiles/realsense2.dir/src/rs.cpp.o[0m
[103.838s] [ 35%] [32mBuilding CXX object CMakeFiles/realsense2.dir/src/sensor.cpp.o[0m
[104.065s] [ 35%] [32mBuilding CXX object CMakeFiles/realsense2.dir/src/hid-sensor.cpp.o[0m
[104.636s] [ 35%] [32mBuilding CXX object CMakeFiles/realsense2.dir/src/uvc-sensor.cpp.o[0m
[105.526s] [ 35%] [32mBuilding CXX object CMakeFiles/realsense2.dir/src/rscore-pp-block-factory.cpp.o[0m
[108.069s] [ 35%] [32mBuilding CXX object CMakeFiles/realsense2.dir/src/software-device.cpp.o[0m
[108.173s] [ 36%] [32mBuilding CXX object CMakeFiles/realsense2.dir/src/software-device-info.cpp.o[0m
[109.427s] [ 36%] [32mBuilding CXX object CMakeFiles/realsense2.dir/src/software-sensor.cpp.o[0m
[109.860s] [ 36%] [32mBuilding CXX object CMakeFiles/realsense2.dir/src/source.cpp.o[0m
[110.451s] [ 36%] [32mBuilding CXX object CMakeFiles/realsense2.dir/src/stream.cpp.o[0m
[111.065s] [ 36%] [32mBuilding CXX object CMakeFiles/realsense2.dir/src/sync.cpp.o[0m
[111.330s] [ 36%] [32mBuilding CXX object CMakeFiles/realsense2.dir/src/terminal-parser.cpp.o[0m
[112.023s] [ 37%] [32mBuilding CXX object CMakeFiles/realsense2.dir/src/types.cpp.o[0m
[112.107s] [ 37%] [32mBuilding C object CMakeFiles/realsense2.dir/src/verify.c.o[0m
[112.156s] [ 37%] [32mBuilding CXX object CMakeFiles/realsense2.dir/src/serialized-utilities.cpp.o[0m
[112.198s] [ 37%] [32mBuilding CXX object CMakeFiles/realsense2.dir/src/frame.cpp.o[0m
[113.348s] [ 37%] [32mBuilding CXX object CMakeFiles/realsense2.dir/src/points.cpp.o[0m
[113.790s] [ 38%] [32mBuilding CXX object CMakeFiles/realsense2.dir/src/labeled-points.cpp.o[0m
[115.154s] [ 38%] [32mBuilding CXX object CMakeFiles/realsense2.dir/src/eth-config-device.cpp.o[0m
[115.154s] [ 38%] [32mBuilding CXX object CMakeFiles/realsense2.dir/src/to-string.cpp.o[0m
[115.445s] [ 38%] [32mBuilding CXX object CMakeFiles/realsense2.dir/src/platform/platform-utils.cpp.o[0m
[115.722s] [ 38%] [32mBuilding CXX object CMakeFiles/realsense2.dir/src/platform/uvc-option.cpp.o[0m
[116.208s] [ 39%] [32mBuilding CXX object CMakeFiles/realsense2.dir/src/auto-calibrated-proxy.cpp.o[0m
[116.313s] [ 39%] [32mBuilding CXX object CMakeFiles/realsense2.dir/src/synthetic-options-watcher.cpp.o[0m
[116.799s] [ 39%] [32mBuilding CXX object CMakeFiles/realsense2.dir/third-party/easyloggingpp/src/easylogging++.cc.o[0m
[119.971s] In file included from [01m[K/usr/include/features.h:502[m[K,
[119.971s]                  from [01m[K/usr/include/x86_64-linux-gnu/c++/13/bits/os_defines.h:39[m[K,
[119.971s]                  from [01m[K/usr/include/x86_64-linux-gnu/c++/13/bits/c++config.h:679[m[K,
[119.971s]                  from [01m[K/usr/include/c++/13/ctime:41[m[K,
[119.971s]                  from [01m[K/home/grumpy/dd2419_ws_Group5_2026/src/librealsense/third-party/easyloggingpp/src/easylogging++.h:354[m[K,
[119.972s]                  from [01m[K/home/grumpy/dd2419_ws_Group5_2026/src/librealsense/third-party/easyloggingpp/src/easylogging++.cc:17[m[K:
[119.972s] In function ‘[01m[Ksize_t[01;32m[K wcstombs[m[K(char*, const wchar_t*, size_t)[m[K’,
[119.972s]     inlined from ‘[01m[Kstatic char* el::base::utils::Str::[01;32m[KwcharPtrToCharPtr[m[K(const wchar_t*)[m[K’ at [01m[K/home/grumpy/dd2419_ws_Group5_2026/src/librealsense/third-party/easyloggingpp/src/easylogging++.cc:1022:16[m[K:
[119.972s] [01m[K/usr/include/x86_64-linux-gnu/bits/stdlib.h:146:10:[m[K [01;35m[Kwarning: [m[K‘[01m[Ksize_t[01;32m[K __wcstombs_alias[m[K(char*, const wchar_t*, size_t)[m[K’ specified size 18446744073709551614 exceeds maximum object size 9223372036854775807 [[01;35m[K]8;;https://gcc.gnu.org/onlinedocs/gcc/Warning-Options.html#index-Wstringop-overflow=-Wstringop-overflow=]8;;[m[K]
[119.972s]   146 |   return [01;35m[K__glibc_fortify[m[K (wcstombs, __len, sizeof (char),
[119.972s]       |          [01;35m[K^~~~~~~~~~~~~~~[m[K
[119.972s] [01m[K/usr/include/x86_64-linux-gnu/bits/stdlib.h:[m[K In static member function ‘[01m[Kstatic char* el::base::utils::Str::[01;32m[KwcharPtrToCharPtr[m[K(const wchar_t*)[m[K’:
[119.972s] [01m[K/usr/include/x86_64-linux-gnu/bits/stdlib.h:131:15:[m[K [01;36m[Knote: [m[Kin a call to function ‘[01m[Ksize_t[01;32m[K __wcstombs_alias[m[K(char*, const wchar_t*, size_t)[m[K’ declared with attribute ‘[01m[Kaccess (read_only, 2)[m[K’
[119.972s]   131 | extern size_t [01;36m[K__REDIRECT_NTH[m[K (__wcstombs_alias,
[119.972s]       |               [01;36m[K^~~~~~~~~~~~~~[m[K
[126.712s] [ 39%] [1m[32mLinking CXX shared library Release/librealsense2.so[0m
[126.790s] /usr/bin/ld: cannot find -ludev: No such file or directory
[126.817s] collect2: error: ld returned 1 exit status
[126.819s] gmake[2]: *** [CMakeFiles/realsense2.dir/build.make:2633: Release/librealsense2.so.2.57.5] Error 1
[126.819s] gmake[1]: *** [CMakeFiles/Makefile2:1115: CMakeFiles/realsense2.dir/all] Error 2
[126.819s] gmake: *** [Makefile:136: all] Error 2
