[0.336s] Invoking command in '/home/grumpy/dd2419_ws_Group5_2026/build/phidgets_msgs': CMAKE_PREFIX_PATH=/home/grumpy/dd2419_ws_Group5_2026/.pixi/envs/default DEBUGINFOD_URLS=https://debuginfod.ubuntu.com PIXI_PROMPT=(dd2419_ws) /home/grumpy/dd2419_ws_Group5_2026/.pixi/envs/default/bin/cmake /home/grumpy/dd2419_ws_Group5_2026/src/phidgets_drivers/phidgets_msgs -DCMAKE_INSTALL_PREFIX=/home/grumpy/dd2419_ws_Group5_2026/install/phidgets_msgs
[0.385s] [0mCMake Deprecation Warning at CMakeLists.txt:1 (cmake_minimum_required):
[0.386s]   Compatibility with CMake < 3.10 will be removed from a future version of
[0.386s]   CMake.
[0.386s] 
[0.386s]   Update the VERSION argument <min> value.  Or, use the <min>...<max> syntax
[0.386s]   to tell CMake that the project requires at least <min> but has been updated
[0.386s]   to work with policies introduced by <max> or earlier.
[0.386s] 
[0.386s] [0m
[0.402s] -- Found ament_cmake: 2.5.4 (/home/grumpy/dd2419_ws_Group5_2026/.pixi/envs/default/share/ament_cmake/cmake)
[0.855s] [31mCMake Error at CMakeLists.txt:14 (find_package):
[0.855s]   By not providing "Findrosidl_default_generators.cmake" in CMAKE_MODULE_PATH
[0.855s]   this project has asked CMake to find a package configuration file provided
[0.856s]   by "rosidl_default_generators", but CMake did not find one.
[0.856s] 
[0.856s]   Could not find a package configuration file provided by
[0.856s]   "rosidl_default_generators" with any of the following names:
[0.856s] 
[0.856s]     rosidl_default_generatorsConfig.cmake
[0.856s]     rosidl_default_generators-config.cmake
[0.856s] 
[0.856s]   Add the installation prefix of "rosidl_default_generators" to
[0.856s]   CMAKE_PREFIX_PATH or set "rosidl_default_generators_DIR" to a directory
[0.856s]   containing one of the above files.  If "rosidl_default_generators" provides
[0.856s]   a separate development package or SDK, be sure it has been installed.
[0.857s] 
[0.857s] [0m
[0.868s] -- Configuring incomplete, errors occurred!
[0.973s] Invoked command in '/home/grumpy/dd2419_ws_Group5_2026/build/phidgets_msgs' returned '1': CMAKE_PREFIX_PATH=/home/grumpy/dd2419_ws_Group5_2026/.pixi/envs/default DEBUGINFOD_URLS=https://debuginfod.ubuntu.com PIXI_PROMPT=(dd2419_ws) /home/grumpy/dd2419_ws_Group5_2026/.pixi/envs/default/bin/cmake /home/grumpy/dd2419_ws_Group5_2026/src/phidgets_drivers/phidgets_msgs -DCMAKE_INSTALL_PREFIX=/home/grumpy/dd2419_ws_Group5_2026/install/phidgets_msgs
