running develop
/home/grumpy/dd2419_ws_Group5_2026/.pixi/envs/default/lib/python3.12/site-packages/setuptools/command/develop.py:41: EasyInstallDeprecationWarning: easy_install command is deprecated.
!!

        ********************************************************************************
        Please avoid running ``setup.py`` and ``easy_install``.
        Instead, use pypa/build, pypa/installer or other
        standards-based tools.

        See https://github.com/pypa/setuptools/issues/917 for details.
        ********************************************************************************

!!
  easy_install.initialize_options(self)
/home/grumpy/dd2419_ws_Group5_2026/.pixi/envs/default/lib/python3.12/site-packages/setuptools/_distutils/cmd.py:90: SetuptoolsDeprecationWarning: setup.py install is deprecated.
!!

        ********************************************************************************
        Please avoid running ``setup.py`` directly.
        Instead, use pypa/build, pypa/installer or other
        standards-based tools.

        See https://blog.ganssle.io/articles/2021/10/setup-py-deprecated.html for details.
        ********************************************************************************

!!
  self.initialize_options()
/home/grumpy/dd2419_ws_Group5_2026/.pixi/envs/default/lib/python3.12/site-packages/setuptools/command/easy_install.py:334: UserWarning: Unbuilt egg for pytest-repeat [unknown version] (/usr/lib/python3/dist-packages)
  self.local_index = Environment(self.shadow_path + sys.path)
Removing /home/grumpy/dd2419_ws_Group5_2026/install/learning_tf2_py/lib/python3.12/site-packages/learning-tf2-py.egg-link (link to .)
running egg_info
writing ../../build/learning_tf2_py/learning_tf2_py.egg-info/PKG-INFO
writing dependency_links to ../../build/learning_tf2_py/learning_tf2_py.egg-info/dependency_links.txt
writing entry points to ../../build/learning_tf2_py/learning_tf2_py.egg-info/entry_points.txt
writing requirements to ../../build/learning_tf2_py/learning_tf2_py.egg-info/requires.txt
writing top-level names to ../../build/learning_tf2_py/learning_tf2_py.egg-info/top_level.txt
reading manifest file '../../build/learning_tf2_py/learning_tf2_py.egg-info/SOURCES.txt'
writing manifest file '../../build/learning_tf2_py/learning_tf2_py.egg-info/SOURCES.txt'
running build
running build_py
copying learning_tf2_py/timestamp.py -> /home/grumpy/dd2419_ws_Group5_2026/build/learning_tf2_py/build/lib/learning_tf2_py
copying learning_tf2_py/random_nav.py -> /home/grumpy/dd2419_ws_Group5_2026/build/learning_tf2_py/build/lib/learning_tf2_py
copying learning_tf2_py/executors.py -> /home/grumpy/dd2419_ws_Group5_2026/build/learning_tf2_py/build/lib/learning_tf2_py
copying learning_tf2_py/arm_safe_republisher.py -> /home/grumpy/dd2419_ws_Group5_2026/build/learning_tf2_py/build/lib/learning_tf2_py
copying learning_tf2_py/__init__.py -> /home/grumpy/dd2419_ws_Group5_2026/build/learning_tf2_py/build/lib/learning_tf2_py
copying learning_tf2_py/threading.py -> /home/grumpy/dd2419_ws_Group5_2026/build/learning_tf2_py/build/lib/learning_tf2_py
copying learning_tf2_py/keyboard_node.py -> /home/grumpy/dd2419_ws_Group5_2026/build/learning_tf2_py/build/lib/learning_tf2_py
copying learning_tf2_py/copy.py -> /home/grumpy/dd2419_ws_Group5_2026/build/learning_tf2_py/build/lib/learning_tf2_py
copying learning_tf2_py/pickup_hardcoded.py -> /home/grumpy/dd2419_ws_Group5_2026/build/learning_tf2_py/build/lib/learning_tf2_py
copying learning_tf2_py/interpolation.py -> /home/grumpy/dd2419_ws_Group5_2026/build/learning_tf2_py/build/lib/learning_tf2_py
copying learning_tf2_py/pickup.py -> /home/grumpy/dd2419_ws_Group5_2026/build/learning_tf2_py/build/lib/learning_tf2_py
running install
/home/grumpy/dd2419_ws_Group5_2026/.pixi/envs/default/lib/python3.12/site-packages/setuptools/_distutils/cmd.py:90: SetuptoolsDeprecationWarning: setup.py install is deprecated.
!!

        ********************************************************************************
        Please avoid running ``setup.py`` directly.
        Instead, use pypa/build, pypa/installer or other
        standards-based tools.

        See https://blog.ganssle.io/articles/2021/10/setup-py-deprecated.html for details.
        ********************************************************************************

!!
  self.initialize_options()
running install_lib
creating /home/grumpy/dd2419_ws_Group5_2026/install/learning_tf2_py/lib/python3.12/site-packages/learning_tf2_py
copying /home/grumpy/dd2419_ws_Group5_2026/build/learning_tf2_py/build/lib/learning_tf2_py/timestamp.py -> /home/grumpy/dd2419_ws_Group5_2026/install/learning_tf2_py/lib/python3.12/site-packages/learning_tf2_py
copying /home/grumpy/dd2419_ws_Group5_2026/build/learning_tf2_py/build/lib/learning_tf2_py/random_nav.py -> /home/grumpy/dd2419_ws_Group5_2026/install/learning_tf2_py/lib/python3.12/site-packages/learning_tf2_py
copying /home/grumpy/dd2419_ws_Group5_2026/build/learning_tf2_py/build/lib/learning_tf2_py/executors.py -> /home/grumpy/dd2419_ws_Group5_2026/install/learning_tf2_py/lib/python3.12/site-packages/learning_tf2_py
copying /home/grumpy/dd2419_ws_Group5_2026/build/learning_tf2_py/build/lib/learning_tf2_py/arm_safe_republisher.py -> /home/grumpy/dd2419_ws_Group5_2026/install/learning_tf2_py/lib/python3.12/site-packages/learning_tf2_py
copying /home/grumpy/dd2419_ws_Group5_2026/build/learning_tf2_py/build/lib/learning_tf2_py/__init__.py -> /home/grumpy/dd2419_ws_Group5_2026/install/learning_tf2_py/lib/python3.12/site-packages/learning_tf2_py
copying /home/grumpy/dd2419_ws_Group5_2026/build/learning_tf2_py/build/lib/learning_tf2_py/threading.py -> /home/grumpy/dd2419_ws_Group5_2026/install/learning_tf2_py/lib/python3.12/site-packages/learning_tf2_py
copying /home/grumpy/dd2419_ws_Group5_2026/build/learning_tf2_py/build/lib/learning_tf2_py/keyboard_node.py -> /home/grumpy/dd2419_ws_Group5_2026/install/learning_tf2_py/lib/python3.12/site-packages/learning_tf2_py
copying /home/grumpy/dd2419_ws_Group5_2026/build/learning_tf2_py/build/lib/learning_tf2_py/copy.py -> /home/grumpy/dd2419_ws_Group5_2026/install/learning_tf2_py/lib/python3.12/site-packages/learning_tf2_py
copying /home/grumpy/dd2419_ws_Group5_2026/build/learning_tf2_py/build/lib/learning_tf2_py/pickup_hardcoded.py -> /home/grumpy/dd2419_ws_Group5_2026/install/learning_tf2_py/lib/python3.12/site-packages/learning_tf2_py
copying /home/grumpy/dd2419_ws_Group5_2026/build/learning_tf2_py/build/lib/learning_tf2_py/interpolation.py -> /home/grumpy/dd2419_ws_Group5_2026/install/learning_tf2_py/lib/python3.12/site-packages/learning_tf2_py
copying /home/grumpy/dd2419_ws_Group5_2026/build/learning_tf2_py/build/lib/learning_tf2_py/pickup.py -> /home/grumpy/dd2419_ws_Group5_2026/install/learning_tf2_py/lib/python3.12/site-packages/learning_tf2_py
byte-compiling /home/grumpy/dd2419_ws_Group5_2026/install/learning_tf2_py/lib/python3.12/site-packages/learning_tf2_py/timestamp.py to timestamp.cpython-312.pyc
byte-compiling /home/grumpy/dd2419_ws_Group5_2026/install/learning_tf2_py/lib/python3.12/site-packages/learning_tf2_py/random_nav.py to random_nav.cpython-312.pyc
byte-compiling /home/grumpy/dd2419_ws_Group5_2026/install/learning_tf2_py/lib/python3.12/site-packages/learning_tf2_py/executors.py to executors.cpython-312.pyc
byte-compiling /home/grumpy/dd2419_ws_Group5_2026/install/learning_tf2_py/lib/python3.12/site-packages/learning_tf2_py/arm_safe_republisher.py to arm_safe_republisher.cpython-312.pyc
byte-compiling /home/grumpy/dd2419_ws_Group5_2026/install/learning_tf2_py/lib/python3.12/site-packages/learning_tf2_py/__init__.py to __init__.cpython-312.pyc
byte-compiling /home/grumpy/dd2419_ws_Group5_2026/install/learning_tf2_py/lib/python3.12/site-packages/learning_tf2_py/threading.py to threading.cpython-312.pyc
byte-compiling /home/grumpy/dd2419_ws_Group5_2026/install/learning_tf2_py/lib/python3.12/site-packages/learning_tf2_py/keyboard_node.py to keyboard_node.cpython-312.pyc
byte-compiling /home/grumpy/dd2419_ws_Group5_2026/install/learning_tf2_py/lib/python3.12/site-packages/learning_tf2_py/copy.py to copy.cpython-312.pyc
byte-compiling /home/grumpy/dd2419_ws_Group5_2026/install/learning_tf2_py/lib/python3.12/site-packages/learning_tf2_py/pickup_hardcoded.py to pickup_hardcoded.cpython-312.pyc
byte-compiling /home/grumpy/dd2419_ws_Group5_2026/install/learning_tf2_py/lib/python3.12/site-packages/learning_tf2_py/interpolation.py to interpolation.cpython-312.pyc
byte-compiling /home/grumpy/dd2419_ws_Group5_2026/install/learning_tf2_py/lib/python3.12/site-packages/learning_tf2_py/pickup.py to pickup.cpython-312.pyc
running install_data
copying resource/learning_tf2_py -> /home/grumpy/dd2419_ws_Group5_2026/install/learning_tf2_py/share/ament_index/resource_index/packages
copying package.xml -> /home/grumpy/dd2419_ws_Group5_2026/install/learning_tf2_py/share/learning_tf2_py
copying launch/arm_init.xml -> /home/grumpy/dd2419_ws_Group5_2026/install/learning_tf2_py/share/learning_tf2_py/launch
running install_egg_info
Copying ../../build/learning_tf2_py/learning_tf2_py.egg-info to /home/grumpy/dd2419_ws_Group5_2026/install/learning_tf2_py/lib/python3.12/site-packages/learning_tf2_py-0.0.0-py3.12.egg-info
running install_scripts
Installing arm_safe_republisher script to /home/grumpy/dd2419_ws_Group5_2026/install/learning_tf2_py/lib/learning_tf2_py
Installing executors script to /home/grumpy/dd2419_ws_Group5_2026/install/learning_tf2_py/lib/learning_tf2_py
Installing interpolation script to /home/grumpy/dd2419_ws_Group5_2026/install/learning_tf2_py/lib/learning_tf2_py
Installing keyboard script to /home/grumpy/dd2419_ws_Group5_2026/install/learning_tf2_py/lib/learning_tf2_py
Installing pickup script to /home/grumpy/dd2419_ws_Group5_2026/install/learning_tf2_py/lib/learning_tf2_py
Installing pickup_hardcoded script to /home/grumpy/dd2419_ws_Group5_2026/install/learning_tf2_py/lib/learning_tf2_py
Installing random_nav script to /home/grumpy/dd2419_ws_Group5_2026/install/learning_tf2_py/lib/learning_tf2_py
Installing threading script to /home/grumpy/dd2419_ws_Group5_2026/install/learning_tf2_py/lib/learning_tf2_py
Installing timestamp script to /home/grumpy/dd2419_ws_Group5_2026/install/learning_tf2_py/lib/learning_tf2_py
writing list of installed files to '/home/grumpy/dd2419_ws_Group5_2026/build/learning_tf2_py/install.log'
