[0.669s] Invoking command in '/home/grumpy/dd2419_ws_Group5_2026/build/learning_tf2_py': DEBUGINFOD_URLS=https://debuginfod.ubuntu.com PYTHONPATH=/home/grumpy/dd2419_ws_Group5_2026/build/learning_tf2_py/prefix_override:/home/grumpy/dd2419_ws_Group5_2026/install/learning_tf2_py/lib/python3.12/site-packages:${PYTHONPATH} /usr/bin/python3 setup.py develop --uninstall --editable --build-directory /home/grumpy/dd2419_ws_Group5_2026/build/learning_tf2_py/build
[0.877s] running develop
[0.877s] /home/grumpy/dd2419_ws_Group5_2026/.pixi/envs/default/lib/python3.12/site-packages/setuptools/command/develop.py:41: EasyInstallDeprecationWarning: easy_install command is deprecated.
[0.877s] !!
[0.877s] 
[0.877s]         ********************************************************************************
[0.877s]         Please avoid running ``setup.py`` and ``easy_install``.
[0.877s]         Instead, use pypa/build, pypa/installer or other
[0.877s]         standards-based tools.
[0.877s] 
[0.877s]         See https://github.com/pypa/setuptools/issues/917 for details.
[0.877s]         ********************************************************************************
[0.877s] 
[0.877s] !!
[0.877s]   easy_install.initialize_options(self)
[0.906s] /home/grumpy/dd2419_ws_Group5_2026/.pixi/envs/default/lib/python3.12/site-packages/setuptools/_distutils/cmd.py:90: SetuptoolsDeprecationWarning: setup.py install is deprecated.
[0.906s] !!
[0.907s] 
[0.907s]         ********************************************************************************
[0.907s]         Please avoid running ``setup.py`` directly.
[0.907s]         Instead, use pypa/build, pypa/installer or other
[0.907s]         standards-based tools.
[0.907s] 
[0.907s]         See https://blog.ganssle.io/articles/2021/10/setup-py-deprecated.html for details.
[0.907s]         ********************************************************************************
[0.907s] 
[0.907s] !!
[0.907s]   self.initialize_options()
[0.986s] /home/grumpy/dd2419_ws_Group5_2026/.pixi/envs/default/lib/python3.12/site-packages/setuptools/command/easy_install.py:334: UserWarning: Unbuilt egg for pytest-repeat [unknown version] (/usr/lib/python3/dist-packages)
[0.986s]   self.local_index = Environment(self.shadow_path + sys.path)
[1.006s] Removing /home/grumpy/dd2419_ws_Group5_2026/install/learning_tf2_py/lib/python3.12/site-packages/learning-tf2-py.egg-link (link to .)
[1.030s] Invoked command in '/home/grumpy/dd2419_ws_Group5_2026/build/learning_tf2_py' returned '0': DEBUGINFOD_URLS=https://debuginfod.ubuntu.com PYTHONPATH=/home/grumpy/dd2419_ws_Group5_2026/build/learning_tf2_py/prefix_override:/home/grumpy/dd2419_ws_Group5_2026/install/learning_tf2_py/lib/python3.12/site-packages:${PYTHONPATH} /usr/bin/python3 setup.py develop --uninstall --editable --build-directory /home/grumpy/dd2419_ws_Group5_2026/build/learning_tf2_py/build
[1.031s] Invoking command in '/home/grumpy/dd2419_ws_Group5_2026/src/learning_tf2_py': DEBUGINFOD_URLS=https://debuginfod.ubuntu.com PYTHONPATH=/home/grumpy/dd2419_ws_Group5_2026/build/learning_tf2_py/prefix_override:/home/grumpy/dd2419_ws_Group5_2026/install/learning_tf2_py/lib/python3.12/site-packages:${PYTHONPATH} /usr/bin/python3 setup.py egg_info --egg-base ../../build/learning_tf2_py build --build-base /home/grumpy/dd2419_ws_Group5_2026/build/learning_tf2_py/build install --record /home/grumpy/dd2419_ws_Group5_2026/build/learning_tf2_py/install.log --single-version-externally-managed
[1.218s] running egg_info
[1.233s] writing ../../build/learning_tf2_py/learning_tf2_py.egg-info/PKG-INFO
[1.233s] writing dependency_links to ../../build/learning_tf2_py/learning_tf2_py.egg-info/dependency_links.txt
[1.233s] writing entry points to ../../build/learning_tf2_py/learning_tf2_py.egg-info/entry_points.txt
[1.233s] writing requirements to ../../build/learning_tf2_py/learning_tf2_py.egg-info/requires.txt
[1.233s] writing top-level names to ../../build/learning_tf2_py/learning_tf2_py.egg-info/top_level.txt
[1.263s] reading manifest file '../../build/learning_tf2_py/learning_tf2_py.egg-info/SOURCES.txt'
[1.264s] writing manifest file '../../build/learning_tf2_py/learning_tf2_py.egg-info/SOURCES.txt'
[1.264s] running build
[1.264s] running build_py
[1.264s] copying learning_tf2_py/timestamp.py -> /home/grumpy/dd2419_ws_Group5_2026/build/learning_tf2_py/build/lib/learning_tf2_py
[1.264s] copying learning_tf2_py/random_nav.py -> /home/grumpy/dd2419_ws_Group5_2026/build/learning_tf2_py/build/lib/learning_tf2_py
[1.264s] copying learning_tf2_py/executors.py -> /home/grumpy/dd2419_ws_Group5_2026/build/learning_tf2_py/build/lib/learning_tf2_py
[1.265s] copying learning_tf2_py/arm_safe_republisher.py -> /home/grumpy/dd2419_ws_Group5_2026/build/learning_tf2_py/build/lib/learning_tf2_py
[1.265s] copying learning_tf2_py/__init__.py -> /home/grumpy/dd2419_ws_Group5_2026/build/learning_tf2_py/build/lib/learning_tf2_py
[1.265s] copying learning_tf2_py/threading.py -> /home/grumpy/dd2419_ws_Group5_2026/build/learning_tf2_py/build/lib/learning_tf2_py
[1.265s] copying learning_tf2_py/keyboard_node.py -> /home/grumpy/dd2419_ws_Group5_2026/build/learning_tf2_py/build/lib/learning_tf2_py
[1.265s] copying learning_tf2_py/copy.py -> /home/grumpy/dd2419_ws_Group5_2026/build/learning_tf2_py/build/lib/learning_tf2_py
[1.265s] copying learning_tf2_py/pickup_hardcoded.py -> /home/grumpy/dd2419_ws_Group5_2026/build/learning_tf2_py/build/lib/learning_tf2_py
[1.265s] copying learning_tf2_py/interpolation.py -> /home/grumpy/dd2419_ws_Group5_2026/build/learning_tf2_py/build/lib/learning_tf2_py
[1.265s] copying learning_tf2_py/pickup.py -> /home/grumpy/dd2419_ws_Group5_2026/build/learning_tf2_py/build/lib/learning_tf2_py
[1.265s] running install
[1.266s] /home/grumpy/dd2419_ws_Group5_2026/.pixi/envs/default/lib/python3.12/site-packages/setuptools/_distutils/cmd.py:90: SetuptoolsDeprecationWarning: setup.py install is deprecated.
[1.266s] !!
[1.266s] 
[1.266s]         ********************************************************************************
[1.266s]         Please avoid running ``setup.py`` directly.
[1.266s]         Instead, use pypa/build, pypa/installer or other
[1.266s]         standards-based tools.
[1.266s] 
[1.266s]         See https://blog.ganssle.io/articles/2021/10/setup-py-deprecated.html for details.
[1.266s]         ********************************************************************************
[1.266s] 
[1.266s] !!
[1.266s]   self.initialize_options()
[1.270s] running install_lib
[1.284s] creating /home/grumpy/dd2419_ws_Group5_2026/install/learning_tf2_py/lib/python3.12/site-packages/learning_tf2_py
[1.284s] copying /home/grumpy/dd2419_ws_Group5_2026/build/learning_tf2_py/build/lib/learning_tf2_py/timestamp.py -> /home/grumpy/dd2419_ws_Group5_2026/install/learning_tf2_py/lib/python3.12/site-packages/learning_tf2_py
[1.284s] copying /home/grumpy/dd2419_ws_Group5_2026/build/learning_tf2_py/build/lib/learning_tf2_py/random_nav.py -> /home/grumpy/dd2419_ws_Group5_2026/install/learning_tf2_py/lib/python3.12/site-packages/learning_tf2_py
[1.284s] copying /home/grumpy/dd2419_ws_Group5_2026/build/learning_tf2_py/build/lib/learning_tf2_py/executors.py -> /home/grumpy/dd2419_ws_Group5_2026/install/learning_tf2_py/lib/python3.12/site-packages/learning_tf2_py
[1.284s] copying /home/grumpy/dd2419_ws_Group5_2026/build/learning_tf2_py/build/lib/learning_tf2_py/arm_safe_republisher.py -> /home/grumpy/dd2419_ws_Group5_2026/install/learning_tf2_py/lib/python3.12/site-packages/learning_tf2_py
[1.284s] copying /home/grumpy/dd2419_ws_Group5_2026/build/learning_tf2_py/build/lib/learning_tf2_py/__init__.py -> /home/grumpy/dd2419_ws_Group5_2026/install/learning_tf2_py/lib/python3.12/site-packages/learning_tf2_py
[1.284s] copying /home/grumpy/dd2419_ws_Group5_2026/build/learning_tf2_py/build/lib/learning_tf2_py/threading.py -> /home/grumpy/dd2419_ws_Group5_2026/install/learning_tf2_py/lib/python3.12/site-packages/learning_tf2_py
[1.284s] copying /home/grumpy/dd2419_ws_Group5_2026/build/learning_tf2_py/build/lib/learning_tf2_py/keyboard_node.py -> /home/grumpy/dd2419_ws_Group5_2026/install/learning_tf2_py/lib/python3.12/site-packages/learning_tf2_py
[1.285s] copying /home/grumpy/dd2419_ws_Group5_2026/build/learning_tf2_py/build/lib/learning_tf2_py/copy.py -> /home/grumpy/dd2419_ws_Group5_2026/install/learning_tf2_py/lib/python3.12/site-packages/learning_tf2_py
[1.285s] copying /home/grumpy/dd2419_ws_Group5_2026/build/learning_tf2_py/build/lib/learning_tf2_py/pickup_hardcoded.py -> /home/grumpy/dd2419_ws_Group5_2026/install/learning_tf2_py/lib/python3.12/site-packages/learning_tf2_py
[1.285s] copying /home/grumpy/dd2419_ws_Group5_2026/build/learning_tf2_py/build/lib/learning_tf2_py/interpolation.py -> /home/grumpy/dd2419_ws_Group5_2026/install/learning_tf2_py/lib/python3.12/site-packages/learning_tf2_py
[1.285s] copying /home/grumpy/dd2419_ws_Group5_2026/build/learning_tf2_py/build/lib/learning_tf2_py/pickup.py -> /home/grumpy/dd2419_ws_Group5_2026/install/learning_tf2_py/lib/python3.12/site-packages/learning_tf2_py
[1.285s] byte-compiling /home/grumpy/dd2419_ws_Group5_2026/install/learning_tf2_py/lib/python3.12/site-packages/learning_tf2_py/timestamp.py to timestamp.cpython-312.pyc
[1.285s] byte-compiling /home/grumpy/dd2419_ws_Group5_2026/install/learning_tf2_py/lib/python3.12/site-packages/learning_tf2_py/random_nav.py to random_nav.cpython-312.pyc
[1.287s] byte-compiling /home/grumpy/dd2419_ws_Group5_2026/install/learning_tf2_py/lib/python3.12/site-packages/learning_tf2_py/executors.py to executors.cpython-312.pyc
[1.287s] byte-compiling /home/grumpy/dd2419_ws_Group5_2026/install/learning_tf2_py/lib/python3.12/site-packages/learning_tf2_py/arm_safe_republisher.py to arm_safe_republisher.cpython-312.pyc
[1.287s] byte-compiling /home/grumpy/dd2419_ws_Group5_2026/install/learning_tf2_py/lib/python3.12/site-packages/learning_tf2_py/__init__.py to __init__.cpython-312.pyc
[1.287s] byte-compiling /home/grumpy/dd2419_ws_Group5_2026/install/learning_tf2_py/lib/python3.12/site-packages/learning_tf2_py/threading.py to threading.cpython-312.pyc
[1.288s] byte-compiling /home/grumpy/dd2419_ws_Group5_2026/install/learning_tf2_py/lib/python3.12/site-packages/learning_tf2_py/keyboard_node.py to keyboard_node.cpython-312.pyc
[1.289s] byte-compiling /home/grumpy/dd2419_ws_Group5_2026/install/learning_tf2_py/lib/python3.12/site-packages/learning_tf2_py/copy.py to copy.cpython-312.pyc
[1.289s] byte-compiling /home/grumpy/dd2419_ws_Group5_2026/install/learning_tf2_py/lib/python3.12/site-packages/learning_tf2_py/pickup_hardcoded.py to pickup_hardcoded.cpython-312.pyc
[1.289s] byte-compiling /home/grumpy/dd2419_ws_Group5_2026/install/learning_tf2_py/lib/python3.12/site-packages/learning_tf2_py/interpolation.py to interpolation.cpython-312.pyc
[1.290s] byte-compiling /home/grumpy/dd2419_ws_Group5_2026/install/learning_tf2_py/lib/python3.12/site-packages/learning_tf2_py/pickup.py to pickup.cpython-312.pyc
[1.292s] running install_data
[1.307s] copying resource/learning_tf2_py -> /home/grumpy/dd2419_ws_Group5_2026/install/learning_tf2_py/share/ament_index/resource_index/packages
[1.307s] copying package.xml -> /home/grumpy/dd2419_ws_Group5_2026/install/learning_tf2_py/share/learning_tf2_py
[1.307s] copying launch/arm_init.xml -> /home/grumpy/dd2419_ws_Group5_2026/install/learning_tf2_py/share/learning_tf2_py/launch
[1.307s] running install_egg_info
[1.322s] Copying ../../build/learning_tf2_py/learning_tf2_py.egg-info to /home/grumpy/dd2419_ws_Group5_2026/install/learning_tf2_py/lib/python3.12/site-packages/learning_tf2_py-0.0.0-py3.12.egg-info
[1.322s] running install_scripts
[1.394s] Installing arm_safe_republisher script to /home/grumpy/dd2419_ws_Group5_2026/install/learning_tf2_py/lib/learning_tf2_py
[1.394s] Installing executors script to /home/grumpy/dd2419_ws_Group5_2026/install/learning_tf2_py/lib/learning_tf2_py
[1.395s] Installing interpolation script to /home/grumpy/dd2419_ws_Group5_2026/install/learning_tf2_py/lib/learning_tf2_py
[1.395s] Installing keyboard script to /home/grumpy/dd2419_ws_Group5_2026/install/learning_tf2_py/lib/learning_tf2_py
[1.395s] Installing pickup script to /home/grumpy/dd2419_ws_Group5_2026/install/learning_tf2_py/lib/learning_tf2_py
[1.395s] Installing pickup_hardcoded script to /home/grumpy/dd2419_ws_Group5_2026/install/learning_tf2_py/lib/learning_tf2_py
[1.395s] Installing random_nav script to /home/grumpy/dd2419_ws_Group5_2026/install/learning_tf2_py/lib/learning_tf2_py
[1.395s] Installing threading script to /home/grumpy/dd2419_ws_Group5_2026/install/learning_tf2_py/lib/learning_tf2_py
[1.395s] Installing timestamp script to /home/grumpy/dd2419_ws_Group5_2026/install/learning_tf2_py/lib/learning_tf2_py
[1.395s] writing list of installed files to '/home/grumpy/dd2419_ws_Group5_2026/build/learning_tf2_py/install.log'
[1.418s] Invoked command in '/home/grumpy/dd2419_ws_Group5_2026/src/learning_tf2_py' returned '0': DEBUGINFOD_URLS=https://debuginfod.ubuntu.com PYTHONPATH=/home/grumpy/dd2419_ws_Group5_2026/build/learning_tf2_py/prefix_override:/home/grumpy/dd2419_ws_Group5_2026/install/learning_tf2_py/lib/python3.12/site-packages:${PYTHONPATH} /usr/bin/python3 setup.py egg_info --egg-base ../../build/learning_tf2_py build --build-base /home/grumpy/dd2419_ws_Group5_2026/build/learning_tf2_py/build install --record /home/grumpy/dd2419_ws_Group5_2026/build/learning_tf2_py/install.log --single-version-externally-managed
