[0.240s] Invoking command in '/home/grumpy/dd2419_ws_Group5_2026/build/aruco_msgs': CMAKE_PREFIX_PATH=/home/grumpy/dd2419_ws_Group5_2026/.pixi/envs/default DEBUGINFOD_URLS=https://debuginfod.ubuntu.com PIXI_PROMPT=(dd2419_ws) PS1=(dd2419_ws) \[\e]0;\u@\h: \w\a\]${debian_chroot:+($debian_chroot)}\[\033[01;32m\]\u@\h\[\033[00m\]:\[\033[01;34m\]\w\[\033[00m\]\$ /home/grumpy/dd2419_ws_Group5_2026/.pixi/envs/default/bin/cmake /home/grumpy/dd2419_ws_Group5_2026/src/aruco_ros/aruco_msgs -DCMAKE_INSTALL_PREFIX=/home/grumpy/dd2419_ws_Group5_2026/install/aruco_msgs
[0.294s] [0mCMake Deprecation Warning at CMakeLists.txt:1 (cmake_minimum_required):
[0.294s]   Compatibility with CMake < 3.10 will be removed from a future version of
[0.294s]   CMake.
[0.294s] 
[0.294s]   Update the VERSION argument <min> value.  Or, use the <min>...<max> syntax
[0.294s]   to tell CMake that the project requires at least <min> but has been updated
[0.294s]   to work with policies introduced by <max> or earlier.
[0.294s] 
[0.294s] [0m
[0.523s] -- The C compiler identification is GNU 13.3.0
[0.609s] -- The CXX compiler identification is GNU 13.3.0
[0.620s] -- Detecting C compiler ABI info
[0.715s] -- Detecting C compiler ABI info - done
[0.733s] -- Check for working C compiler: /usr/bin/cc - skipped
[0.735s] -- Detecting C compile features
[0.738s] -- Detecting C compile features - done
[0.758s] -- Detecting CXX compiler ABI info
[0.851s] -- Detecting CXX compiler ABI info - done
[0.873s] -- Check for working CXX compiler: /usr/bin/c++ - skipped
[0.873s] -- Detecting CXX compile features
[0.874s] -- Detecting CXX compile features - done
[0.885s] -- Found ament_cmake: 2.5.4 (/home/grumpy/dd2419_ws_Group5_2026/.pixi/envs/default/share/ament_cmake/cmake)
[1.031s] -- Found Python3: /home/grumpy/dd2419_ws_Group5_2026/.pixi/envs/default/bin/python3 (found version "3.12.12") found components: Interpreter
[1.184s] -- Found std_msgs: 5.3.6 (/home/grumpy/dd2419_ws_Group5_2026/.pixi/envs/default/share/std_msgs/cmake)
[1.270s] -- Found rosidl_generator_c: 4.6.7 (/home/grumpy/dd2419_ws_Group5_2026/.pixi/envs/default/share/rosidl_generator_c/cmake)
[1.290s] -- Found rosidl_generator_cpp: 4.6.7 (/home/grumpy/dd2419_ws_Group5_2026/.pixi/envs/default/share/rosidl_generator_cpp/cmake)
[1.324s] -- Using all available rosidl_typesupport_c: rosidl_typesupport_fastrtps_c;rosidl_typesupport_introspection_c
[1.365s] -- Using all available rosidl_typesupport_cpp: rosidl_typesupport_fastrtps_cpp;rosidl_typesupport_introspection_cpp
[1.412s] -- Found geometry_msgs: 5.3.6 (/home/grumpy/dd2419_ws_Group5_2026/.pixi/envs/default/share/geometry_msgs/cmake)
[1.439s] [31mCMake Error at CMakeLists.txt:12 (find_package):
[1.439s]   By not providing "Findrosidl_default_generators.cmake" in CMAKE_MODULE_PATH
[1.439s]   this project has asked CMake to find a package configuration file provided
[1.439s]   by "rosidl_default_generators", but CMake did not find one.
[1.439s] 
[1.439s]   Could not find a package configuration file provided by
[1.439s]   "rosidl_default_generators" with any of the following names:
[1.439s] 
[1.439s]     rosidl_default_generatorsConfig.cmake
[1.439s]     rosidl_default_generators-config.cmake
[1.439s] 
[1.439s]   Add the installation prefix of "rosidl_default_generators" to
[1.439s]   CMAKE_PREFIX_PATH or set "rosidl_default_generators_DIR" to a directory
[1.440s]   containing one of the above files.  If "rosidl_default_generators" provides
[1.440s]   a separate development package or SDK, be sure it has been installed.
[1.440s] 
[1.440s] [0m
[1.440s] -- Configuring incomplete, errors occurred!
