[0.113s] Invoking command in '/home/grumpy/dd2419_ws_Group5_2026/build/librealsense2': CMAKE_PREFIX_PATH=/home/grumpy/dd2419_ws_Group5_2026/.pixi/envs/default DEBUGINFOD_URLS=https://debuginfod.ubuntu.com PIXI_PROMPT=(dd2419_ws) PS1=(dd2419_ws) \[\e]0;\u@\h: \w\a\]${debian_chroot:+($debian_chroot)}\[\033[01;32m\]\u@\h\[\033[00m\]:\[\033[01;34m\]\w\[\033[00m\]\$ /home/grumpy/dd2419_ws_Group5_2026/.pixi/envs/default/bin/cmake /home/grumpy/dd2419_ws_Group5_2026/src/librealsense -DCMAKE_INSTALL_PREFIX=/home/grumpy/dd2419_ws_Group5_2026/install/librealsense2
[1.074s] -- The CXX compiler identification is GNU 13.3.0
[1.074s] -- The C compiler identification is GNU 13.3.0
[1.074s] -- Detecting CXX compiler ABI info
[1.074s] -- Detecting CXX compiler ABI info - done
[1.074s] -- Check for working CXX compiler: /usr/bin/c++ - skipped
[1.075s] -- Detecting CXX compile features
[1.075s] -- Detecting CXX compile features - done
[1.075s] -- Detecting C compiler ABI info
[1.075s] -- Detecting C compiler ABI info - done
[1.075s] -- Check for working C compiler: /usr/bin/cc - skipped
[1.075s] -- Detecting C compile features
[1.075s] -- Detecting C compile features - done
[1.075s] -- Checking internet connection...
[1.075s] -- Internet connection identified
[1.075s] -- Info: REALSENSE_VERSION_STRING=2.57.5
[1.075s] -- Setting Unix configurations
[1.075s] -- No output directory set; using /home/grumpy/dd2419_ws_Group5_2026/build/librealsense2/Release/
[1.076s] -- using RS2_USE_V4L2_BACKEND
[1.076s] -- Found usb: /home/grumpy/dd2419_ws_Group5_2026/.pixi/envs/default/lib/libusb-1.0.so
[1.076s] -- Found PkgConfig: /home/grumpy/dd2419_ws_Group5_2026/.pixi/envs/default/bin/pkg-config (found version "0.29.2")
[1.076s] -- Checking for module 'libudev'
[1.076s] --   Found libudev, version 257
[1.202s] -- Found Udev: /home/grumpy/dd2419_ws_Group5_2026/.pixi/envs/default/include
[1.209s] -- Fetching nlohmann/json...
[1.214s] CMake Deprecation Warning at CMakeLists.txt:1 (cmake_minimum_required):
[1.214s]   Compatibility with CMake < 3.10 will be removed from a future version of
[1.214s]   CMake.
[1.214s] 
[1.214s]   Update the VERSION argument <min> value.  Or, use the <min>...<max> syntax
[1.214s]   to tell CMake that the project requires at least <min> but has been updated
[1.214s]   to work with policies introduced by <max> or earlier.
[1.214s] 
[1.214s] 
[1.278s] Cloning into 'json'...
[2.459s] -- Using the multi-header code from /home/grumpy/dd2419_ws_Group5_2026/build/librealsense2/third-party/json/include/
[2.461s] -- Fetching nlohmann/json - Done
[2.575s] -- Found OpenGL: /home/grumpy/dd2419_ws_Group5_2026/.pixi/envs/default/lib/libOpenGL.so
[2.587s] -- Found Threads: TRUE
[2.606s] -- Fetching recommended firmwares:
[2.606s] -- disable link time optimization for fw project
[2.606s] -- ... https://librealsense.intel.com/Releases/RS4xx/FW/D4XX_FW_Image-5.17.0.10.bin
[3.014s] -- Downloaded firmware D4XX_FW_Image-5.17.0.10.bin
[3.118s] -- Configuring done (3.0s)
[3.256s] -- Generating done (0.1s)
[3.257s] -- Build files have been written to: /home/grumpy/dd2419_ws_Group5_2026/build/librealsense2
