[0.767s] Invoking command in '/home/grumpy/dd2419_ws_Group5_2026/src/grumpy_navigation_py': DEBUGINFOD_URLS=https://debuginfod.ubuntu.com PIXI_PROMPT=(dd2419_ws) PS1=(dd2419_ws) \[\e]0;\u@\h: \w\a\]${debian_chroot:+($debian_chroot)}\[\033[01;32m\]\u@\h\[\033[00m\]:\[\033[01;34m\]\w\[\033[00m\]\$ PYTHONPATH=/home/grumpy/dd2419_ws_Group5_2026/build/grumpy_navigation_py/prefix_override:/home/grumpy/dd2419_ws_Group5_2026/install/grumpy_navigation_py/lib/python3.12/site-packages:${PYTHONPATH} /usr/bin/python3 setup.py egg_info --egg-base ../../build/grumpy_navigation_py build --build-base /home/grumpy/dd2419_ws_Group5_2026/build/grumpy_navigation_py/build install --record /home/grumpy/dd2419_ws_Group5_2026/build/grumpy_navigation_py/install.log --single-version-externally-managed
[0.956s] running egg_info
[0.970s] creating ../../build/grumpy_navigation_py/grumpy_navigation_py.egg-info
[0.970s] writing ../../build/grumpy_navigation_py/grumpy_navigation_py.egg-info/PKG-INFO
[0.970s] writing dependency_links to ../../build/grumpy_navigation_py/grumpy_navigation_py.egg-info/dependency_links.txt
[0.970s] writing entry points to ../../build/grumpy_navigation_py/grumpy_navigation_py.egg-info/entry_points.txt
[0.970s] writing requirements to ../../build/grumpy_navigation_py/grumpy_navigation_py.egg-info/requires.txt
[0.971s] writing top-level names to ../../build/grumpy_navigation_py/grumpy_navigation_py.egg-info/top_level.txt
[0.971s] writing manifest file '../../build/grumpy_navigation_py/grumpy_navigation_py.egg-info/SOURCES.txt'
[1.000s] reading manifest file '../../build/grumpy_navigation_py/grumpy_navigation_py.egg-info/SOURCES.txt'
[1.000s] writing manifest file '../../build/grumpy_navigation_py/grumpy_navigation_py.egg-info/SOURCES.txt'
[1.001s] running build
[1.001s] running build_py
[1.001s] creating /home/grumpy/dd2419_ws_Group5_2026/build/grumpy_navigation_py/build/lib/grumpy_navigation_py
[1.001s] copying grumpy_navigation_py/controller_node.py -> /home/grumpy/dd2419_ws_Group5_2026/build/grumpy_navigation_py/build/lib/grumpy_navigation_py
[1.002s] copying grumpy_navigation_py/planner_node.py -> /home/grumpy/dd2419_ws_Group5_2026/build/grumpy_navigation_py/build/lib/grumpy_navigation_py
[1.003s] copying grumpy_navigation_py/__init__.py -> /home/grumpy/dd2419_ws_Group5_2026/build/grumpy_navigation_py/build/lib/grumpy_navigation_py
[1.003s] copying grumpy_navigation_py/path_controller_node.py -> /home/grumpy/dd2419_ws_Group5_2026/build/grumpy_navigation_py/build/lib/grumpy_navigation_py
[1.003s] copying grumpy_navigation_py/simple_planner_node.py -> /home/grumpy/dd2419_ws_Group5_2026/build/grumpy_navigation_py/build/lib/grumpy_navigation_py
[1.004s] running install
[1.004s] /home/grumpy/dd2419_ws_Group5_2026/.pixi/envs/default/lib/python3.12/site-packages/setuptools/_distutils/cmd.py:90: SetuptoolsDeprecationWarning: setup.py install is deprecated.
[1.004s] !!
[1.004s] 
[1.004s]         ********************************************************************************
[1.004s]         Please avoid running ``setup.py`` directly.
[1.004s]         Instead, use pypa/build, pypa/installer or other
[1.004s]         standards-based tools.
[1.004s] 
[1.004s]         See https://blog.ganssle.io/articles/2021/10/setup-py-deprecated.html for details.
[1.004s]         ********************************************************************************
[1.004s] 
[1.004s] !!
[1.004s]   self.initialize_options()
[1.008s] running install_lib
[1.022s] creating /home/grumpy/dd2419_ws_Group5_2026/install/grumpy_navigation_py/lib/python3.12/site-packages/grumpy_navigation_py
[1.022s] copying /home/grumpy/dd2419_ws_Group5_2026/build/grumpy_navigation_py/build/lib/grumpy_navigation_py/controller_node.py -> /home/grumpy/dd2419_ws_Group5_2026/install/grumpy_navigation_py/lib/python3.12/site-packages/grumpy_navigation_py
[1.022s] copying /home/grumpy/dd2419_ws_Group5_2026/build/grumpy_navigation_py/build/lib/grumpy_navigation_py/planner_node.py -> /home/grumpy/dd2419_ws_Group5_2026/install/grumpy_navigation_py/lib/python3.12/site-packages/grumpy_navigation_py
[1.022s] copying /home/grumpy/dd2419_ws_Group5_2026/build/grumpy_navigation_py/build/lib/grumpy_navigation_py/__init__.py -> /home/grumpy/dd2419_ws_Group5_2026/install/grumpy_navigation_py/lib/python3.12/site-packages/grumpy_navigation_py
[1.023s] copying /home/grumpy/dd2419_ws_Group5_2026/build/grumpy_navigation_py/build/lib/grumpy_navigation_py/path_controller_node.py -> /home/grumpy/dd2419_ws_Group5_2026/install/grumpy_navigation_py/lib/python3.12/site-packages/grumpy_navigation_py
[1.023s] copying /home/grumpy/dd2419_ws_Group5_2026/build/grumpy_navigation_py/build/lib/grumpy_navigation_py/simple_planner_node.py -> /home/grumpy/dd2419_ws_Group5_2026/install/grumpy_navigation_py/lib/python3.12/site-packages/grumpy_navigation_py
[1.023s] byte-compiling /home/grumpy/dd2419_ws_Group5_2026/install/grumpy_navigation_py/lib/python3.12/site-packages/grumpy_navigation_py/controller_node.py to controller_node.cpython-312.pyc
[1.023s] byte-compiling /home/grumpy/dd2419_ws_Group5_2026/install/grumpy_navigation_py/lib/python3.12/site-packages/grumpy_navigation_py/planner_node.py to planner_node.cpython-312.pyc
[1.024s] byte-compiling /home/grumpy/dd2419_ws_Group5_2026/install/grumpy_navigation_py/lib/python3.12/site-packages/grumpy_navigation_py/__init__.py to __init__.cpython-312.pyc
[1.024s] byte-compiling /home/grumpy/dd2419_ws_Group5_2026/install/grumpy_navigation_py/lib/python3.12/site-packages/grumpy_navigation_py/path_controller_node.py to path_controller_node.cpython-312.pyc
[1.025s] byte-compiling /home/grumpy/dd2419_ws_Group5_2026/install/grumpy_navigation_py/lib/python3.12/site-packages/grumpy_navigation_py/simple_planner_node.py to simple_planner_node.cpython-312.pyc
[1.026s] running install_data
[1.040s] creating /home/grumpy/dd2419_ws_Group5_2026/install/grumpy_navigation_py/share/ament_index/resource_index/packages
[1.040s] copying resource/grumpy_navigation_py -> /home/grumpy/dd2419_ws_Group5_2026/install/grumpy_navigation_py/share/ament_index/resource_index/packages
[1.040s] copying package.xml -> /home/grumpy/dd2419_ws_Group5_2026/install/grumpy_navigation_py/share/grumpy_navigation_py
[1.040s] creating /home/grumpy/dd2419_ws_Group5_2026/install/grumpy_navigation_py/share/grumpy_navigation_py/launch
[1.040s] copying launch/nav.launch.py -> /home/grumpy/dd2419_ws_Group5_2026/install/grumpy_navigation_py/share/grumpy_navigation_py/launch
[1.041s] running install_egg_info
[1.055s] Copying ../../build/grumpy_navigation_py/grumpy_navigation_py.egg-info to /home/grumpy/dd2419_ws_Group5_2026/install/grumpy_navigation_py/lib/python3.12/site-packages/grumpy_navigation_py-0.0.0-py3.12.egg-info
[1.056s] running install_scripts
[1.127s] Installing controller script to /home/grumpy/dd2419_ws_Group5_2026/install/grumpy_navigation_py/lib/grumpy_navigation_py
[1.127s] Installing planner script to /home/grumpy/dd2419_ws_Group5_2026/install/grumpy_navigation_py/lib/grumpy_navigation_py
[1.127s] writing list of installed files to '/home/grumpy/dd2419_ws_Group5_2026/build/grumpy_navigation_py/install.log'
[1.149s] Invoked command in '/home/grumpy/dd2419_ws_Group5_2026/src/grumpy_navigation_py' returned '0': DEBUGINFOD_URLS=https://debuginfod.ubuntu.com PIXI_PROMPT=(dd2419_ws) PS1=(dd2419_ws) \[\e]0;\u@\h: \w\a\]${debian_chroot:+($debian_chroot)}\[\033[01;32m\]\u@\h\[\033[00m\]:\[\033[01;34m\]\w\[\033[00m\]\$ PYTHONPATH=/home/grumpy/dd2419_ws_Group5_2026/build/grumpy_navigation_py/prefix_override:/home/grumpy/dd2419_ws_Group5_2026/install/grumpy_navigation_py/lib/python3.12/site-packages:${PYTHONPATH} /usr/bin/python3 setup.py egg_info --egg-base ../../build/grumpy_navigation_py build --build-base /home/grumpy/dd2419_ws_Group5_2026/build/grumpy_navigation_py/build install --record /home/grumpy/dd2419_ws_Group5_2026/build/grumpy_navigation_py/install.log --single-version-externally-managed
