[0.198s] Invoking command in '/home/grumpy/dd2419_ws_Group5_2026/build/robp_interfaces': CMAKE_PREFIX_PATH=/home/grumpy/dd2419_ws_Group5_2026/.pixi/envs/default DEBUGINFOD_URLS=https://debuginfod.ubuntu.com PIXI_PROMPT=(dd2419_ws) PS1=(dd2419_ws) \[\e]0;\u@\h: \w\a\]${debian_chroot:+($debian_chroot)}\[\033[01;32m\]\u@\h\[\033[00m\]:\[\033[01;34m\]\w\[\033[00m\]\$ /home/grumpy/dd2419_ws_Group5_2026/.pixi/envs/default/bin/cmake /home/grumpy/dd2419_ws_Group5_2026/src/robp_interfaces -DCMAKE_INSTALL_PREFIX=/home/grumpy/dd2419_ws_Group5_2026/install/robp_interfaces
[0.251s] [0mCMake Deprecation Warning at CMakeLists.txt:1 (cmake_minimum_required):
[0.251s]   Compatibility with CMake < 3.10 will be removed from a future version of
[0.251s]   CMake.
[0.251s] 
[0.251s]   Update the VERSION argument <min> value.  Or, use the <min>...<max> syntax
[0.252s]   to tell CMake that the project requires at least <min> but has been updated
[0.252s]   to work with policies introduced by <max> or earlier.
[0.252s] 
[0.252s] [0m
[0.480s] -- The C compiler identification is GNU 13.3.0
[0.565s] -- The CXX compiler identification is GNU 13.3.0
[0.577s] -- Detecting C compiler ABI info
[0.671s] -- Detecting C compiler ABI info - done
[0.692s] -- Check for working C compiler: /usr/bin/cc - skipped
[0.693s] -- Detecting C compile features
[0.693s] -- Detecting C compile features - done
[0.715s] -- Detecting CXX compiler ABI info
[0.802s] -- Detecting CXX compiler ABI info - done
[0.829s] -- Check for working CXX compiler: /usr/bin/c++ - skipped
[0.830s] -- Detecting CXX compile features
[0.830s] -- Detecting CXX compile features - done
[0.841s] -- Found ament_cmake: 2.5.4 (/home/grumpy/dd2419_ws_Group5_2026/.pixi/envs/default/share/ament_cmake/cmake)
[0.991s] -- Found Python3: /home/grumpy/dd2419_ws_Group5_2026/.pixi/envs/default/bin/python3 (found version "3.12.12") found components: Interpreter
[1.163s] [31mCMake Error at CMakeLists.txt:10 (find_package):
[1.163s]   By not providing "Findrosidl_default_generators.cmake" in CMAKE_MODULE_PATH
[1.164s]   this project has asked CMake to find a package configuration file provided
[1.164s]   by "rosidl_default_generators", but CMake did not find one.
[1.164s] 
[1.164s]   Could not find a package configuration file provided by
[1.164s]   "rosidl_default_generators" with any of the following names:
[1.164s] 
[1.164s]     rosidl_default_generatorsConfig.cmake
[1.164s]     rosidl_default_generators-config.cmake
[1.164s] 
[1.165s]   Add the installation prefix of "rosidl_default_generators" to
[1.165s]   CMAKE_PREFIX_PATH or set "rosidl_default_generators_DIR" to a directory
[1.166s]   containing one of the above files.  If "rosidl_default_generators" provides
[1.166s]   a separate development package or SDK, be sure it has been installed.
[1.166s] 
[1.166s] [0m
[1.166s] -- Configuring incomplete, errors occurred!
[1.167s] Invoked command in '/home/grumpy/dd2419_ws_Group5_2026/build/robp_interfaces' returned '1': CMAKE_PREFIX_PATH=/home/grumpy/dd2419_ws_Group5_2026/.pixi/envs/default DEBUGINFOD_URLS=https://debuginfod.ubuntu.com PIXI_PROMPT=(dd2419_ws) PS1=(dd2419_ws) \[\e]0;\u@\h: \w\a\]${debian_chroot:+($debian_chroot)}\[\033[01;32m\]\u@\h\[\033[00m\]:\[\033[01;34m\]\w\[\033[00m\]\$ /home/grumpy/dd2419_ws_Group5_2026/.pixi/envs/default/bin/cmake /home/grumpy/dd2419_ws_Group5_2026/src/robp_interfaces -DCMAKE_INSTALL_PREFIX=/home/grumpy/dd2419_ws_Group5_2026/install/robp_interfaces
