[0.541s] Invoking command in '/home/grumpy/dd2419_ws_Group5_2026/build/learning_tf2_py': DEBUGINFOD_URLS=https://debuginfod.ubuntu.com PYTHONPATH=/home/grumpy/dd2419_ws_Group5_2026/build/learning_tf2_py/prefix_override:/home/grumpy/dd2419_ws_Group5_2026/install/learning_tf2_py/lib/python3.12/site-packages:${PYTHONPATH} /usr/bin/python3 setup.py develop --editable --build-directory /home/grumpy/dd2419_ws_Group5_2026/build/learning_tf2_py/build --no-deps install_data
[0.755s] running develop
[0.755s] /home/grumpy/dd2419_ws_Group5_2026/.pixi/envs/default/lib/python3.12/site-packages/setuptools/command/develop.py:41: EasyInstallDeprecationWarning: easy_install command is deprecated.
[0.755s] !!
[0.755s] 
[0.755s]         ********************************************************************************
[0.755s]         Please avoid running ``setup.py`` and ``easy_install``.
[0.755s]         Instead, use pypa/build, pypa/installer or other
[0.755s]         standards-based tools.
[0.755s] 
[0.755s]         See https://github.com/pypa/setuptools/issues/917 for details.
[0.755s]         ********************************************************************************
[0.755s] 
[0.755s] !!
[0.755s]   easy_install.initialize_options(self)
[0.782s] /home/grumpy/dd2419_ws_Group5_2026/.pixi/envs/default/lib/python3.12/site-packages/setuptools/_distutils/cmd.py:90: SetuptoolsDeprecationWarning: setup.py install is deprecated.
[0.783s] !!
[0.783s] 
[0.783s]         ********************************************************************************
[0.783s]         Please avoid running ``setup.py`` directly.
[0.783s]         Instead, use pypa/build, pypa/installer or other
[0.783s]         standards-based tools.
[0.783s] 
[0.783s]         See https://blog.ganssle.io/articles/2021/10/setup-py-deprecated.html for details.
[0.783s]         ********************************************************************************
[0.783s] 
[0.783s] !!
[0.783s]   self.initialize_options()
[0.860s] /home/grumpy/dd2419_ws_Group5_2026/.pixi/envs/default/lib/python3.12/site-packages/setuptools/command/easy_install.py:334: UserWarning: Unbuilt egg for pytest-repeat [unknown version] (/usr/lib/python3/dist-packages)
[0.860s]   self.local_index = Environment(self.shadow_path + sys.path)
[0.878s] running egg_info
[0.892s] writing learning_tf2_py.egg-info/PKG-INFO
[0.892s] writing dependency_links to learning_tf2_py.egg-info/dependency_links.txt
[0.893s] writing entry points to learning_tf2_py.egg-info/entry_points.txt
[0.893s] writing requirements to learning_tf2_py.egg-info/requires.txt
[0.893s] writing top-level names to learning_tf2_py.egg-info/top_level.txt
[0.921s] reading manifest file 'learning_tf2_py.egg-info/SOURCES.txt'
[0.922s] writing manifest file 'learning_tf2_py.egg-info/SOURCES.txt'
[0.936s] running build_ext
[0.936s] Creating /home/grumpy/dd2419_ws_Group5_2026/install/learning_tf2_py/lib/python3.12/site-packages/learning-tf2-py.egg-link (link to .)
[0.937s] Installing arm_safe_republisher script to /home/grumpy/dd2419_ws_Group5_2026/install/learning_tf2_py/lib/learning_tf2_py
[0.937s] Installing executors script to /home/grumpy/dd2419_ws_Group5_2026/install/learning_tf2_py/lib/learning_tf2_py
[0.937s] Installing interpolation script to /home/grumpy/dd2419_ws_Group5_2026/install/learning_tf2_py/lib/learning_tf2_py
[0.937s] Installing keyboard script to /home/grumpy/dd2419_ws_Group5_2026/install/learning_tf2_py/lib/learning_tf2_py
[0.937s] Installing pickup script to /home/grumpy/dd2419_ws_Group5_2026/install/learning_tf2_py/lib/learning_tf2_py
[0.938s] Installing pickup_hardcoded script to /home/grumpy/dd2419_ws_Group5_2026/install/learning_tf2_py/lib/learning_tf2_py
[0.938s] Installing random_nav script to /home/grumpy/dd2419_ws_Group5_2026/install/learning_tf2_py/lib/learning_tf2_py
[0.938s] Installing threading script to /home/grumpy/dd2419_ws_Group5_2026/install/learning_tf2_py/lib/learning_tf2_py
[0.938s] Installing timestamp script to /home/grumpy/dd2419_ws_Group5_2026/install/learning_tf2_py/lib/learning_tf2_py
[0.938s] 
[0.938s] Installed /home/grumpy/dd2419_ws_Group5_2026/build/learning_tf2_py
[0.938s] running install_data
[0.938s] copying resource/learning_tf2_py -> /home/grumpy/dd2419_ws_Group5_2026/install/learning_tf2_py/share/ament_index/resource_index/packages
[0.938s] copying package.xml -> /home/grumpy/dd2419_ws_Group5_2026/install/learning_tf2_py/share/learning_tf2_py
[0.938s] copying launch/arm_init.xml -> /home/grumpy/dd2419_ws_Group5_2026/install/learning_tf2_py/share/learning_tf2_py/launch
[0.962s] Invoked command in '/home/grumpy/dd2419_ws_Group5_2026/build/learning_tf2_py' returned '0': DEBUGINFOD_URLS=https://debuginfod.ubuntu.com PYTHONPATH=/home/grumpy/dd2419_ws_Group5_2026/build/learning_tf2_py/prefix_override:/home/grumpy/dd2419_ws_Group5_2026/install/learning_tf2_py/lib/python3.12/site-packages:${PYTHONPATH} /usr/bin/python3 setup.py develop --editable --build-directory /home/grumpy/dd2419_ws_Group5_2026/build/learning_tf2_py/build --no-deps install_data
