[0.354s] Invoking command in '/home/grumpy/dd2419_ws_Group5_2026/src/build/realsense2_camera_msgs': CMAKE_PREFIX_PATH=/home/grumpy/dd2419_ws_Group5_2026/.pixi/envs/default DEBUGINFOD_URLS=https://debuginfod.ubuntu.com PIXI_PROMPT=(dd2419_ws) PS1=(dd2419_ws) \[\e]0;\u@\h: \w\a\]${debian_chroot:+($debian_chroot)}\[\033[01;32m\]\u@\h\[\033[00m\]:\[\033[01;34m\]\w\[\033[00m\]\$ /home/grumpy/dd2419_ws_Group5_2026/.pixi/envs/default/bin/cmake /home/grumpy/dd2419_ws_Group5_2026/src/realsense-ros/realsense2_camera_msgs -DCMAKE_INSTALL_PREFIX=/home/grumpy/dd2419_ws_Group5_2026/src/install/realsense2_camera_msgs
[0.365s] [0mCMake Deprecation Warning at CMakeLists.txt:15 (cmake_minimum_required):
[0.365s]   Compatibility with CMake < 3.10 will be removed from a future version of
[0.365s]   CMake.
[0.365s] 
[0.365s]   Update the VERSION argument <min> value.  Or, use the <min>...<max> syntax
[0.366s]   to tell CMake that the project requires at least <min> but has been updated
[0.366s]   to work with policies introduced by <max> or earlier.
[0.366s] 
[0.366s] [0m
[0.424s] -- The C compiler identification is GNU 13.3.0
[0.504s] -- The CXX compiler identification is GNU 13.3.0
[0.512s] -- Detecting C compiler ABI info
[0.595s] -- Detecting C compiler ABI info - done
[0.618s] -- Check for working C compiler: /usr/bin/cc - skipped
[0.618s] -- Detecting C compile features
[0.618s] -- Detecting C compile features - done
[0.630s] -- Detecting CXX compiler ABI info
[0.730s] -- Detecting CXX compiler ABI info - done
[0.749s] -- Check for working CXX compiler: /usr/bin/c++ - skipped
[0.750s] -- Detecting CXX compile features
[0.751s] -- Detecting CXX compile features - done
[0.761s] -- Found ament_cmake: 2.5.4 (/home/grumpy/dd2419_ws_Group5_2026/.pixi/envs/default/share/ament_cmake/cmake)
[0.907s] -- Found Python3: /home/grumpy/dd2419_ws_Group5_2026/.pixi/envs/default/bin/python3 (found version "3.12.12") found components: Interpreter
[1.075s] -- Configuring incomplete, errors occurred!
[1.075s] [31mCMake Error at CMakeLists.txt:32 (find_package):
[1.075s]   By not providing "Findrosidl_default_generators.cmake" in CMAKE_MODULE_PATH
[1.075s]   this project has asked CMake to find a package configuration file provided
[1.076s]   by "rosidl_default_generators", but CMake did not find one.
[1.076s] 
[1.076s]   Could not find a package configuration file provided by
[1.076s]   "rosidl_default_generators" with any of the following names:
[1.076s] 
[1.076s]     rosidl_default_generatorsConfig.cmake
[1.076s]     rosidl_default_generators-config.cmake
[1.076s] 
[1.076s]   Add the installation prefix of "rosidl_default_generators" to
[1.076s]   CMAKE_PREFIX_PATH or set "rosidl_default_generators_DIR" to a directory
[1.076s]   containing one of the above files.  If "rosidl_default_generators" provides
[1.076s]   a separate development package or SDK, be sure it has been installed.
[1.077s] 
[1.077s] [0m
