[0.000000] (-) TimerEvent: {}
[0.000197] (-) JobUnselected: {'identifier': 'aruco'}
[0.000222] (-) JobUnselected: {'identifier': 'aruco_msgs'}
[0.000235] (-) JobUnselected: {'identifier': 'aruco_ros'}
[0.000245] (-) JobUnselected: {'identifier': 'detection'}
[0.000255] (-) JobUnselected: {'identifier': 'display_markers'}
[0.000264] (-) JobUnselected: {'identifier': 'keyboard'}
[0.000273] (-) JobUnselected: {'identifier': 'libphidget22'}
[0.000281] (-) JobUnselected: {'identifier': 'librealsense2'}
[0.000290] (-) JobUnselected: {'identifier': 'odometry'}
[0.000298] (-) JobUnselected: {'identifier': 'phidgets_accelerometer'}
[0.000307] (-) JobUnselected: {'identifier': 'phidgets_analog_inputs'}
[0.000316] (-) JobUnselected: {'identifier': 'phidgets_analog_outputs'}
[0.000324] (-) JobUnselected: {'identifier': 'phidgets_api'}
[0.000333] (-) JobUnselected: {'identifier': 'phidgets_digital_inputs'}
[0.000341] (-) JobUnselected: {'identifier': 'phidgets_digital_outputs'}
[0.000350] (-) JobUnselected: {'identifier': 'phidgets_drivers'}
[0.000358] (-) JobUnselected: {'identifier': 'phidgets_gyroscope'}
[0.000367] (-) JobUnselected: {'identifier': 'phidgets_high_speed_encoder'}
[0.000375] (-) JobUnselected: {'identifier': 'phidgets_ik'}
[0.000387] (-) JobUnselected: {'identifier': 'phidgets_magnetometer'}
[0.000395] (-) JobUnselected: {'identifier': 'phidgets_motors'}
[0.000403] (-) JobUnselected: {'identifier': 'phidgets_msgs'}
[0.000412] (-) JobUnselected: {'identifier': 'phidgets_spatial'}
[0.000420] (-) JobUnselected: {'identifier': 'phidgets_stepper'}
[0.000429] (-) JobUnselected: {'identifier': 'phidgets_temperature'}
[0.000437] (-) JobUnselected: {'identifier': 'realsense2_camera'}
[0.000446] (-) JobUnselected: {'identifier': 'realsense2_camera_msgs'}
[0.000701] (-) JobUnselected: {'identifier': 'realsense2_description'}
[0.000714] (-) JobUnselected: {'identifier': 'realsense2_ros_mqtt_bridge'}
[0.000724] (-) JobUnselected: {'identifier': 'realsense2_rviz_plugin'}
[0.000785] (-) JobUnselected: {'identifier': 'robp_arm'}
[0.000936] (-) JobUnselected: {'identifier': 'robp_autocomplete'}
[0.000946] (-) JobUnselected: {'identifier': 'robp_boot_camp_launch'}
[0.000954] (-) JobUnselected: {'identifier': 'robp_interfaces'}
[0.000963] (-) JobUnselected: {'identifier': 'robp_launch'}
[0.000972] (-) JobUnselected: {'identifier': 'robp_phidgets'}
[0.000981] (-) JobUnselected: {'identifier': 'rplidar_ros'}
[0.000991] (learning_tf2_py) JobQueued: {'identifier': 'learning_tf2_py', 'dependencies': OrderedDict()}
[0.001003] (learning_tf2_py) JobStarted: {'identifier': 'learning_tf2_py'}
[0.099813] (-) TimerEvent: {}
[0.200064] (-) TimerEvent: {}
[0.300319] (-) TimerEvent: {}
[0.400536] (-) TimerEvent: {}
[0.500770] (-) TimerEvent: {}
[0.600973] (-) TimerEvent: {}
[0.655612] (learning_tf2_py) Command: {'cmd': ['/usr/bin/python3', 'setup.py', 'egg_info', '--egg-base', '../../build/learning_tf2_py', 'build', '--build-base', '/home/grumpy/dd2419_ws_Group5_2026/build/learning_tf2_py/build', 'install', '--record', '/home/grumpy/dd2419_ws_Group5_2026/build/learning_tf2_py/install.log', '--single-version-externally-managed'], 'cwd': '/home/grumpy/dd2419_ws_Group5_2026/src/learning_tf2_py', 'env': {'CONDA_ENV_SHLVL_2_PIXI_EXE': '/home/grumpy/.pixi/bin/pixi', 'LESSOPEN': '| /usr/bin/lesspipe %s', 'PIXI_ENVIRONMENT_NAME': 'default', 'SSH_CLIENT': '172.20.10.4 48184 22', 'USER': 'grumpy', 'PIXI_EXE': '/home/grumpy/.pixi/bin/pixi', 'XDG_SESSION_TYPE': 'tty', 'LD_LIBRARY_PATH': '/home/grumpy/dd2419_ws_Group5_2026/.pixi/envs/default/opt/rviz_ogre_vendor/lib:/home/grumpy/dd2419_ws_Group5_2026/.pixi/envs/default/opt/libphidget22/lib:/home/grumpy/dd2419_ws_Group5_2026/.pixi/envs/default/lib', 'ROS_ETC_DIR': '/home/grumpy/dd2419_ws_Group5_2026/.pixi/envs/default/etc/ros', 'SHLVL': '2', 'CONDA_ENV_SHLVL_2_CONDA_PREFIX': '/home/grumpy/dd2419_ws_Group5_2026/.pixi/envs/default', 'CONDA_ENV_SHLVL_2_PIXI_IN_SHELL': '1', 'CONDA_SHLVL': '2', 'HOME': '/home/grumpy', 'OLDPWD': '/home/grumpy', 'SSH_TTY': '/dev/pts/12', 'ROS_PYTHON_VERSION': '3', 'PS1': '(dd2419_ws) ${debian_chroot:+($debian_chroot)}\\u@\\h:\\w\\$', 'PIXI_IN_SHELL': '1', 'DBUS_SESSION_BUS_ADDRESS': 'unix:path=/run/user/1000/bus', 'DEBUGINFOD_URLS': 'https://debuginfod.ubuntu.com', 'CONDA_ENV_SHLVL_2_PIXI_ENVIRONMENT_PLATFORMS': 'linux-64,osx-arm64,win-64', 'ROS_DISTRO': 'jazzy', 'LOGNAME': 'grumpy', '_': '/home/grumpy/.pixi/bin/pixi', 'ROS_VERSION': '2', 'XDG_SESSION_CLASS': 'user', 'CONDA_ENV_SHLVL_2_PIXI_PROJECT_VERSION': '1.0.0', 'PIXI_ENVIRONMENT_PLATFORMS': 'osx-arm64,win-64,linux-64', 'TERM': 'alacritty', 'XDG_SESSION_ID': '23', 'ROS_OS_OVERRIDE': 'conda:linux', 'PATH': '/home/grumpy/dd2419_ws_Group5_2026/.pixi/envs/default/bin:/home/grumpy/dd2419_ws_Group5_2026/.pixi/envs/default/bin:/home/grumpy/.pixi/bin:/usr/local/sbin:/usr/local/bin:/usr/sbin:/usr/bin:/sbin:/bin:/usr/games:/usr/local/games:/snap/bin', 'CONDA_ENV_SHLVL_2_PIXI_PROMPT': '(dd2419_ws)', 'PIXI_PROJECT_VERSION': '1.0.0', 'XDG_RUNTIME_DIR': '/run/user/1000', 'LANG': 'en_US.UTF-8', 'RMW_IMPLEMENTATION': 'rmw_cyclonedds_cpp', 'LS_COLORS': '', 'AMENT_PREFIX_PATH': '/home/grumpy/dd2419_ws_Group5_2026/.pixi/envs/default', 'CONDA_ENV_SHLVL_2_PIXI_PROJECT_ROOT': '/home/grumpy/dd2419_ws_Group5_2026', 'GSETTINGS_SCHEMA_DIR': '/home/grumpy/dd2419_ws_Group5_2026/.pixi/envs/default/share/glib-2.0/schemas', 'PIXI_PROMPT': '(dd2419_ws)', 'ROS_DOMAIN_ID': '5', 'XML_CATALOG_FILES': 'file:///home/grumpy/dd2419_ws_Group5_2026/.pixi/envs/default/etc/xml/catalog file:///etc/xml/catalog file:///home/grumpy/dd2419_ws_Group5_2026/.pixi/envs/default/etc/xml/catalog file:///etc/xml/catalog', 'CONDA_ENV_SHLVL_2_RMW_IMPLEMENTATION': 'rmw_cyclonedds_cpp', 'SHELL': '/bin/bash', 'CONDA_ENV_SHLVL_2_PIXI_PROJECT_MANIFEST': '/home/grumpy/dd2419_ws_Group5_2026/pixi.toml', 'CONDA_DEFAULT_ENV': 'dd2419_ws', 'CONDA_ENV_SHLVL_2_ROS_DOMAIN_ID': '5', 'LESSCLOSE': '/usr/bin/lesspipe %s %s', 'CONDA_ENV_SHLVL_2_PIXI_PROJECT_NAME': 'dd2419_ws', 'PIXI_PROJECT_ROOT': '/home/grumpy/dd2419_ws_Group5_2026', 'PIXI_PROJECT_MANIFEST': '/home/grumpy/dd2419_ws_Group5_2026/pixi.toml', 'ROS_AUTOMATIC_DISCOVERY_RANGE': 'SUBNET', 'PWD': '/home/grumpy/dd2419_ws_Group5_2026/build/learning_tf2_py', 'PIXI_PROJECT_NAME': 'dd2419_ws', 'SSH_CONNECTION': '172.20.10.4 48184 172.20.10.13 22', 'XDG_DATA_DIRS': '/usr/share/gnome:/usr/local/share:/usr/share:/var/lib/snapd/desktop', 'CONDA_ENV_SHLVL_2_ROS_AUTOMATIC_DISCOVERY_RANGE': 'SUBNET', 'PYTHONPATH': '/home/grumpy/dd2419_ws_Group5_2026/build/learning_tf2_py/prefix_override:/home/grumpy/dd2419_ws_Group5_2026/install/learning_tf2_py/lib/python3.12/site-packages:/home/grumpy/dd2419_ws_Group5_2026/.pixi/envs/default/lib/python/site-packages:/home/grumpy/dd2419_ws_Group5_2026/.pixi/envs/default/lib/python3.12/site-packages', 'CONDA_ENV_SHLVL_2_PIXI_ENVIRONMENT_NAME': 'default', 'CONDA_PREFIX': '/home/grumpy/dd2419_ws_Group5_2026/.pixi/envs/default', 'GSETTINGS_SCHEMA_DIR_CONDA_BACKUP': '/home/grumpy/dd2419_ws_Group5_2026/.pixi/envs/default/share/glib-2.0/schemas', 'COLCON': '1', 'CONDA_ENV_SHLVL_2_CONDA_DEFAULT_ENV': 'dd2419_ws', 'INIT_CWD': '/home/grumpy/dd2419_ws_Group5_2026'}, 'shell': False}
[0.701063] (-) TimerEvent: {}
[0.801266] (-) TimerEvent: {}
[0.849898] (learning_tf2_py) StdoutLine: {'line': b'running egg_info\n'}
[0.864753] (learning_tf2_py) StdoutLine: {'line': b'writing ../../build/learning_tf2_py/learning_tf2_py.egg-info/PKG-INFO\n'}
[0.865229] (learning_tf2_py) StdoutLine: {'line': b'writing dependency_links to ../../build/learning_tf2_py/learning_tf2_py.egg-info/dependency_links.txt\n'}
[0.865322] (learning_tf2_py) StdoutLine: {'line': b'writing entry points to ../../build/learning_tf2_py/learning_tf2_py.egg-info/entry_points.txt\n'}
[0.865489] (learning_tf2_py) StdoutLine: {'line': b'writing requirements to ../../build/learning_tf2_py/learning_tf2_py.egg-info/requires.txt\n'}
[0.865573] (learning_tf2_py) StdoutLine: {'line': b'writing top-level names to ../../build/learning_tf2_py/learning_tf2_py.egg-info/top_level.txt\n'}
[0.895892] (learning_tf2_py) StdoutLine: {'line': b"reading manifest file '../../build/learning_tf2_py/learning_tf2_py.egg-info/SOURCES.txt'\n"}
[0.896890] (learning_tf2_py) StdoutLine: {'line': b"writing manifest file '../../build/learning_tf2_py/learning_tf2_py.egg-info/SOURCES.txt'\n"}
[0.897013] (learning_tf2_py) StdoutLine: {'line': b'running build\n'}
[0.897067] (learning_tf2_py) StdoutLine: {'line': b'running build_py\n'}
[0.897145] (learning_tf2_py) StdoutLine: {'line': b'copying learning_tf2_py/timestamp.py -> /home/grumpy/dd2419_ws_Group5_2026/build/learning_tf2_py/build/lib/learning_tf2_py\n'}
[0.897283] (learning_tf2_py) StdoutLine: {'line': b'copying learning_tf2_py/random_nav.py -> /home/grumpy/dd2419_ws_Group5_2026/build/learning_tf2_py/build/lib/learning_tf2_py\n'}
[0.897427] (learning_tf2_py) StdoutLine: {'line': b'copying learning_tf2_py/executors.py -> /home/grumpy/dd2419_ws_Group5_2026/build/learning_tf2_py/build/lib/learning_tf2_py\n'}
[0.897532] (learning_tf2_py) StdoutLine: {'line': b'copying learning_tf2_py/__init__.py -> /home/grumpy/dd2419_ws_Group5_2026/build/learning_tf2_py/build/lib/learning_tf2_py\n'}
[0.897626] (learning_tf2_py) StdoutLine: {'line': b'copying learning_tf2_py/threading.py -> /home/grumpy/dd2419_ws_Group5_2026/build/learning_tf2_py/build/lib/learning_tf2_py\n'}
[0.897734] (learning_tf2_py) StdoutLine: {'line': b'copying learning_tf2_py/keyboard_node.py -> /home/grumpy/dd2419_ws_Group5_2026/build/learning_tf2_py/build/lib/learning_tf2_py\n'}
[0.897890] (learning_tf2_py) StdoutLine: {'line': b'copying learning_tf2_py/copy.py -> /home/grumpy/dd2419_ws_Group5_2026/build/learning_tf2_py/build/lib/learning_tf2_py\n'}
[0.897989] (learning_tf2_py) StdoutLine: {'line': b'copying learning_tf2_py/pickup_hardcoded.py -> /home/grumpy/dd2419_ws_Group5_2026/build/learning_tf2_py/build/lib/learning_tf2_py\n'}
[0.898094] (learning_tf2_py) StdoutLine: {'line': b'copying learning_tf2_py/interpolation.py -> /home/grumpy/dd2419_ws_Group5_2026/build/learning_tf2_py/build/lib/learning_tf2_py\n'}
[0.898330] (learning_tf2_py) StdoutLine: {'line': b'running install\n'}
[0.898523] (learning_tf2_py) StderrLine: {'line': b'/home/grumpy/dd2419_ws_Group5_2026/.pixi/envs/default/lib/python3.12/site-packages/setuptools/_distutils/cmd.py:90: SetuptoolsDeprecationWarning: setup.py install is deprecated.\n'}
[0.898621] (learning_tf2_py) StderrLine: {'line': b'!!\n'}
[0.898675] (learning_tf2_py) StderrLine: {'line': b'\n'}
[0.898749] (learning_tf2_py) StderrLine: {'line': b'        ********************************************************************************\n'}
[0.898808] (learning_tf2_py) StderrLine: {'line': b'        Please avoid running ``setup.py`` directly.\n'}
[0.898856] (learning_tf2_py) StderrLine: {'line': b'        Instead, use pypa/build, pypa/installer or other\n'}
[0.898903] (learning_tf2_py) StderrLine: {'line': b'        standards-based tools.\n'}
[0.898948] (learning_tf2_py) StderrLine: {'line': b'\n'}
[0.898994] (learning_tf2_py) StderrLine: {'line': b'        See https://blog.ganssle.io/articles/2021/10/setup-py-deprecated.html for details.\n'}
[0.899039] (learning_tf2_py) StderrLine: {'line': b'        ********************************************************************************\n'}
[0.899085] (learning_tf2_py) StderrLine: {'line': b'\n'}
[0.899130] (learning_tf2_py) StderrLine: {'line': b'!!\n'}
[0.899175] (learning_tf2_py) StderrLine: {'line': b'  self.initialize_options()\n'}
[0.901339] (-) TimerEvent: {}
[0.902836] (learning_tf2_py) StdoutLine: {'line': b'running install_lib\n'}
[0.917662] (learning_tf2_py) StdoutLine: {'line': b'copying /home/grumpy/dd2419_ws_Group5_2026/build/learning_tf2_py/build/lib/learning_tf2_py/random_nav.py -> /home/grumpy/dd2419_ws_Group5_2026/install/learning_tf2_py/lib/python3.12/site-packages/learning_tf2_py\n'}
[0.918237] (learning_tf2_py) StdoutLine: {'line': b'byte-compiling /home/grumpy/dd2419_ws_Group5_2026/install/learning_tf2_py/lib/python3.12/site-packages/learning_tf2_py/random_nav.py to random_nav.cpython-312.pyc\n'}
[0.919430] (learning_tf2_py) StdoutLine: {'line': b'running install_data\n'}
[0.934877] (learning_tf2_py) StdoutLine: {'line': b'copying resource/learning_tf2_py -> /home/grumpy/dd2419_ws_Group5_2026/install/learning_tf2_py/share/ament_index/resource_index/packages\n'}
[0.935139] (learning_tf2_py) StdoutLine: {'line': b'copying package.xml -> /home/grumpy/dd2419_ws_Group5_2026/install/learning_tf2_py/share/learning_tf2_py\n'}
[0.935204] (learning_tf2_py) StdoutLine: {'line': b'running install_egg_info\n'}
[0.949365] (learning_tf2_py) StdoutLine: {'line': b"removing '/home/grumpy/dd2419_ws_Group5_2026/install/learning_tf2_py/lib/python3.12/site-packages/learning_tf2_py-0.0.0-py3.12.egg-info' (and everything under it)\n"}
[0.949501] (learning_tf2_py) StdoutLine: {'line': b'Copying ../../build/learning_tf2_py/learning_tf2_py.egg-info to /home/grumpy/dd2419_ws_Group5_2026/install/learning_tf2_py/lib/python3.12/site-packages/learning_tf2_py-0.0.0-py3.12.egg-info\n'}
[0.950031] (learning_tf2_py) StdoutLine: {'line': b'running install_scripts\n'}
[1.001447] (-) TimerEvent: {}
[1.025424] (learning_tf2_py) StdoutLine: {'line': b'Installing executors script to /home/grumpy/dd2419_ws_Group5_2026/install/learning_tf2_py/lib/learning_tf2_py\n'}
[1.025597] (learning_tf2_py) StdoutLine: {'line': b'Installing interpolation script to /home/grumpy/dd2419_ws_Group5_2026/install/learning_tf2_py/lib/learning_tf2_py\n'}
[1.025656] (learning_tf2_py) StdoutLine: {'line': b'Installing keyboard script to /home/grumpy/dd2419_ws_Group5_2026/install/learning_tf2_py/lib/learning_tf2_py\n'}
[1.025802] (learning_tf2_py) StdoutLine: {'line': b'Installing pickup_hardcoded script to /home/grumpy/dd2419_ws_Group5_2026/install/learning_tf2_py/lib/learning_tf2_py\n'}
[1.025894] (learning_tf2_py) StdoutLine: {'line': b'Installing random_nav script to /home/grumpy/dd2419_ws_Group5_2026/install/learning_tf2_py/lib/learning_tf2_py\n'}
[1.025952] (learning_tf2_py) StdoutLine: {'line': b'Installing threading script to /home/grumpy/dd2419_ws_Group5_2026/install/learning_tf2_py/lib/learning_tf2_py\n'}
[1.026012] (learning_tf2_py) StdoutLine: {'line': b'Installing timestamp script to /home/grumpy/dd2419_ws_Group5_2026/install/learning_tf2_py/lib/learning_tf2_py\n'}
[1.026147] (learning_tf2_py) StdoutLine: {'line': b"writing list of installed files to '/home/grumpy/dd2419_ws_Group5_2026/build/learning_tf2_py/install.log'\n"}
[1.048387] (learning_tf2_py) CommandEnded: {'returncode': 0}
[1.097801] (learning_tf2_py) JobEnded: {'identifier': 'learning_tf2_py', 'rc': 0}
[1.098447] (-) EventReactorShutdown: {}
