[0.910s] Invoking command in '/home/grumpy/dd2419_ws_Group5_2026/build/learning_tf2_py': DEBUGINFOD_URLS=https://debuginfod.ubuntu.com PYTHONPATH=/home/grumpy/dd2419_ws_Group5_2026/build/learning_tf2_py/prefix_override:/home/grumpy/dd2419_ws_Group5_2026/install/learning_tf2_py/lib/python3.12/site-packages:${PYTHONPATH} /usr/bin/python3 setup.py develop --editable --build-directory /home/grumpy/dd2419_ws_Group5_2026/build/learning_tf2_py/build --no-deps install_data
[1.162s] running develop
[1.164s] /home/grumpy/dd2419_ws_Group5_2026/.pixi/envs/default/lib/python3.12/site-packages/setuptools/command/develop.py:41: EasyInstallDeprecationWarning: easy_install command is deprecated.
[1.164s] !!
[1.164s] 
[1.164s]         ********************************************************************************
[1.164s]         Please avoid running ``setup.py`` and ``easy_install``.
[1.164s]         Instead, use pypa/build, pypa/installer or other
[1.164s]         standards-based tools.
[1.164s] 
[1.164s]         See https://github.com/pypa/setuptools/issues/917 for details.
[1.164s]         ********************************************************************************
[1.164s] 
[1.165s] !!
[1.165s]   easy_install.initialize_options(self)
[1.199s] /home/grumpy/dd2419_ws_Group5_2026/.pixi/envs/default/lib/python3.12/site-packages/setuptools/_distutils/cmd.py:90: SetuptoolsDeprecationWarning: setup.py install is deprecated.
[1.199s] !!
[1.199s] 
[1.199s]         ********************************************************************************
[1.199s]         Please avoid running ``setup.py`` directly.
[1.199s]         Instead, use pypa/build, pypa/installer or other
[1.199s]         standards-based tools.
[1.199s] 
[1.199s]         See https://blog.ganssle.io/articles/2021/10/setup-py-deprecated.html for details.
[1.199s]         ********************************************************************************
[1.199s] 
[1.199s] !!
[1.199s]   self.initialize_options()
[1.293s] /home/grumpy/dd2419_ws_Group5_2026/.pixi/envs/default/lib/python3.12/site-packages/setuptools/command/easy_install.py:334: UserWarning: Unbuilt egg for pytest-repeat [unknown version] (/usr/lib/python3/dist-packages)
[1.294s]   self.local_index = Environment(self.shadow_path + sys.path)
[1.319s] running egg_info
[1.336s] writing learning_tf2_py.egg-info/PKG-INFO
[1.336s] writing dependency_links to learning_tf2_py.egg-info/dependency_links.txt
[1.337s] writing entry points to learning_tf2_py.egg-info/entry_points.txt
[1.337s] writing requirements to learning_tf2_py.egg-info/requires.txt
[1.337s] writing top-level names to learning_tf2_py.egg-info/top_level.txt
[1.372s] reading manifest file 'learning_tf2_py.egg-info/SOURCES.txt'
[1.373s] writing manifest file 'learning_tf2_py.egg-info/SOURCES.txt'
[1.391s] running build_ext
[1.394s] Creating /home/grumpy/dd2419_ws_Group5_2026/install/learning_tf2_py/lib/python3.12/site-packages/learning-tf2-py.egg-link (link to .)
[1.394s] Installing executors script to /home/grumpy/dd2419_ws_Group5_2026/install/learning_tf2_py/lib/learning_tf2_py
[1.394s] Installing interpolation script to /home/grumpy/dd2419_ws_Group5_2026/install/learning_tf2_py/lib/learning_tf2_py
[1.394s] Installing keyboard script to /home/grumpy/dd2419_ws_Group5_2026/install/learning_tf2_py/lib/learning_tf2_py
[1.395s] Installing pickup script to /home/grumpy/dd2419_ws_Group5_2026/install/learning_tf2_py/lib/learning_tf2_py
[1.395s] Installing pickup_hardcoded script to /home/grumpy/dd2419_ws_Group5_2026/install/learning_tf2_py/lib/learning_tf2_py
[1.395s] Installing random_nav script to /home/grumpy/dd2419_ws_Group5_2026/install/learning_tf2_py/lib/learning_tf2_py
[1.395s] Installing threading script to /home/grumpy/dd2419_ws_Group5_2026/install/learning_tf2_py/lib/learning_tf2_py
[1.395s] Installing timestamp script to /home/grumpy/dd2419_ws_Group5_2026/install/learning_tf2_py/lib/learning_tf2_py
[1.395s] 
[1.395s] Installed /home/grumpy/dd2419_ws_Group5_2026/build/learning_tf2_py
[1.395s] running install_data
[1.396s] copying resource/learning_tf2_py -> /home/grumpy/dd2419_ws_Group5_2026/install/learning_tf2_py/share/ament_index/resource_index/packages
[1.396s] copying package.xml -> /home/grumpy/dd2419_ws_Group5_2026/install/learning_tf2_py/share/learning_tf2_py
[1.427s] Invoked command in '/home/grumpy/dd2419_ws_Group5_2026/build/learning_tf2_py' returned '0': DEBUGINFOD_URLS=https://debuginfod.ubuntu.com PYTHONPATH=/home/grumpy/dd2419_ws_Group5_2026/build/learning_tf2_py/prefix_override:/home/grumpy/dd2419_ws_Group5_2026/install/learning_tf2_py/lib/python3.12/site-packages:${PYTHONPATH} /usr/bin/python3 setup.py develop --editable --build-directory /home/grumpy/dd2419_ws_Group5_2026/build/learning_tf2_py/build --no-deps install_data
