In file included from [01m[K/usr/include/features.h:502[m[K,
                 from [01m[K/usr/include/x86_64-linux-gnu/c++/13/bits/os_defines.h:39[m[K,
                 from [01m[K/usr/include/x86_64-linux-gnu/c++/13/bits/c++config.h:679[m[K,
                 from [01m[K/usr/include/c++/13/ctime:41[m[K,
                 from [01m[K/home/grumpy/dd2419_ws_Group5_2026/src/librealsense/third-party/easyloggingpp/src/easylogging++.h:354[m[K,
                 from [01m[K/home/grumpy/dd2419_ws_Group5_2026/src/librealsense/third-party/easyloggingpp/src/easylogging++.cc:17[m[K:
In function ‘[01m[Ksize_t[01;32m[K wcstombs[m[K(char*, const wchar_t*, size_t)[m[K’,
    inlined from ‘[01m[Kstatic char* el::base::utils::Str::[01;32m[KwcharPtrToCharPtr[m[K(const wchar_t*)[m[K’ at [01m[K/home/grumpy/dd2419_ws_Group5_2026/src/librealsense/third-party/easyloggingpp/src/easylogging++.cc:1022:16[m[K:
[01m[K/usr/include/x86_64-linux-gnu/bits/stdlib.h:146:10:[m[K [01;35m[Kwarning: [m[K‘[01m[Ksize_t[01;32m[K __wcstombs_alias[m[K(char*, const wchar_t*, size_t)[m[K’ specified size 18446744073709551614 exceeds maximum object size 9223372036854775807 [[01;35m[K]8;;https://gcc.gnu.org/onlinedocs/gcc/Warning-Options.html#index-Wstringop-overflow=-Wstringop-overflow=]8;;[m[K]
  146 |   return [01;35m[K__glibc_fortify[m[K (wcstombs, __len, sizeof (char),
      |          [01;35m[K^~~~~~~~~~~~~~~[m[K
[01m[K/usr/include/x86_64-linux-gnu/bits/stdlib.h:[m[K In static member function ‘[01m[Kstatic char* el::base::utils::Str::[01;32m[KwcharPtrToCharPtr[m[K(const wchar_t*)[m[K’:
[01m[K/usr/include/x86_64-linux-gnu/bits/stdlib.h:131:15:[m[K [01;36m[Knote: [m[Kin a call to function ‘[01m[Ksize_t[01;32m[K __wcstombs_alias[m[K(char*, const wchar_t*, size_t)[m[K’ declared with attribute ‘[01m[Kaccess (read_only, 2)[m[K’
  131 | extern size_t [01;36m[K__REDIRECT_NTH[m[K (__wcstombs_alias,
      |               [01;36m[K^~~~~~~~~~~~~~[m[K
In file included from [01m[K/usr/include/features.h:502[m[K,
                 from [01m[K/usr/include/x86_64-linux-gnu/c++/13/bits/os_defines.h:39[m[K,
                 from [01m[K/usr/include/x86_64-linux-gnu/c++/13/bits/c++config.h:679[m[K,
                 from [01m[K/usr/include/c++/13/ctime:41[m[K,
                 from [01m[K/home/grumpy/dd2419_ws_Group5_2026/src/librealsense/third-party/easyloggingpp/src/easylogging++.h:354[m[K,
                 from [01m[K/home/grumpy/dd2419_ws_Group5_2026/src/librealsense/third-party/easyloggingpp/src/easylogging++.cc:17[m[K:
In function ‘[01m[Ksize_t[01;32m[K wcstombs[m[K(char*, const wchar_t*, size_t)[m[K’,
    inlined from ‘[01m[Kstatic char* el::base::utils::Str::[01;32m[KwcharPtrToCharPtr[m[K(const wchar_t*)[m[K’ at [01m[K/home/grumpy/dd2419_ws_Group5_2026/src/librealsense/third-party/easyloggingpp/src/easylogging++.cc:1022:16[m[K:
[01m[K/usr/include/x86_64-linux-gnu/bits/stdlib.h:146:10:[m[K [01;35m[Kwarning: [m[K‘[01m[Ksize_t[01;32m[K __wcstombs_alias[m[K(char*, const wchar_t*, size_t)[m[K’ specified size 18446744073709551614 exceeds maximum object size 9223372036854775807 [[01;35m[K]8;;https://gcc.gnu.org/onlinedocs/gcc/Warning-Options.html#index-Wstringop-overflow=-Wstringop-overflow=]8;;[m[K]
  146 |   return [01;35m[K__glibc_fortify[m[K (wcstombs, __len, sizeof (char),
      |          [01;35m[K^~~~~~~~~~~~~~~[m[K
[01m[K/usr/include/x86_64-linux-gnu/bits/stdlib.h:[m[K In static member function ‘[01m[Kstatic char* el::base::utils::Str::[01;32m[KwcharPtrToCharPtr[m[K(const wchar_t*)[m[K’:
[01m[K/usr/include/x86_64-linux-gnu/bits/stdlib.h:131:15:[m[K [01;36m[Knote: [m[Kin a call to function ‘[01m[Ksize_t[01;32m[K __wcstombs_alias[m[K(char*, const wchar_t*, size_t)[m[K’ declared with attribute ‘[01m[Kaccess (read_only, 2)[m[K’
  131 | extern size_t [01;36m[K__REDIRECT_NTH[m[K (__wcstombs_alias,
      |               [01;36m[K^~~~~~~~~~~~~~[m[K
/usr/bin/ld: cannot find -ludev: No such file or directory
collect2: error: ld returned 1 exit status
gmake[2]: *** [CMakeFiles/realsense2.dir/build.make:2633: Release/librealsense2.so.2.57.5] Error 1
gmake[1]: *** [CMakeFiles/Makefile2:1115: CMakeFiles/realsense2.dir/all] Error 2
gmake: *** [Makefile:136: all] Error 2
