[ 12%] [1m[34mCreating directories for 'EP_libphidget22'[0m
[ 25%] [1m[34mPerforming download step (download, verify and extract) for 'EP_libphidget22'[0m
-- Downloading...
   dst='/home/grumpy/dd2419_ws_Group5_2026/src/build/libphidget22/EP_libphidget22-prefix/src/libphidget22-1.19.20240304.tar.gz'
   timeout='none'
   inactivity timeout='none'
-- Using src='https://www.phidgets.com/downloads/phidget22/libraries/linux/libphidget22/libphidget22-1.19.20240304.tar.gz'
-- [download 1% complete]
-- [download 3% complete]
-- [download 4% complete]
-- [download 5% complete]
-- [download 6% complete]
-- [download 7% complete]
-- [download 9% complete]
-- [download 10% complete]
-- [download 11% complete]
-- [download 13% complete]
-- [download 14% complete]
-- [download 16% complete]
-- [download 17% complete]
-- [download 18% complete]
-- [download 20% complete]
-- [download 21% complete]
-- [download 22% complete]
-- [download 23% complete]
-- [download 24% complete]
-- [download 26% complete]
-- [download 28% complete]
-- [download 29% complete]
-- [download 30% complete]
-- [download 31% complete]
-- [download 32% complete]
-- [download 34% complete]
-- [download 35% complete]
-- [download 36% complete]
-- [download 38% complete]
-- [download 39% complete]
-- [download 41% complete]
-- [download 43% complete]
-- [download 44% complete]
-- [download 45% complete]
-- [download 47% complete]
-- [download 48% complete]
-- [download 49% complete]
-- [download 50% complete]
-- [download 51% complete]
-- [download 53% complete]
-- [download 54% complete]
-- [download 55% complete]
-- [download 57% complete]
-- [download 58% complete]
-- [download 59% complete]
-- [download 60% complete]
-- [download 61% complete]
-- [download 63% complete]
-- [download 64% complete]
-- [download 66% complete]
-- [download 67% complete]
-- [download 68% complete]
-- [download 70% complete]
-- [download 71% complete]
-- [download 72% complete]
-- [download 73% complete]
-- [download 74% complete]
-- [download 76% complete]
-- [download 77% complete]
-- [download 78% complete]
-- [download 79% complete]
-- [download 80% complete]
-- [download 82% complete]
-- [download 83% complete]
-- [download 84% complete]
-- [download 86% complete]
-- [download 87% complete]
-- [download 88% complete]
-- [download 90% complete]
-- [download 91% complete]
-- [download 93% complete]
-- [download 94% complete]
-- [download 95% complete]
-- [download 97% complete]
-- [download 98% complete]
-- [download 99% complete]
-- [download 100% complete]
-- verifying file...
       file='/home/grumpy/dd2419_ws_Group5_2026/src/build/libphidget22/EP_libphidget22-prefix/src/libphidget22-1.19.20240304.tar.gz'
-- Downloading... done
-- extracting...
     src='/home/grumpy/dd2419_ws_Group5_2026/src/build/libphidget22/EP_libphidget22-prefix/src/libphidget22-1.19.20240304.tar.gz'
     dst='/home/grumpy/dd2419_ws_Group5_2026/src/build/libphidget22/libphidget22-src'
-- extracting... [tar xf]
-- extracting... [analysis]
-- extracting... [rename]
-- extracting... [clean up]
-- extracting... done
[ 37%] [1m[34mNo update step for 'EP_libphidget22'[0m
[ 50%] [1m[34mNo patch step for 'EP_libphidget22'[0m
[ 62%] [1m[34mPerforming configure step for 'EP_libphidget22'[0m
checking for a BSD-compatible install... /usr/bin/install -c
checking whether build environment is sane... yes
checking for a race-free mkdir -p... /usr/bin/mkdir -p
checking for gawk... no
checking for mawk... mawk
checking whether make sets $(MAKE)... yes
checking whether make supports nested variables... yes
checking whether make supports the include directive... yes (GNU style)
checking for gcc... gcc
checking whether the C compiler works... yes
checking for C compiler default output file name... a.out
checking for suffix of executables... 
checking whether we are cross compiling... no
checking for suffix of object files... o
checking whether the compiler supports GNU C... yes
checking whether gcc accepts -g... yes
checking for gcc option to enable C11 features... none needed
checking whether gcc understands -c and -o together... yes
checking dependency style of gcc... gcc3
checking for ar... ar
checking the archiver (ar) interface... ar
checking build system type... x86_64-pc-linux-gnu
checking host system type... x86_64-pc-linux-gnu
checking how to print strings... printf
checking for a sed that does not truncate output... /usr/bin/sed
checking for grep that handles long lines and -e... /usr/bin/grep
checking for egrep... /usr/bin/grep -E
checking for fgrep... /usr/bin/grep -F
checking for ld used by gcc... /usr/bin/ld
checking if the linker (/usr/bin/ld) is GNU ld... yes
checking for BSD- or MS-compatible name lister (nm)... /usr/bin/nm -B
checking the name lister (/usr/bin/nm -B) interface... BSD nm
checking whether ln -s works... yes
checking the maximum length of command line arguments... 1572864
checking how to convert x86_64-pc-linux-gnu file names to x86_64-pc-linux-gnu format... func_convert_file_noop
checking how to convert x86_64-pc-linux-gnu file names to toolchain format... func_convert_file_noop
checking for /usr/bin/ld option to reload object files... -r
checking for objdump... objdump
checking how to recognize dependent libraries... pass_all
checking for dlltool... no
checking how to associate runtime and link libraries... printf %s\n
checking for archiver @FILE support... @
checking for strip... strip
checking for ranlib... ranlib
checking command to parse /usr/bin/nm -B output from gcc object... ok
checking for sysroot... no
checking for a working dd... /usr/bin/dd
checking how to truncate binary pipes... /usr/bin/dd bs=4096 count=1
checking for mt... mt
checking if mt is a manifest tool... no
checking for stdio.h... yes
checking for stdlib.h... yes
checking for string.h... yes
checking for inttypes.h... yes
checking for stdint.h... yes
checking for strings.h... yes
checking for sys/stat.h... yes
checking for sys/types.h... yes
checking for unistd.h... yes
checking for dlfcn.h... yes
checking for objdir... .libs
checking if gcc supports -fno-rtti -fno-exceptions... no
checking for gcc option to produce PIC... -fPIC -DPIC
checking if gcc PIC flag -fPIC -DPIC works... yes
checking if gcc static flag -static works... yes
checking if gcc supports -c -o file.o... yes
checking if gcc supports -c -o file.o... (cached) yes
checking whether the gcc linker (/usr/bin/ld -m elf_x86_64) supports shared libraries... yes
checking whether -lc should be explicitly linked in... no
checking dynamic linker characteristics... GNU/Linux ld.so
checking how to hardcode library paths into programs... immediate
checking whether stripping libraries is possible... yes
checking if libtool supports shared libraries... yes
checking whether to build shared libraries... yes
checking whether to build static libraries... yes
checking whether make supports nested variables... (cached) yes
checking whether byte ordering is bigendian... no
checking for ldconfig... /sbin/ldconfig
checking for library containing dlopen... none required
checking for library containing sqrt... -lm
checking for library containing pthread_create... none required
configure: error: Missing libusb!
checking for library containing libusb_init... no
gmake[2]: *** [CMakeFiles/EP_libphidget22.dir/build.make:92: EP_libphidget22-prefix/src/EP_libphidget22-stamp/EP_libphidget22-configure] Error 1
gmake[1]: *** [CMakeFiles/Makefile2:153: CMakeFiles/EP_libphidget22.dir/all] Error 2
gmake: *** [Makefile:146: all] Error 2
