[0.648s] Invoking command in '/home/grumpy/dd2419_ws_Group5_2026/src/grumpy_navigation_py': DEBUGINFOD_URLS=https://debuginfod.ubuntu.com PIXI_PROMPT=(dd2419_ws) PS1=(dd2419_ws) ${debian_chroot:+($debian_chroot)}\u@\h:\w\$ PYTHONPATH=/home/grumpy/dd2419_ws_Group5_2026/build/grumpy_navigation_py/prefix_override:/home/grumpy/dd2419_ws_Group5_2026/install/grumpy_navigation_py/lib/python3.12/site-packages:${PYTHONPATH} /usr/bin/python3 setup.py egg_info --egg-base ../../build/grumpy_navigation_py build --build-base /home/grumpy/dd2419_ws_Group5_2026/build/grumpy_navigation_py/build install --record /home/grumpy/dd2419_ws_Group5_2026/build/grumpy_navigation_py/install.log --single-version-externally-managed
[0.831s] running egg_info
[0.845s] writing ../../build/grumpy_navigation_py/grumpy_navigation_py.egg-info/PKG-INFO
[0.845s] writing dependency_links to ../../build/grumpy_navigation_py/grumpy_navigation_py.egg-info/dependency_links.txt
[0.845s] writing entry points to ../../build/grumpy_navigation_py/grumpy_navigation_py.egg-info/entry_points.txt
[0.846s] writing requirements to ../../build/grumpy_navigation_py/grumpy_navigation_py.egg-info/requires.txt
[0.846s] writing top-level names to ../../build/grumpy_navigation_py/grumpy_navigation_py.egg-info/top_level.txt
[0.875s] reading manifest file '../../build/grumpy_navigation_py/grumpy_navigation_py.egg-info/SOURCES.txt'
[0.876s] writing manifest file '../../build/grumpy_navigation_py/grumpy_navigation_py.egg-info/SOURCES.txt'
[0.876s] running build
[0.876s] running build_py
[0.876s] copying grumpy_navigation_py/controller_node.py -> /home/grumpy/dd2419_ws_Group5_2026/build/grumpy_navigation_py/build/lib/grumpy_navigation_py
[0.876s] copying grumpy_navigation_py/planner_node.py -> /home/grumpy/dd2419_ws_Group5_2026/build/grumpy_navigation_py/build/lib/grumpy_navigation_py
[0.876s] copying grumpy_navigation_py/__init__.py -> /home/grumpy/dd2419_ws_Group5_2026/build/grumpy_navigation_py/build/lib/grumpy_navigation_py
[0.876s] copying grumpy_navigation_py/path_controller_node.py -> /home/grumpy/dd2419_ws_Group5_2026/build/grumpy_navigation_py/build/lib/grumpy_navigation_py
[0.877s] copying grumpy_navigation_py/simple_planner_node.py -> /home/grumpy/dd2419_ws_Group5_2026/build/grumpy_navigation_py/build/lib/grumpy_navigation_py
[0.877s] running install
[0.877s] /home/grumpy/dd2419_ws_Group5_2026/.pixi/envs/default/lib/python3.12/site-packages/setuptools/_distutils/cmd.py:90: SetuptoolsDeprecationWarning: setup.py install is deprecated.
[0.877s] !!
[0.877s] 
[0.877s]         ********************************************************************************
[0.877s]         Please avoid running ``setup.py`` directly.
[0.877s]         Instead, use pypa/build, pypa/installer or other
[0.877s]         standards-based tools.
[0.877s] 
[0.877s]         See https://blog.ganssle.io/articles/2021/10/setup-py-deprecated.html for details.
[0.877s]         ********************************************************************************
[0.877s] 
[0.877s] !!
[0.877s]   self.initialize_options()
[0.881s] running install_lib
[0.895s] copying /home/grumpy/dd2419_ws_Group5_2026/build/grumpy_navigation_py/build/lib/grumpy_navigation_py/path_controller_node.py -> /home/grumpy/dd2419_ws_Group5_2026/install/grumpy_navigation_py/lib/python3.12/site-packages/grumpy_navigation_py
[0.895s] byte-compiling /home/grumpy/dd2419_ws_Group5_2026/install/grumpy_navigation_py/lib/python3.12/site-packages/grumpy_navigation_py/path_controller_node.py to path_controller_node.cpython-312.pyc
[0.897s] running install_data
[0.911s] copying resource/grumpy_navigation_py -> /home/grumpy/dd2419_ws_Group5_2026/install/grumpy_navigation_py/share/ament_index/resource_index/packages
[0.911s] copying package.xml -> /home/grumpy/dd2419_ws_Group5_2026/install/grumpy_navigation_py/share/grumpy_navigation_py
[0.911s] copying launch/nav.launch.py -> /home/grumpy/dd2419_ws_Group5_2026/install/grumpy_navigation_py/share/grumpy_navigation_py/launch
[0.911s] running install_egg_info
[0.925s] removing '/home/grumpy/dd2419_ws_Group5_2026/install/grumpy_navigation_py/lib/python3.12/site-packages/grumpy_navigation_py-0.0.0-py3.12.egg-info' (and everything under it)
[0.925s] Copying ../../build/grumpy_navigation_py/grumpy_navigation_py.egg-info to /home/grumpy/dd2419_ws_Group5_2026/install/grumpy_navigation_py/lib/python3.12/site-packages/grumpy_navigation_py-0.0.0-py3.12.egg-info
[0.926s] running install_scripts
[0.995s] Installing controller script to /home/grumpy/dd2419_ws_Group5_2026/install/grumpy_navigation_py/lib/grumpy_navigation_py
[0.995s] Installing planner script to /home/grumpy/dd2419_ws_Group5_2026/install/grumpy_navigation_py/lib/grumpy_navigation_py
[0.995s] writing list of installed files to '/home/grumpy/dd2419_ws_Group5_2026/build/grumpy_navigation_py/install.log'
[1.017s] Invoked command in '/home/grumpy/dd2419_ws_Group5_2026/src/grumpy_navigation_py' returned '0': DEBUGINFOD_URLS=https://debuginfod.ubuntu.com PIXI_PROMPT=(dd2419_ws) PS1=(dd2419_ws) ${debian_chroot:+($debian_chroot)}\u@\h:\w\$ PYTHONPATH=/home/grumpy/dd2419_ws_Group5_2026/build/grumpy_navigation_py/prefix_override:/home/grumpy/dd2419_ws_Group5_2026/install/grumpy_navigation_py/lib/python3.12/site-packages:${PYTHONPATH} /usr/bin/python3 setup.py egg_info --egg-base ../../build/grumpy_navigation_py build --build-base /home/grumpy/dd2419_ws_Group5_2026/build/grumpy_navigation_py/build install --record /home/grumpy/dd2419_ws_Group5_2026/build/grumpy_navigation_py/install.log --single-version-externally-managed
