-- The CXX compiler identification is GNU 13.3.0
-- The C compiler identification is GNU 13.3.0
-- Detecting CXX compiler ABI info
-- Detecting CXX compiler ABI info - done
-- Check for working CXX compiler: /usr/bin/c++ - skipped
-- Detecting CXX compile features
-- Detecting CXX compile features - done
-- Detecting C compiler ABI info
-- Detecting C compiler ABI info - done
-- Check for working C compiler: /usr/bin/cc - skipped
-- Detecting C compile features
-- Detecting C compile features - done
-- Checking internet connection...
-- Internet connection identified
-- Info: REALSENSE_VERSION_STRING=2.57.5
-- Setting Unix configurations
-- No output directory set; using /home/grumpy/dd2419_ws_Group5_2026/src/build/librealsense2/Release/
-- using RS2_USE_V4L2_BACKEND
-- Found usb: /home/grumpy/dd2419_ws_Group5_2026/.pixi/envs/default/lib/libusb-1.0.so
-- Found PkgConfig: /home/grumpy/dd2419_ws_Group5_2026/.pixi/envs/default/bin/pkg-config (found version "0.29.2")
-- Checking for module 'libudev'
--   Found libudev, version 257
-- Found Udev: /home/grumpy/dd2419_ws_Group5_2026/.pixi/envs/default/include
-- Fetching nlohmann/json...
CMake Deprecation Warning at CMakeLists.txt:1 (cmake_minimum_required):
  Compatibility with CMake < 3.10 will be removed from a future version of
  CMake.

  Update the VERSION argument <min> value.  Or, use the <min>...<max> syntax
  to tell CMake that the project requires at least <min> but has been updated
  to work with policies introduced by <max> or earlier.


Cloning into 'json'...
-- Using the multi-header code from /home/grumpy/dd2419_ws_Group5_2026/src/build/librealsense2/third-party/json/include/
-- Fetching nlohmann/json - Done
-- Found OpenGL: /home/grumpy/dd2419_ws_Group5_2026/.pixi/envs/default/lib/libOpenGL.so
-- Found Threads: TRUE
-- Fetching recommended firmwares:
-- disable link time optimization for fw project
-- ... https://librealsense.intel.com/Releases/RS4xx/FW/D4XX_FW_Image-5.17.0.10.bin
-- Downloaded firmware D4XX_FW_Image-5.17.0.10.bin
-- Configuring done (3.2s)
-- Generating done (0.1s)
-- Build files have been written to: /home/grumpy/dd2419_ws_Group5_2026/src/build/librealsense2
