[0.137s] Invoking command in '/home/grumpy/dd2419_ws_Group5_2026/src/build/librealsense2': CMAKE_PREFIX_PATH=/home/grumpy/dd2419_ws_Group5_2026/.pixi/envs/default DEBUGINFOD_URLS=https://debuginfod.ubuntu.com PIXI_PROMPT=(dd2419_ws) PS1=(dd2419_ws) \[\e]0;\u@\h: \w\a\]${debian_chroot:+($debian_chroot)}\[\033[01;32m\]\u@\h\[\033[00m\]:\[\033[01;34m\]\w\[\033[00m\]\$ /home/grumpy/dd2419_ws_Group5_2026/.pixi/envs/default/bin/cmake /home/grumpy/dd2419_ws_Group5_2026/src/librealsense -DCMAKE_INSTALL_PREFIX=/home/grumpy/dd2419_ws_Group5_2026/src/install/librealsense2
[0.843s] -- The CXX compiler identification is GNU 13.3.0
[0.843s] -- The C compiler identification is GNU 13.3.0
[0.843s] -- Detecting CXX compiler ABI info
[0.843s] -- Detecting CXX compiler ABI info - done
[0.843s] -- Check for working CXX compiler: /usr/bin/c++ - skipped
[0.843s] -- Detecting CXX compile features
[0.843s] -- Detecting CXX compile features - done
[0.843s] -- Detecting C compiler ABI info
[0.843s] -- Detecting C compiler ABI info - done
[0.843s] -- Check for working C compiler: /usr/bin/cc - skipped
[0.844s] -- Detecting C compile features
[0.844s] -- Detecting C compile features - done
[0.844s] -- Checking internet connection...
[0.844s] -- Internet connection identified
[0.844s] -- Info: REALSENSE_VERSION_STRING=2.57.5
[0.844s] -- Setting Unix configurations
[0.844s] -- No output directory set; using /home/grumpy/dd2419_ws_Group5_2026/src/build/librealsense2/Release/
[0.844s] -- using RS2_USE_V4L2_BACKEND
[0.844s] -- Found usb: /home/grumpy/dd2419_ws_Group5_2026/.pixi/envs/default/lib/libusb-1.0.so
[0.844s] -- Found PkgConfig: /home/grumpy/dd2419_ws_Group5_2026/.pixi/envs/default/bin/pkg-config (found version "0.29.2")
[0.844s] -- Checking for module 'libudev'
[0.871s] --   Found libudev, version 257
[1.010s] -- Found Udev: /home/grumpy/dd2419_ws_Group5_2026/.pixi/envs/default/include
[1.016s] -- Fetching nlohmann/json...
[1.021s] CMake Deprecation Warning at CMakeLists.txt:1 (cmake_minimum_required):
[1.021s]   Compatibility with CMake < 3.10 will be removed from a future version of
[1.021s]   CMake.
[1.021s] 
[1.021s]   Update the VERSION argument <min> value.  Or, use the <min>...<max> syntax
[1.021s]   to tell CMake that the project requires at least <min> but has been updated
[1.021s]   to work with policies introduced by <max> or earlier.
[1.021s] 
[1.022s] 
[1.083s] Cloning into 'json'...
[2.812s] -- Using the multi-header code from /home/grumpy/dd2419_ws_Group5_2026/src/build/librealsense2/third-party/json/include/
[2.812s] -- Fetching nlohmann/json - Done
[2.888s] -- Found OpenGL: /home/grumpy/dd2419_ws_Group5_2026/.pixi/envs/default/lib/libOpenGL.so
[2.901s] -- Found Threads: TRUE
[2.920s] -- Fetching recommended firmwares:
[2.920s] -- disable link time optimization for fw project
[2.920s] -- ... https://librealsense.intel.com/Releases/RS4xx/FW/D4XX_FW_Image-5.17.0.10.bin
[3.190s] -- Downloaded firmware D4XX_FW_Image-5.17.0.10.bin
[3.297s] -- Configuring done (3.2s)
[3.432s] -- Generating done (0.1s)
[3.433s] -- Build files have been written to: /home/grumpy/dd2419_ws_Group5_2026/src/build/librealsense2
